Using pre-set license
Built from '6000.0/release' branch; Version is '6000.0.43f1 (97272b72f107) revision 9905963'; Using compiler version '193933523'; Build Type 'Release'
OS: 'Windows 11  (10.0.26100) 64bit CoreSingleLanguage' Language: 'en' Physical Memory: 15610 MB
BatchMode: 1, IsHumanControllingUs: 0, StartBugReporterOnCrash: 0, Is64bit: 1, IsPro: 1

COMMAND LINE ARGUMENTS:
D:\Apps\Editor\6000.0.43f1\Editor\Unity.exe
-adb2
-batchMode
-noUpm
-name
AssetImportWorker3
-projectPath
D:/Study/Code/Projects/DA_LTMCB/ExplodingKittens
-logFile
Logs/AssetImportWorker3.log
-srvPort
55656
-job-worker-count
7
-background-job-worker-count
8
-gc-helper-count
1
Successfully changed project path to: D:/Study/Code/Projects/DA_LTMCB/ExplodingKittens
D:/Study/Code/Projects/DA_LTMCB/ExplodingKittens
[UnityMemory] Configuration Parameters - Can be set up in boot.config
    "memorysetup-bucket-allocator-granularity=16"
    "memorysetup-bucket-allocator-bucket-count=8"
    "memorysetup-bucket-allocator-block-size=33554432"
    "memorysetup-bucket-allocator-block-count=8"
    "memorysetup-main-allocator-block-size=16777216"
    "memorysetup-thread-allocator-block-size=16777216"
    "memorysetup-gfx-main-allocator-block-size=16777216"
    "memorysetup-gfx-thread-allocator-block-size=16777216"
    "memorysetup-cache-allocator-block-size=4194304"
    "memorysetup-typetree-allocator-block-size=2097152"
    "memorysetup-profiler-bucket-allocator-granularity=16"
    "memorysetup-profiler-bucket-allocator-bucket-count=8"
    "memorysetup-profiler-bucket-allocator-block-size=33554432"
    "memorysetup-profiler-bucket-allocator-block-count=8"
    "memorysetup-profiler-allocator-block-size=16777216"
    "memorysetup-profiler-editor-allocator-block-size=1048576"
    "memorysetup-temp-allocator-size-main=16777216"
    "memorysetup-job-temp-allocator-block-size=2097152"
    "memorysetup-job-temp-allocator-block-size-background=1048576"
    "memorysetup-job-temp-allocator-reduction-small-platforms=262144"
    "memorysetup-allocator-temp-initial-block-size-main=262144"
    "memorysetup-allocator-temp-initial-block-size-worker=262144"
    "memorysetup-temp-allocator-size-background-worker=32768"
    "memorysetup-temp-allocator-size-job-worker=262144"
    "memorysetup-temp-allocator-size-preload-manager=33554432"
    "memorysetup-temp-allocator-size-nav-mesh-worker=65536"
    "memorysetup-temp-allocator-size-audio-worker=65536"
    "memorysetup-temp-allocator-size-cloud-worker=32768"
    "memorysetup-temp-allocator-size-gi-baking-worker=262144"
    "memorysetup-temp-allocator-size-gi-baking-worker=262144"
    "memorysetup-temp-allocator-size-gi-baking-worker=262144"
    "memorysetup-temp-allocator-size-gi-baking-worker=262144"
    "memorysetup-temp-allocator-size-gi-baking-worker=262144"
    "memorysetup-temp-allocator-size-gfx=262144"
Player connection [25452]  Target information:

Player connection [25452]  * "[IP] 192.168.56.1 [Port] 0 [Flags] 2 [Guid] 1209993776 [EditorId] 1209993776 [Version] 1048832 [Id] WindowsEditor(7,TUFA15) [Debug] 1 [PackageName] WindowsEditor [ProjectName] Editor" 

Player connection [25452]  * "[IP] 192.168.1.7 [Port] 0 [Flags] 2 [Guid] 1209993776 [EditorId] 1209993776 [Version] 1048832 [Id] WindowsEditor(7,TUFA15) [Debug] 1 [PackageName] WindowsEditor [ProjectName] Editor" 

Player connection [25452] Host joined multi-casting on [225.0.0.222:54997]...
Player connection [25452] Host joined alternative multi-casting on [225.0.0.222:34997]...
JobSystem: Creating JobQueue using job-worker-count value 7
Input System module state changed to: Initialized.
[Physics::Module] Initialized fallback backend.
[Physics::Module] Id: 0xdecafbad
Library Redirect Path: Library/
[Physics::Module] Selected backend.
[Physics::Module] Name: PhysX
[Physics::Module] Id: 0xf2b8ea05
[Physics::Module] SDK Version: 4.1.2
[Physics::Module] Integration Version: 1.0.0
[Physics::Module] Threading Mode: Multi-Threaded
Refreshing native plugins compatible for Editor in 245.88 ms, found 4 plugins.
Preloading 0 native plugins for Editor in 0.00 ms.
Initialize engine version: 6000.0.43f1 (97272b72f107)
[Subsystems] Discovering subsystems at path D:/Apps/Editor/6000.0.43f1/Editor/Data/Resources/UnitySubsystems
[Subsystems] Discovering subsystems at path D:/Study/Code/Projects/DA_LTMCB/ExplodingKittens/Assets
GfxDevice: creating device client; kGfxThreadingModeNonThreaded
Direct3D:
    Version:  Direct3D 11.0 [level 11.1]
    Renderer: NVIDIA GeForce RTX 4050 Laptop GPU (ID=0x28e1)
    Vendor:   NVIDIA
    VRAM:     5921 MB
    Driver:   32.0.15.7283
Initialize mono
Mono path[0] = 'D:/Apps/Editor/6000.0.43f1/Editor/Data/Managed'
Mono path[1] = 'D:/Apps/Editor/6000.0.43f1/Editor/Data/MonoBleedingEdge/lib/mono/unityjit-win32'
Mono config path = 'D:/Apps/Editor/6000.0.43f1/Editor/Data/MonoBleedingEdge/etc'
Using monoOptions --debugger-agent=transport=dt_socket,embedding=1,server=y,suspend=n,address=127.0.0.1:56780
Begin MonoManager ReloadAssembly
Registering precompiled unity dll's ...
Register platform support module: D:/Apps/Editor/6000.0.43f1/Editor/Data/PlaybackEngines/WebGLSupport/UnityEditor.WebGL.Extensions.dll
Register platform support module: D:/Apps/Editor/6000.0.43f1/Editor/Data/PlaybackEngines/WindowsStandaloneSupport/UnityEditor.WindowsStandalone.Extensions.dll
Registered in 0.627870 seconds.
- Loaded All Assemblies, in  6.679 seconds
Native extension for WindowsStandalone target not found
Native extension for WebGL target not found
Mono: successfully reloaded assembly
- Finished resetting the current domain, in  0.397 seconds
Domain Reload Profiling: 7077ms
	BeginReloadAssembly (3592ms)
		ExecutionOrderSort (0ms)
		DisableScriptedObjects (0ms)
		BackupInstance (0ms)
		ReleaseScriptingObjects (0ms)
		CreateAndSetChildDomain (1ms)
	RebuildCommonClasses (709ms)
	RebuildNativeTypeToScriptingClass (9ms)
	initialDomainReloadingComplete (666ms)
	LoadAllAssembliesAndSetupDomain (1702ms)
		LoadAssemblies (3599ms)
		RebuildTransferFunctionScriptingTraits (0ms)
		AnalyzeDomain (1692ms)
			TypeCache.Refresh (1691ms)
				TypeCache.ScanAssembly (1255ms)
			BuildScriptInfoCaches (0ms)
			ResolveRequiredComponents (0ms)
	FinalizeReload (398ms)
		ReleaseScriptCaches (0ms)
		RebuildScriptCaches (0ms)
		SetupLoadedEditorAssemblies (352ms)
			LogAssemblyErrors (0ms)
			InitializePlatformSupportModulesInManaged (24ms)
			SetLoadedEditorAssemblies (7ms)
			BeforeProcessingInitializeOnLoad (63ms)
			ProcessInitializeOnLoadAttributes (181ms)
			ProcessInitializeOnLoadMethodAttributes (76ms)
			AfterProcessingInitializeOnLoad (0ms)
			EditorAssembliesLoaded (0ms)
		ExecutionOrderSort2 (0ms)
		AwakeInstancesAfterBackupRestoration (0ms)
========================================================================
Worker process is ready to serve import requests
Import Worker Mode flag is 0x00
Begin MonoManager ReloadAssembly
- Loaded All Assemblies, in 13.462 seconds
Refreshing native plugins compatible for Editor in 1.05 ms, found 4 plugins.
Native extension for WindowsStandalone target not found
Native extension for WebGL target not found
Mono: successfully reloaded assembly
- Finished resetting the current domain, in  1.065 seconds
Domain Reload Profiling: 14526ms
	BeginReloadAssembly (190ms)
		ExecutionOrderSort (0ms)
		DisableScriptedObjects (6ms)
		BackupInstance (0ms)
		ReleaseScriptingObjects (0ms)
		CreateAndSetChildDomain (41ms)
	RebuildCommonClasses (44ms)
	RebuildNativeTypeToScriptingClass (12ms)
	initialDomainReloadingComplete (42ms)
	LoadAllAssembliesAndSetupDomain (13172ms)
		LoadAssemblies (12438ms)
		RebuildTransferFunctionScriptingTraits (0ms)
		AnalyzeDomain (846ms)
			TypeCache.Refresh (782ms)
				TypeCache.ScanAssembly (708ms)
			BuildScriptInfoCaches (52ms)
			ResolveRequiredComponents (9ms)
	FinalizeReload (1066ms)
		ReleaseScriptCaches (0ms)
		RebuildScriptCaches (0ms)
		SetupLoadedEditorAssemblies (597ms)
			LogAssemblyErrors (0ms)
			InitializePlatformSupportModulesInManaged (3ms)
			SetLoadedEditorAssemblies (4ms)
			BeforeProcessingInitializeOnLoad (97ms)
			ProcessInitializeOnLoadAttributes (371ms)
			ProcessInitializeOnLoadMethodAttributes (119ms)
			AfterProcessingInitializeOnLoad (2ms)
			EditorAssembliesLoaded (0ms)
		ExecutionOrderSort2 (0ms)
		AwakeInstancesAfterBackupRestoration (7ms)
Launched and connected shader compiler UnityShaderCompiler.exe after 0.01 seconds
Refreshing native plugins compatible for Editor in 1.24 ms, found 4 plugins.
Preloading 0 native plugins for Editor in 0.00 ms.
Unloading 206 Unused Serialized files (Serialized files now loaded: 0)
Unloading 6689 unused Assets / (4.7 MB). Loaded Objects now: 7416.
Memory consumption went from 185.2 MB to 180.5 MB.
Total: 8.358800 ms (FindLiveObjects: 0.811700 ms CreateObjectMapping: 0.488500 ms MarkObjects: 4.428700 ms  DeleteObjects: 2.628900 ms)

========================================================================
Received Import Request.
  Time since last request: 22931.313925 seconds.
  path: Assets/Violet Theme Ui/White Icons/White Water Droplet.png
  artifactKey: Guid(17c26c066b7bfca40b0158b6ccfeecae) Importer(815301076,1909f56bfc062723c751e8b465ee728b)
Start importing Assets/Violet Theme Ui/White Icons/White Water Droplet.png using Guid(17c26c066b7bfca40b0158b6ccfeecae) Importer(815301076,1909f56bfc062723c751e8b465ee728b) (PreviewImporter) -> (artifact id: '40b914ee9583fea44923733dd1476999') in 0.1045222 seconds
Number of updated asset objects reloaded before import = 0Number of asset objects unloaded after import = 3

========================================================================
Received Import Request.
  Time since last request: 0.876414 seconds.
  path: Assets/Violet Theme Ui/Colored Icons/Potion Violet.png
  artifactKey: Guid(56aebb836b0170347aec9555b2bf39b4) Importer(815301076,1909f56bfc062723c751e8b465ee728b)
Start importing Assets/Violet Theme Ui/Colored Icons/Potion Violet.png using Guid(56aebb836b0170347aec9555b2bf39b4) Importer(815301076,1909f56bfc062723c751e8b465ee728b) (PreviewImporter) -> (artifact id: '01e6ad348c4ccf9593763be82e94cda7') in 0.0196364 seconds
Number of updated asset objects reloaded before import = 0Number of asset objects unloaded after import = 3

========================================================================
Received Import Request.
  Time since last request: 0.000035 seconds.
  path: Assets/Violet Theme Ui/White Icons/PowerUp1.png
  artifactKey: Guid(12c7ee7a153b80e459933263e2a26be6) Importer(815301076,1909f56bfc062723c751e8b465ee728b)
Start importing Assets/Violet Theme Ui/White Icons/PowerUp1.png using Guid(12c7ee7a153b80e459933263e2a26be6) Importer(815301076,1909f56bfc062723c751e8b465ee728b) (PreviewImporter) -> (artifact id: '85a634c358ea6b9157ca20b3d4247d8f') in 0.0168172 seconds
Number of updated asset objects reloaded before import = 0Number of asset objects unloaded after import = 3

========================================================================
Received Import Request.
  Time since last request: 0.655958 seconds.
  path: Assets/Violet Theme Ui/Progress Bars/Progress Bar Blue.png
  artifactKey: Guid(6119f52e1327e7142ace21eddd69fe50) Importer(815301076,1909f56bfc062723c751e8b465ee728b)
Start importing Assets/Violet Theme Ui/Progress Bars/Progress Bar Blue.png using Guid(6119f52e1327e7142ace21eddd69fe50) Importer(815301076,1909f56bfc062723c751e8b465ee728b) (PreviewImporter) -> (artifact id: '1549e66a2e1ec3b628094c6855438d6b') in 0.0190738 seconds
Number of updated asset objects reloaded before import = 0Number of asset objects unloaded after import = 3

========================================================================
Received Import Request.
  Time since last request: 0.000016 seconds.
  path: Assets/Violet Theme Ui/Progress Bars/Progress Bar Pink.png
  artifactKey: Guid(bc5c9842ed20fb14eab8fca166a60f01) Importer(815301076,1909f56bfc062723c751e8b465ee728b)
Start importing Assets/Violet Theme Ui/Progress Bars/Progress Bar Pink.png using Guid(bc5c9842ed20fb14eab8fca166a60f01) Importer(815301076,1909f56bfc062723c751e8b465ee728b) (PreviewImporter) -> (artifact id: 'e59c318911813c4d2d36e494b9d4df15') in 0.0244753 seconds
Number of updated asset objects reloaded before import = 0Number of asset objects unloaded after import = 3

========================================================================
Received Import Request.
  Time since last request: 18.628390 seconds.
  path: Assets/Violet Theme Ui/Colored Icons/Store 2.png
  artifactKey: Guid(c1db3d1c6576a28499770b3b9fc946e3) Importer(815301076,1909f56bfc062723c751e8b465ee728b)
Start importing Assets/Violet Theme Ui/Colored Icons/Store 2.png using Guid(c1db3d1c6576a28499770b3b9fc946e3) Importer(815301076,1909f56bfc062723c751e8b465ee728b) (PreviewImporter) -> (artifact id: 'c78dff0cc0535db6214d731dbc905ac3') in 0.0298265 seconds
Number of updated asset objects reloaded before import = 0Number of asset objects unloaded after import = 3

========================================================================
Received Import Request.
  Time since last request: 5.700070 seconds.
  path: Assets/Violet Theme Ui/Colored Icons/Gold Lock.png
  artifactKey: Guid(38ddff12778ca354e99a1f645644de56) Importer(815301076,1909f56bfc062723c751e8b465ee728b)
Start importing Assets/Violet Theme Ui/Colored Icons/Gold Lock.png using Guid(38ddff12778ca354e99a1f645644de56) Importer(815301076,1909f56bfc062723c751e8b465ee728b) (PreviewImporter) -> (artifact id: '26c717ccc76c4b3da8d404f74b988fe3') in 0.0264159 seconds
Number of updated asset objects reloaded before import = 0Number of asset objects unloaded after import = 3

========================================================================
Received Import Request.
  Time since last request: 0.000020 seconds.
  path: Assets/Violet Theme Ui/Colored Icons/Hammer.png
  artifactKey: Guid(c83fa2ac472c64145a29bad9c05a9a50) Importer(815301076,1909f56bfc062723c751e8b465ee728b)
Start importing Assets/Violet Theme Ui/Colored Icons/Hammer.png using Guid(c83fa2ac472c64145a29bad9c05a9a50) Importer(815301076,1909f56bfc062723c751e8b465ee728b) (PreviewImporter) -> (artifact id: 'bc7ad63b53b6452a383703775fa39ab1') in 0.0232989 seconds
Number of updated asset objects reloaded before import = 0Number of asset objects unloaded after import = 3

========================================================================
Received Import Request.
  Time since last request: 0.000028 seconds.
  path: Assets/Violet Theme Ui/Sliders/Handle Green.png
  artifactKey: Guid(e0651aa178dd99b4ca94b6bcab5ed545) Importer(815301076,1909f56bfc062723c751e8b465ee728b)
Start importing Assets/Violet Theme Ui/Sliders/Handle Green.png using Guid(e0651aa178dd99b4ca94b6bcab5ed545) Importer(815301076,1909f56bfc062723c751e8b465ee728b) (PreviewImporter) -> (artifact id: '24b7857b99973ab4c67689b01df019ec') in 0.0225792 seconds
Number of updated asset objects reloaded before import = 0Number of asset objects unloaded after import = 3

========================================================================
Received Import Request.
  Time since last request: 1.150459 seconds.
  path: Assets/Violet Theme Ui/White Icons/White Battery Full.png
  artifactKey: Guid(abdf66134bde9074dbbdb17b30d8d5a2) Importer(815301076,1909f56bfc062723c751e8b465ee728b)
Start importing Assets/Violet Theme Ui/White Icons/White Battery Full.png using Guid(abdf66134bde9074dbbdb17b30d8d5a2) Importer(815301076,1909f56bfc062723c751e8b465ee728b) (PreviewImporter) -> (artifact id: '3afab9ace09f88cb1c58c5ffeea43310') in 0.0246214 seconds
Number of updated asset objects reloaded before import = 0Number of asset objects unloaded after import = 4

========================================================================
Received Import Request.
  Time since last request: 0.000030 seconds.
  path: Assets/Violet Theme Ui/White Icons/White Battery Half.png
  artifactKey: Guid(b8c37e2574275e84aa76ff34202f1b2c) Importer(815301076,1909f56bfc062723c751e8b465ee728b)
Start importing Assets/Violet Theme Ui/White Icons/White Battery Half.png using Guid(b8c37e2574275e84aa76ff34202f1b2c) Importer(815301076,1909f56bfc062723c751e8b465ee728b) (PreviewImporter) -> (artifact id: 'a32031b12bd79efa3b11d3753cf5a6b1') in 0.0209802 seconds
Number of updated asset objects reloaded before import = 0Number of asset objects unloaded after import = 4

========================================================================
Received Import Request.
  Time since last request: 255.173200 seconds.
  path: Assets/Cartoon_Texture_Pack/GRASS/GRASS_Dense/GRASS_Dense_Tint_01/Materials/Grass_Dense_Tint_01_Base_A.mat
  artifactKey: Guid(f9a94780aa94b7c4985400ab0bedcdbb) Importer(815301076,1909f56bfc062723c751e8b465ee728b)
Start importing Assets/Cartoon_Texture_Pack/GRASS/GRASS_Dense/GRASS_Dense_Tint_01/Materials/Grass_Dense_Tint_01_Base_A.mat using Guid(f9a94780aa94b7c4985400ab0bedcdbb) Importer(815301076,1909f56bfc062723c751e8b465ee728b) (PreviewImporter) -> (artifact id: '98f32aa5cc0572b735b4fd111cf01fd5') in 0.5214869 seconds
Number of updated asset objects reloaded before import = 0Number of asset objects unloaded after import = 6

========================================================================
Received Import Request.
  Time since last request: 0.000037 seconds.
  path: Assets/Cartoon_Texture_Pack/ROOF/ROOF_RoundTile_Flat/Materials/Roof_RoundTile_Flat_C.mat
  artifactKey: Guid(90bc802ac027a974196df98d652eac14) Importer(815301076,1909f56bfc062723c751e8b465ee728b)
Start importing Assets/Cartoon_Texture_Pack/ROOF/ROOF_RoundTile_Flat/Materials/Roof_RoundTile_Flat_C.mat using Guid(90bc802ac027a974196df98d652eac14) Importer(815301076,1909f56bfc062723c751e8b465ee728b) (PreviewImporter) -> (artifact id: '10d8eb6845e1f36f681fba3323e9ccd2') in 0.0224429 seconds
Number of updated asset objects reloaded before import = 0Number of asset objects unloaded after import = 6

========================================================================
Received Import Request.
  Time since last request: 0.000037 seconds.
  path: Assets/Cartoon_Texture_Pack/ROOF/ROOF_Hay/Materials/Roof_Hay.mat
  artifactKey: Guid(53fea407df5fd294393652dc76882d5e) Importer(815301076,1909f56bfc062723c751e8b465ee728b)
Start importing Assets/Cartoon_Texture_Pack/ROOF/ROOF_Hay/Materials/Roof_Hay.mat using Guid(53fea407df5fd294393652dc76882d5e) Importer(815301076,1909f56bfc062723c751e8b465ee728b) (PreviewImporter) -> (artifact id: 'bcb17f8cc31194182a545117a0481e59') in 0.0159228 seconds
Number of updated asset objects reloaded before import = 0Number of asset objects unloaded after import = 6

========================================================================
Received Import Request.
  Time since last request: 0.000040 seconds.
  path: Assets/Cartoon_Texture_Pack/ROOF/ROOF_RoundTile_Flat/Materials/UnderRoof_RoundTile_Flat_B.mat
  artifactKey: Guid(0ac1d4efb0b713643b46b554e3d2cca0) Importer(815301076,1909f56bfc062723c751e8b465ee728b)
Start importing Assets/Cartoon_Texture_Pack/ROOF/ROOF_RoundTile_Flat/Materials/UnderRoof_RoundTile_Flat_B.mat using Guid(0ac1d4efb0b713643b46b554e3d2cca0) Importer(815301076,1909f56bfc062723c751e8b465ee728b) (PreviewImporter) -> (artifact id: 'ebd196c1d5e1f96667b78fb958544b94') in 0.0161794 seconds
Number of updated asset objects reloaded before import = 0Number of asset objects unloaded after import = 6

========================================================================
Received Import Request.
  Time since last request: 0.000037 seconds.
  path: Assets/Cartoon_Texture_Pack/GRASS/GRASS_Flower/GRASS_Flower_Tint_02/Material/Grass_Flower_Tint_02_FlowerPurple_B.mat
  artifactKey: Guid(e4663e6603a7d1345804b95761dbd38f) Importer(815301076,1909f56bfc062723c751e8b465ee728b)
Start importing Assets/Cartoon_Texture_Pack/GRASS/GRASS_Flower/GRASS_Flower_Tint_02/Material/Grass_Flower_Tint_02_FlowerPurple_B.mat using Guid(e4663e6603a7d1345804b95761dbd38f) Importer(815301076,1909f56bfc062723c751e8b465ee728b) (PreviewImporter) -> (artifact id: '20a6169e38f59c0c90498efa87ae53bc') in 0.0151045 seconds
Number of updated asset objects reloaded before import = 0Number of asset objects unloaded after import = 6

========================================================================
Received Import Request.
  Time since last request: 0.000058 seconds.
  path: Assets/Cartoon_Texture_Pack/ROOF/ROOF_SquareTile_Flat/Materials/UnderRoof_SquareTile_Flat_C.mat
  artifactKey: Guid(6015400315f291e48aa54dfe395b0591) Importer(815301076,1909f56bfc062723c751e8b465ee728b)
Start importing Assets/Cartoon_Texture_Pack/ROOF/ROOF_SquareTile_Flat/Materials/UnderRoof_SquareTile_Flat_C.mat using Guid(6015400315f291e48aa54dfe395b0591) Importer(815301076,1909f56bfc062723c751e8b465ee728b) (PreviewImporter) -> (artifact id: '0f0d1517b6c4d2cb4952052739b3f6fb') in 0.0154684 seconds
Number of updated asset objects reloaded before import = 0Number of asset objects unloaded after import = 6

========================================================================
Received Import Request.
  Time since last request: 0.000026 seconds.
  path: Assets/Cartoon_Texture_Pack/ROOF/ROOF_RoundTile_Flat/Materials/Roof_RoundTile_Flat_A.mat
  artifactKey: Guid(b43f3882888509942afbbf97bc376413) Importer(815301076,1909f56bfc062723c751e8b465ee728b)
Start importing Assets/Cartoon_Texture_Pack/ROOF/ROOF_RoundTile_Flat/Materials/Roof_RoundTile_Flat_A.mat using Guid(b43f3882888509942afbbf97bc376413) Importer(815301076,1909f56bfc062723c751e8b465ee728b) (PreviewImporter) -> (artifact id: '4538dcd14fbfd9135668a5fd5a0d2ca8') in 0.0146245 seconds
Number of updated asset objects reloaded before import = 0Number of asset objects unloaded after import = 6

========================================================================
Received Import Request.
  Time since last request: 0.000033 seconds.
  path: Assets/Cartoon_Texture_Pack/ROCKS/ROCKS_Volcanic/Materials/Rocks_Volcanic_A.mat
  artifactKey: Guid(d9a95648e82caa7459f1106df0da4af2) Importer(815301076,1909f56bfc062723c751e8b465ee728b)
Start importing Assets/Cartoon_Texture_Pack/ROCKS/ROCKS_Volcanic/Materials/Rocks_Volcanic_A.mat using Guid(d9a95648e82caa7459f1106df0da4af2) Importer(815301076,1909f56bfc062723c751e8b465ee728b) (PreviewImporter) -> (artifact id: '5e83aa873b2c6eea965f0ee522863b8b') in 0.0159572 seconds
Number of updated asset objects reloaded before import = 0Number of asset objects unloaded after import = 6

========================================================================
Received Import Request.
  Time since last request: 0.000034 seconds.
  path: Assets/Cartoon_Texture_Pack/ROOF/ROOF_SquareTile_Bump/Materials/UnderRoof_SquareTile_Bump_D.mat
  artifactKey: Guid(e4c33958fe5233843aeb103ce1244bb2) Importer(815301076,1909f56bfc062723c751e8b465ee728b)
Start importing Assets/Cartoon_Texture_Pack/ROOF/ROOF_SquareTile_Bump/Materials/UnderRoof_SquareTile_Bump_D.mat using Guid(e4c33958fe5233843aeb103ce1244bb2) Importer(815301076,1909f56bfc062723c751e8b465ee728b) (PreviewImporter) -> (artifact id: 'e03192c425210204135554335508b703') in 0.0158174 seconds
Number of updated asset objects reloaded before import = 0Number of asset objects unloaded after import = 6

========================================================================
Received Import Request.
  Time since last request: 0.000048 seconds.
  path: Assets/Cartoon_Texture_Pack/ROOF/ROOF_SquareTile_Bump/Materials/Roof_SquareTile_Bump_B.mat
  artifactKey: Guid(1106203a3a01f624991504eb0837a5d8) Importer(815301076,1909f56bfc062723c751e8b465ee728b)
Start importing Assets/Cartoon_Texture_Pack/ROOF/ROOF_SquareTile_Bump/Materials/Roof_SquareTile_Bump_B.mat using Guid(1106203a3a01f624991504eb0837a5d8) Importer(815301076,1909f56bfc062723c751e8b465ee728b) (PreviewImporter) -> (artifact id: 'a721640211f1b814d9e73f4c4efe1c03') in 0.0161928 seconds
Number of updated asset objects reloaded before import = 0Number of asset objects unloaded after import = 6

========================================================================
Received Import Request.
  Time since last request: 0.000044 seconds.
  path: Assets/Cartoon_Texture_Pack/ROCKS/ROCKS_Volcanic/Materials/Rocks_Volcanic_B.mat
  artifactKey: Guid(3f532fd3bc3865a47b05fffc3fe2b8f7) Importer(815301076,1909f56bfc062723c751e8b465ee728b)
Start importing Assets/Cartoon_Texture_Pack/ROCKS/ROCKS_Volcanic/Materials/Rocks_Volcanic_B.mat using Guid(3f532fd3bc3865a47b05fffc3fe2b8f7) Importer(815301076,1909f56bfc062723c751e8b465ee728b) (PreviewImporter) -> (artifact id: '8ac92f9f98648cee1db25b0359d2dff6') in 0.0149765 seconds
Number of updated asset objects reloaded before import = 0Number of asset objects unloaded after import = 6

========================================================================
Received Import Request.
  Time since last request: 0.000025 seconds.
  path: Assets/Cartoon_Texture_Pack/GRASS/GRASS_Dense/GRASS_Dense_Tint_01/Materials/Grass_Dense_Tint_01_Leaves_A.mat
  artifactKey: Guid(91bf4af0f70ef3045a6215a4c90676dd) Importer(815301076,1909f56bfc062723c751e8b465ee728b)
Start importing Assets/Cartoon_Texture_Pack/GRASS/GRASS_Dense/GRASS_Dense_Tint_01/Materials/Grass_Dense_Tint_01_Leaves_A.mat using Guid(91bf4af0f70ef3045a6215a4c90676dd) Importer(815301076,1909f56bfc062723c751e8b465ee728b) (PreviewImporter) -> (artifact id: 'd77f5a94a04a770829e187ada53480a9') in 0.014191 seconds
Number of updated asset objects reloaded before import = 0Number of asset objects unloaded after import = 6

========================================================================
Received Import Request.
  Time since last request: 0.000030 seconds.
  path: Assets/Cartoon_Texture_Pack/ROOF/ROOF_SquareTile_Flat/Materials/Roof_SquareTile_Flat_A.mat
  artifactKey: Guid(144fe47696dff324183cdb22c3087eed) Importer(815301076,1909f56bfc062723c751e8b465ee728b)
Start importing Assets/Cartoon_Texture_Pack/ROOF/ROOF_SquareTile_Flat/Materials/Roof_SquareTile_Flat_A.mat using Guid(144fe47696dff324183cdb22c3087eed) Importer(815301076,1909f56bfc062723c751e8b465ee728b) (PreviewImporter) -> (artifact id: '54000e0061bb37ae81991604deb59f9f') in 0.0157008 seconds
Number of updated asset objects reloaded before import = 0Number of asset objects unloaded after import = 6

========================================================================
Received Import Request.
  Time since last request: 0.000045 seconds.
  path: Assets/Cartoon_Texture_Pack/GRASS/GRASS_Dense/GRASS_Dense_Tint_02/Materials/Grass_Dense_Tint_02_Base_B.mat
  artifactKey: Guid(78a1f99ebf53f0e499adaea8bea793c5) Importer(815301076,1909f56bfc062723c751e8b465ee728b)
Start importing Assets/Cartoon_Texture_Pack/GRASS/GRASS_Dense/GRASS_Dense_Tint_02/Materials/Grass_Dense_Tint_02_Base_B.mat using Guid(78a1f99ebf53f0e499adaea8bea793c5) Importer(815301076,1909f56bfc062723c751e8b465ee728b) (PreviewImporter) -> (artifact id: 'e0ba1c9e1bc24ced1688d24c18cc5dcc') in 0.0152383 seconds
Number of updated asset objects reloaded before import = 0Number of asset objects unloaded after import = 6

========================================================================
Received Import Request.
  Time since last request: 0.000038 seconds.
  path: Assets/Cartoon_Texture_Pack/WALLS/WALL_Bricks/Materials/Wall_Brick_A.mat
  artifactKey: Guid(57affabf9cc8f1443a25f2ff280d83a8) Importer(815301076,1909f56bfc062723c751e8b465ee728b)
Start importing Assets/Cartoon_Texture_Pack/WALLS/WALL_Bricks/Materials/Wall_Brick_A.mat using Guid(57affabf9cc8f1443a25f2ff280d83a8) Importer(815301076,1909f56bfc062723c751e8b465ee728b) (PreviewImporter) -> (artifact id: 'd8956efb83adb6bba77315a4d2d258f2') in 0.0145526 seconds
Number of updated asset objects reloaded before import = 0Number of asset objects unloaded after import = 6

========================================================================
Received Import Request.
  Time since last request: 0.000027 seconds.
  path: Assets/Cartoon_Texture_Pack/ROOF/ROOF_RoundTile_Bump/Materials/UnderRoof_RoundTile_Bump_A.mat
  artifactKey: Guid(6f66498e9b1c3b24eaddc0b5d10c2559) Importer(815301076,1909f56bfc062723c751e8b465ee728b)
Start importing Assets/Cartoon_Texture_Pack/ROOF/ROOF_RoundTile_Bump/Materials/UnderRoof_RoundTile_Bump_A.mat using Guid(6f66498e9b1c3b24eaddc0b5d10c2559) Importer(815301076,1909f56bfc062723c751e8b465ee728b) (PreviewImporter) -> (artifact id: '6bfa260b5ddf03d025b62cf2a4031c8e') in 0.0142978 seconds
Number of updated asset objects reloaded before import = 0Number of asset objects unloaded after import = 6

========================================================================
Received Import Request.
  Time since last request: 0.000039 seconds.
  path: Assets/Cartoon_Texture_Pack/GRASS/GRASS_Flower/GRASS_Flower_Tint_02/Material/Grass_Flower_Tint_02_FlowerBlue_B.mat
  artifactKey: Guid(42baaf87d7ee9524dabc246e0cdf08e7) Importer(815301076,1909f56bfc062723c751e8b465ee728b)
Start importing Assets/Cartoon_Texture_Pack/GRASS/GRASS_Flower/GRASS_Flower_Tint_02/Material/Grass_Flower_Tint_02_FlowerBlue_B.mat using Guid(42baaf87d7ee9524dabc246e0cdf08e7) Importer(815301076,1909f56bfc062723c751e8b465ee728b) (PreviewImporter) -> (artifact id: 'd5ef7c8305ba9c4387ea1993c63b5344') in 0.015428 seconds
Number of updated asset objects reloaded before import = 0Number of asset objects unloaded after import = 6

========================================================================
Received Import Request.
  Time since last request: 0.000024 seconds.
  path: Assets/Cartoon_Texture_Pack/WOOD/WOOD_Planks/Materials/Wood_Planks_B.mat
  artifactKey: Guid(0744bcab18e19e444b1498ebfd1b47b1) Importer(815301076,1909f56bfc062723c751e8b465ee728b)
Start importing Assets/Cartoon_Texture_Pack/WOOD/WOOD_Planks/Materials/Wood_Planks_B.mat using Guid(0744bcab18e19e444b1498ebfd1b47b1) Importer(815301076,1909f56bfc062723c751e8b465ee728b) (PreviewImporter) -> (artifact id: 'e33eaaed0e1da6a9d2bb22e59758b760') in 0.0147327 seconds
Number of updated asset objects reloaded before import = 0Number of asset objects unloaded after import = 6

========================================================================
Received Import Request.
  Time since last request: 0.000026 seconds.
  path: Assets/Cartoon_Texture_Pack/GRASS/GRASS_Flower/GRASS_Flower_Tint_02/Material/Grass_Flower_Tint_02_FlowerRed_B.mat
  artifactKey: Guid(d1264135f8ef85d4c8e48104847adcb2) Importer(815301076,1909f56bfc062723c751e8b465ee728b)
Start importing Assets/Cartoon_Texture_Pack/GRASS/GRASS_Flower/GRASS_Flower_Tint_02/Material/Grass_Flower_Tint_02_FlowerRed_B.mat using Guid(d1264135f8ef85d4c8e48104847adcb2) Importer(815301076,1909f56bfc062723c751e8b465ee728b) (PreviewImporter) -> (artifact id: 'a365523a7951e578f5daa6181b74d46f') in 0.014603 seconds
Number of updated asset objects reloaded before import = 0Number of asset objects unloaded after import = 6

========================================================================
Received Import Request.
  Time since last request: 0.000041 seconds.
  path: Assets/Cartoon_Texture_Pack/ROOF/ROOF_SquareTile_Bump/Materials/Roof_SquareTile_Bump_A.mat
  artifactKey: Guid(d335506cf4e3c274b9ff7d05b922cfb7) Importer(815301076,1909f56bfc062723c751e8b465ee728b)
Start importing Assets/Cartoon_Texture_Pack/ROOF/ROOF_SquareTile_Bump/Materials/Roof_SquareTile_Bump_A.mat using Guid(d335506cf4e3c274b9ff7d05b922cfb7) Importer(815301076,1909f56bfc062723c751e8b465ee728b) (PreviewImporter) -> (artifact id: '48c4087d3c629b74f00138ad7d77bba5') in 0.0139068 seconds
Number of updated asset objects reloaded before import = 0Number of asset objects unloaded after import = 6

========================================================================
Received Import Request.
  Time since last request: 0.000039 seconds.
  path: Assets/Cartoon_Texture_Pack/WOOD/WOOD_Plain/Materials/Wood_Plain_B.mat
  artifactKey: Guid(ca5f9003d85586d4d96ea25bf9f6bb44) Importer(815301076,1909f56bfc062723c751e8b465ee728b)
Start importing Assets/Cartoon_Texture_Pack/WOOD/WOOD_Plain/Materials/Wood_Plain_B.mat using Guid(ca5f9003d85586d4d96ea25bf9f6bb44) Importer(815301076,1909f56bfc062723c751e8b465ee728b) (PreviewImporter) -> (artifact id: '0e9e1e3cd60ca16a83c71c6d4df8f1b7') in 0.013753 seconds
Number of updated asset objects reloaded before import = 0Number of asset objects unloaded after import = 6

========================================================================
Received Import Request.
  Time since last request: 0.000046 seconds.
  path: Assets/Cartoon_Texture_Pack/ROOF/ROOF_SquareTile_Flat/Materials/Roof_SquareTile_Flat_B.mat
  artifactKey: Guid(9fd870e01760a154894d78adf657e82f) Importer(815301076,1909f56bfc062723c751e8b465ee728b)
Start importing Assets/Cartoon_Texture_Pack/ROOF/ROOF_SquareTile_Flat/Materials/Roof_SquareTile_Flat_B.mat using Guid(9fd870e01760a154894d78adf657e82f) Importer(815301076,1909f56bfc062723c751e8b465ee728b) (PreviewImporter) -> (artifact id: '3d90114efac298d65e52de3864a8f1ce') in 0.0164805 seconds
Number of updated asset objects reloaded before import = 0Number of asset objects unloaded after import = 6

========================================================================
Received Import Request.
  Time since last request: 0.000035 seconds.
  path: Assets/Cartoon_Texture_Pack/ROOF/ROOF_SquareTile_Bump/Materials/UnderRoof_SquareTile_Bump_C.mat
  artifactKey: Guid(fbd952719b7386047925608c8274c520) Importer(815301076,1909f56bfc062723c751e8b465ee728b)
Start importing Assets/Cartoon_Texture_Pack/ROOF/ROOF_SquareTile_Bump/Materials/UnderRoof_SquareTile_Bump_C.mat using Guid(fbd952719b7386047925608c8274c520) Importer(815301076,1909f56bfc062723c751e8b465ee728b) (PreviewImporter) -> (artifact id: 'd2dfb600ac46679ca353749e92d4f440') in 0.0145898 seconds
Number of updated asset objects reloaded before import = 0Number of asset objects unloaded after import = 6

========================================================================
Received Import Request.
  Time since last request: 0.000059 seconds.
  path: Assets/Cartoon_Texture_Pack/WALLS/WALL_Bricks/Materials/Wall_Brick_B.mat
  artifactKey: Guid(e429c8ff9e485574b8aa09ee44b4da19) Importer(815301076,1909f56bfc062723c751e8b465ee728b)
Start importing Assets/Cartoon_Texture_Pack/WALLS/WALL_Bricks/Materials/Wall_Brick_B.mat using Guid(e429c8ff9e485574b8aa09ee44b4da19) Importer(815301076,1909f56bfc062723c751e8b465ee728b) (PreviewImporter) -> (artifact id: '3965b41aaf08237c8a0b9eb7c669145e') in 0.0140203 seconds
Number of updated asset objects reloaded before import = 0Number of asset objects unloaded after import = 6

========================================================================
Received Import Request.
  Time since last request: 0.000036 seconds.
  path: Assets/Cartoon_Texture_Pack/GRASS/GRASS_Flower/GRASS_Flower_Tint_02/Material/Grass_Flower_Tint_02_FlowerBlue_A.mat
  artifactKey: Guid(0976037409d8b2d48b99864a5f749a7c) Importer(815301076,1909f56bfc062723c751e8b465ee728b)
Start importing Assets/Cartoon_Texture_Pack/GRASS/GRASS_Flower/GRASS_Flower_Tint_02/Material/Grass_Flower_Tint_02_FlowerBlue_A.mat using Guid(0976037409d8b2d48b99864a5f749a7c) Importer(815301076,1909f56bfc062723c751e8b465ee728b) (PreviewImporter) -> (artifact id: '59ccf9f3457f5eb0ec9dbbbc59d90b31') in 0.0169034 seconds
Number of updated asset objects reloaded before import = 0Number of asset objects unloaded after import = 6

========================================================================
Received Import Request.
  Time since last request: 0.000037 seconds.
  path: Assets/Cartoon_Texture_Pack/WALLS/WALL_Bricks/Materials/Wall_Brick_C.mat
  artifactKey: Guid(3a5e74c1ed8337d4cbfafd0490ba8951) Importer(815301076,1909f56bfc062723c751e8b465ee728b)
Start importing Assets/Cartoon_Texture_Pack/WALLS/WALL_Bricks/Materials/Wall_Brick_C.mat using Guid(3a5e74c1ed8337d4cbfafd0490ba8951) Importer(815301076,1909f56bfc062723c751e8b465ee728b) (PreviewImporter) -> (artifact id: '3020ca6fe023677e884f2fc7140e6c25') in 0.015348 seconds
Number of updated asset objects reloaded before import = 0Number of asset objects unloaded after import = 6

========================================================================
Received Import Request.
  Time since last request: 0.000026 seconds.
  path: Assets/Cartoon_Texture_Pack/ROOF/ROOF_SquareTile_Flat/Materials/UnderRoof_SquareTile_Flat_D.mat
  artifactKey: Guid(6cff680d599811845b416c0c40ea9bd2) Importer(815301076,1909f56bfc062723c751e8b465ee728b)
Start importing Assets/Cartoon_Texture_Pack/ROOF/ROOF_SquareTile_Flat/Materials/UnderRoof_SquareTile_Flat_D.mat using Guid(6cff680d599811845b416c0c40ea9bd2) Importer(815301076,1909f56bfc062723c751e8b465ee728b) (PreviewImporter) -> (artifact id: 'd22501f10f66217a09f89f0dd9116b56') in 0.0166564 seconds
Number of updated asset objects reloaded before import = 0Number of asset objects unloaded after import = 6

========================================================================
Received Import Request.
  Time since last request: 0.000024 seconds.
  path: Assets/Cartoon_Texture_Pack/SAND/SAND_Underwater/Materials/Sand_Underwater_Base.mat
  artifactKey: Guid(e55445e0da1f0a24ab59dba263813e61) Importer(815301076,1909f56bfc062723c751e8b465ee728b)
Start importing Assets/Cartoon_Texture_Pack/SAND/SAND_Underwater/Materials/Sand_Underwater_Base.mat using Guid(e55445e0da1f0a24ab59dba263813e61) Importer(815301076,1909f56bfc062723c751e8b465ee728b) (PreviewImporter) -> (artifact id: '3f7f6618bb17453758210fe1f208c836') in 0.0175971 seconds
Number of updated asset objects reloaded before import = 0Number of asset objects unloaded after import = 6

========================================================================
Received Import Request.
  Time since last request: 0.000027 seconds.
  path: Assets/Cartoon_Texture_Pack/ROOF/ROOF_SquareTile_Bump/Materials/Roof_SquareTile_Bump_C.mat
  artifactKey: Guid(73f0abe4fe4334849b150495bc62250b) Importer(815301076,1909f56bfc062723c751e8b465ee728b)
Start importing Assets/Cartoon_Texture_Pack/ROOF/ROOF_SquareTile_Bump/Materials/Roof_SquareTile_Bump_C.mat using Guid(73f0abe4fe4334849b150495bc62250b) Importer(815301076,1909f56bfc062723c751e8b465ee728b) (PreviewImporter) -> (artifact id: '8d2dccfa5eb20b7f58bff5e9cc9ce18a') in 0.0174032 seconds
Number of updated asset objects reloaded before import = 0Number of asset objects unloaded after import = 6

========================================================================
Received Import Request.
  Time since last request: 0.000037 seconds.
  path: Assets/Cartoon_Texture_Pack/ROOF/ROOF_RoundTile_Flat/Materials/UnderRoof_RoundTile_Flat_D.mat
  artifactKey: Guid(1f00188ca679e3a4b859350ac4f262e0) Importer(815301076,1909f56bfc062723c751e8b465ee728b)
Start importing Assets/Cartoon_Texture_Pack/ROOF/ROOF_RoundTile_Flat/Materials/UnderRoof_RoundTile_Flat_D.mat using Guid(1f00188ca679e3a4b859350ac4f262e0) Importer(815301076,1909f56bfc062723c751e8b465ee728b) (PreviewImporter) -> (artifact id: '5d505adcaa89eed230be0b5d2c10751e') in 0.0166897 seconds
Number of updated asset objects reloaded before import = 0Number of asset objects unloaded after import = 6

========================================================================
Received Import Request.
  Time since last request: 0.000058 seconds.
  path: Assets/Cartoon_Texture_Pack/WOOD/WOOD_Planks/Materials/Wood_Planks_A.mat
  artifactKey: Guid(a46ddefb78a484643af07aed081bf055) Importer(815301076,1909f56bfc062723c751e8b465ee728b)
Start importing Assets/Cartoon_Texture_Pack/WOOD/WOOD_Planks/Materials/Wood_Planks_A.mat using Guid(a46ddefb78a484643af07aed081bf055) Importer(815301076,1909f56bfc062723c751e8b465ee728b) (PreviewImporter) -> (artifact id: '9e44dae5f274616b7377b72c21f984c5') in 0.0150048 seconds
Number of updated asset objects reloaded before import = 0Number of asset objects unloaded after import = 6

========================================================================
Received Import Request.
  Time since last request: 0.000024 seconds.
  path: Assets/Cartoon_Texture_Pack/GRASS/GRASS_Dense/GRASS_Dense_Tint_02/Materials/Grass_Dense_Tint_02_Leaves_B.mat
  artifactKey: Guid(a87ac08e690bb8f4eab5eb0a60502961) Importer(815301076,1909f56bfc062723c751e8b465ee728b)
Start importing Assets/Cartoon_Texture_Pack/GRASS/GRASS_Dense/GRASS_Dense_Tint_02/Materials/Grass_Dense_Tint_02_Leaves_B.mat using Guid(a87ac08e690bb8f4eab5eb0a60502961) Importer(815301076,1909f56bfc062723c751e8b465ee728b) (PreviewImporter) -> (artifact id: '2cd1426538e28465c3b4610884cd3f80') in 0.0155119 seconds
Number of updated asset objects reloaded before import = 0Number of asset objects unloaded after import = 6

========================================================================
Received Import Request.
  Time since last request: 0.000039 seconds.
  path: Assets/Cartoon_Texture_Pack/GRASS/GRASS_Dense/GRASS_Dense_Tint_02/Materials/Grass_Dense_Tint_02_Base_C.mat
  artifactKey: Guid(e64c3036389ea2c45b7120379f426518) Importer(815301076,1909f56bfc062723c751e8b465ee728b)
Start importing Assets/Cartoon_Texture_Pack/GRASS/GRASS_Dense/GRASS_Dense_Tint_02/Materials/Grass_Dense_Tint_02_Base_C.mat using Guid(e64c3036389ea2c45b7120379f426518) Importer(815301076,1909f56bfc062723c751e8b465ee728b) (PreviewImporter) -> (artifact id: '19651f7a8ed85ab9fe077c9b39663c29') in 0.0152774 seconds
Number of updated asset objects reloaded before import = 0Number of asset objects unloaded after import = 6

========================================================================
Received Import Request.
  Time since last request: 0.000029 seconds.
  path: Assets/Cartoon_Texture_Pack/WALLS/WALL_Stone/Materials/Wall_Stone_A.mat
  artifactKey: Guid(5ffe771db4b6b1a4babbbb27cd18facc) Importer(815301076,1909f56bfc062723c751e8b465ee728b)
Start importing Assets/Cartoon_Texture_Pack/WALLS/WALL_Stone/Materials/Wall_Stone_A.mat using Guid(5ffe771db4b6b1a4babbbb27cd18facc) Importer(815301076,1909f56bfc062723c751e8b465ee728b) (PreviewImporter) -> (artifact id: '14d732860cc3b7570ca61895d77d0eb0') in 0.01564 seconds
Number of updated asset objects reloaded before import = 0Number of asset objects unloaded after import = 6

========================================================================
Received Import Request.
  Time since last request: 0.000023 seconds.
  path: Assets/Cartoon_Texture_Pack/GRASS/GRASS_Flower/GRASS_Flower_Tint_02/Material/Grass_Flower_Tint_02_FlowerYellow_B.mat
  artifactKey: Guid(c147ff3bd0c44734ab1d726ec8c6a28d) Importer(815301076,1909f56bfc062723c751e8b465ee728b)
Start importing Assets/Cartoon_Texture_Pack/GRASS/GRASS_Flower/GRASS_Flower_Tint_02/Material/Grass_Flower_Tint_02_FlowerYellow_B.mat using Guid(c147ff3bd0c44734ab1d726ec8c6a28d) Importer(815301076,1909f56bfc062723c751e8b465ee728b) (PreviewImporter) -> (artifact id: '4d7676f555fc3098359a4f91d3453889') in 0.0160732 seconds
Number of updated asset objects reloaded before import = 0Number of asset objects unloaded after import = 6

========================================================================
Received Import Request.
  Time since last request: 0.000135 seconds.
  path: Assets/Cartoon_Texture_Pack/ROCKS/ROCKS_Cliff/Materials/Rocks_Cliff_A_BC_B.mat
  artifactKey: Guid(533b4146d42e51242a9a93ccd869a855) Importer(815301076,1909f56bfc062723c751e8b465ee728b)
Start importing Assets/Cartoon_Texture_Pack/ROCKS/ROCKS_Cliff/Materials/Rocks_Cliff_A_BC_B.mat using Guid(533b4146d42e51242a9a93ccd869a855) Importer(815301076,1909f56bfc062723c751e8b465ee728b) (PreviewImporter) -> (artifact id: '2691aabc1a47b11214e764ad79907a41') in 0.0161895 seconds
Number of updated asset objects reloaded before import = 0Number of asset objects unloaded after import = 6

========================================================================
Received Import Request.
  Time since last request: 0.000032 seconds.
  path: Assets/Cartoon_Texture_Pack/WALLS/WALL_Stone/Materials/Wall_Stone_B.mat
  artifactKey: Guid(b747383878001c94dbaf7aa522f19c05) Importer(815301076,1909f56bfc062723c751e8b465ee728b)
Start importing Assets/Cartoon_Texture_Pack/WALLS/WALL_Stone/Materials/Wall_Stone_B.mat using Guid(b747383878001c94dbaf7aa522f19c05) Importer(815301076,1909f56bfc062723c751e8b465ee728b) (PreviewImporter) -> (artifact id: 'dea5fd0b76e09541490a376e34a0a680') in 0.0167411 seconds
Number of updated asset objects reloaded before import = 0Number of asset objects unloaded after import = 6

========================================================================
Received Import Request.
  Time since last request: 0.000036 seconds.
  path: Assets/Cartoon_Texture_Pack/SAND/SAND_Beach/Materials/Sand_Beach_Shell.mat
  artifactKey: Guid(8f1ad6ca6c806374eb625b775345bb99) Importer(815301076,1909f56bfc062723c751e8b465ee728b)
Start importing Assets/Cartoon_Texture_Pack/SAND/SAND_Beach/Materials/Sand_Beach_Shell.mat using Guid(8f1ad6ca6c806374eb625b775345bb99) Importer(815301076,1909f56bfc062723c751e8b465ee728b) (PreviewImporter) -> (artifact id: 'abde9f672babff571756bb225b7499ce') in 0.0149782 seconds
Number of updated asset objects reloaded before import = 0Number of asset objects unloaded after import = 6

========================================================================
Received Import Request.
  Time since last request: 0.000022 seconds.
  path: Assets/Cartoon_Texture_Pack/WOOD/WOOD_Plain/Materials/Wood_Plain_A.mat
  artifactKey: Guid(d1308064540b76a488431b360cee6b89) Importer(815301076,1909f56bfc062723c751e8b465ee728b)
Start importing Assets/Cartoon_Texture_Pack/WOOD/WOOD_Plain/Materials/Wood_Plain_A.mat using Guid(d1308064540b76a488431b360cee6b89) Importer(815301076,1909f56bfc062723c751e8b465ee728b) (PreviewImporter) -> (artifact id: '4ae9e26ab8ba9f3d0d7e8af84938e90d') in 0.0151542 seconds
Number of updated asset objects reloaded before import = 0Number of asset objects unloaded after import = 6

========================================================================
Received Import Request.
  Time since last request: 0.000024 seconds.
  path: Assets/Cartoon_Texture_Pack/GRASS/GRASS_Flower/GRASS_Flower_Tint_01/Material/Grass_Flower_Tint_01_FlowerYellow_B.mat
  artifactKey: Guid(9f345e69573084a44b4366cc49cdcd63) Importer(815301076,1909f56bfc062723c751e8b465ee728b)
Start importing Assets/Cartoon_Texture_Pack/GRASS/GRASS_Flower/GRASS_Flower_Tint_01/Material/Grass_Flower_Tint_01_FlowerYellow_B.mat using Guid(9f345e69573084a44b4366cc49cdcd63) Importer(815301076,1909f56bfc062723c751e8b465ee728b) (PreviewImporter) -> (artifact id: 'd3b20afcff00f19a1b3a452a64ace031') in 0.0182114 seconds
Number of updated asset objects reloaded before import = 0Number of asset objects unloaded after import = 6

========================================================================
Received Import Request.
  Time since last request: 0.000024 seconds.
  path: Assets/Cartoon_Texture_Pack/ROOF/ROOF_SquareTile_Flat/Materials/Roof_SquareTile_Flat_D.mat
  artifactKey: Guid(10f813aa82510b24f8d0c7d49ed98d2b) Importer(815301076,1909f56bfc062723c751e8b465ee728b)
Start importing Assets/Cartoon_Texture_Pack/ROOF/ROOF_SquareTile_Flat/Materials/Roof_SquareTile_Flat_D.mat using Guid(10f813aa82510b24f8d0c7d49ed98d2b) Importer(815301076,1909f56bfc062723c751e8b465ee728b) (PreviewImporter) -> (artifact id: '50f0dcfe1b2fa17c57ff15b9fabe59fc') in 0.013924 seconds
Number of updated asset objects reloaded before import = 0Number of asset objects unloaded after import = 6

========================================================================
Received Import Request.
  Time since last request: 0.000023 seconds.
  path: Assets/Cartoon_Texture_Pack/GRASS/GRASS_Dense/GRASS_Dense_Tint_01/Materials/Grass_Dense_Tint_01_Base_C.mat
  artifactKey: Guid(19daeccbc664d8141990dd03570ee008) Importer(815301076,1909f56bfc062723c751e8b465ee728b)
Start importing Assets/Cartoon_Texture_Pack/GRASS/GRASS_Dense/GRASS_Dense_Tint_01/Materials/Grass_Dense_Tint_01_Base_C.mat using Guid(19daeccbc664d8141990dd03570ee008) Importer(815301076,1909f56bfc062723c751e8b465ee728b) (PreviewImporter) -> (artifact id: '5f692d5a8664a090617816a912bcdd13') in 0.0156603 seconds
Number of updated asset objects reloaded before import = 0Number of asset objects unloaded after import = 6

========================================================================
Received Import Request.
  Time since last request: 0.000035 seconds.
  path: Assets/Cartoon_Texture_Pack/ROOF/ROOF_RoundTile_Bump/Materials/UnderRoof_RoundTile_Bump_C.mat
  artifactKey: Guid(b56f94a4142c4f846bc69b6fc2b9c384) Importer(815301076,1909f56bfc062723c751e8b465ee728b)
Start importing Assets/Cartoon_Texture_Pack/ROOF/ROOF_RoundTile_Bump/Materials/UnderRoof_RoundTile_Bump_C.mat using Guid(b56f94a4142c4f846bc69b6fc2b9c384) Importer(815301076,1909f56bfc062723c751e8b465ee728b) (PreviewImporter) -> (artifact id: '28103fd116da7b8c904c503695f5d1e6') in 0.0156194 seconds
Number of updated asset objects reloaded before import = 0Number of asset objects unloaded after import = 6

========================================================================
Received Import Request.
  Time since last request: 0.000031 seconds.
  path: Assets/Cartoon_Texture_Pack/ROOF/ROOF_SquareTile_Bump/Materials/UnderRoof_SquareTile_Bump_A.mat
  artifactKey: Guid(69cc4ca2c06659d4391075e4ec372c3a) Importer(815301076,1909f56bfc062723c751e8b465ee728b)
Start importing Assets/Cartoon_Texture_Pack/ROOF/ROOF_SquareTile_Bump/Materials/UnderRoof_SquareTile_Bump_A.mat using Guid(69cc4ca2c06659d4391075e4ec372c3a) Importer(815301076,1909f56bfc062723c751e8b465ee728b) (PreviewImporter) -> (artifact id: '65b9df09db518464374ed75e669043f1') in 0.0177031 seconds
Number of updated asset objects reloaded before import = 0Number of asset objects unloaded after import = 6

========================================================================
Received Import Request.
  Time since last request: 84.224607 seconds.
  path: Assets/Violet Theme Ui/White Icons/White Smiley Happy.png
  artifactKey: Guid(0a48137e74ea3cf4ba3c1d5d5fe27e78) Importer(815301076,1909f56bfc062723c751e8b465ee728b)
Start importing Assets/Violet Theme Ui/White Icons/White Smiley Happy.png using Guid(0a48137e74ea3cf4ba3c1d5d5fe27e78) Importer(815301076,1909f56bfc062723c751e8b465ee728b) (PreviewImporter) -> (artifact id: '4aa4252fa57c861479ae615885e0c425') in 0.0271142 seconds
Number of updated asset objects reloaded before import = 0Number of asset objects unloaded after import = 3

========================================================================
Received Import Request.
  Time since last request: 0.000040 seconds.
  path: Assets/Violet Theme Ui/White Icons/White Snow.png
  artifactKey: Guid(4ca4131db50a5f042aab2fb63aa1a2c4) Importer(815301076,1909f56bfc062723c751e8b465ee728b)
Start importing Assets/Violet Theme Ui/White Icons/White Snow.png using Guid(4ca4131db50a5f042aab2fb63aa1a2c4) Importer(815301076,1909f56bfc062723c751e8b465ee728b) (PreviewImporter) -> (artifact id: 'b82413c6f9c751cca9f6a0960e8f5603') in 0.0196189 seconds
Number of updated asset objects reloaded before import = 0Number of asset objects unloaded after import = 3

========================================================================
Received Import Request.
  Time since last request: 0.000024 seconds.
  path: Assets/Violet Theme Ui/White Icons/White Snow Globe 2.png
  artifactKey: Guid(edae0c30266acd8488739e0305914058) Importer(815301076,1909f56bfc062723c751e8b465ee728b)
Start importing Assets/Violet Theme Ui/White Icons/White Snow Globe 2.png using Guid(edae0c30266acd8488739e0305914058) Importer(815301076,1909f56bfc062723c751e8b465ee728b) (PreviewImporter) -> (artifact id: '976fdf9135bc04cb73ff6f43edfdbb86') in 0.0290016 seconds
Number of updated asset objects reloaded before import = 0Number of asset objects unloaded after import = 4

========================================================================
Received Import Request.
  Time since last request: 0.000027 seconds.
  path: Assets/Violet Theme Ui/White Icons/White Sound Off.png
  artifactKey: Guid(8e94b2d3ff544254c8dbfd0827aa96a3) Importer(815301076,1909f56bfc062723c751e8b465ee728b)
Start importing Assets/Violet Theme Ui/White Icons/White Sound Off.png using Guid(8e94b2d3ff544254c8dbfd0827aa96a3) Importer(815301076,1909f56bfc062723c751e8b465ee728b) (PreviewImporter) -> (artifact id: '204d31ad1f0e4238209e016d569c3bb5') in 0.0218177 seconds
Number of updated asset objects reloaded before import = 0Number of asset objects unloaded after import = 4

========================================================================
Received Import Request.
  Time since last request: 0.000032 seconds.
  path: Assets/Violet Theme Ui/White Icons/White Speed Boost.png
  artifactKey: Guid(ddfd377d8ac37ba42bae81d835ec4a37) Importer(815301076,1909f56bfc062723c751e8b465ee728b)
Start importing Assets/Violet Theme Ui/White Icons/White Speed Boost.png using Guid(ddfd377d8ac37ba42bae81d835ec4a37) Importer(815301076,1909f56bfc062723c751e8b465ee728b) (PreviewImporter) -> (artifact id: 'b1773b0ff8ea5214b0193d3dff3dcca8') in 0.0523567 seconds
Number of updated asset objects reloaded before import = 0Number of asset objects unloaded after import = 11

========================================================================
Received Import Request.
  Time since last request: 0.000036 seconds.
  path: Assets/Violet Theme Ui/White Icons/White Sound 1.png
  artifactKey: Guid(2293d4ac693b35d43a45f9b03ce06c9e) Importer(815301076,1909f56bfc062723c751e8b465ee728b)
Start importing Assets/Violet Theme Ui/White Icons/White Sound 1.png using Guid(2293d4ac693b35d43a45f9b03ce06c9e) Importer(815301076,1909f56bfc062723c751e8b465ee728b) (PreviewImporter) -> (artifact id: 'c8aa7735950ff476af29b5f24beeb7ac') in 0.0420545 seconds
Number of updated asset objects reloaded before import = 0Number of asset objects unloaded after import = 6

========================================================================
Received Import Request.
  Time since last request: 0.219922 seconds.
  path: Assets/Violet Theme Ui/White Icons/White Star Hollow.png
  artifactKey: Guid(18a6346ad00e33e449b41c4e27c46ff0) Importer(815301076,1909f56bfc062723c751e8b465ee728b)
Start importing Assets/Violet Theme Ui/White Icons/White Star Hollow.png using Guid(18a6346ad00e33e449b41c4e27c46ff0) Importer(815301076,1909f56bfc062723c751e8b465ee728b) (PreviewImporter) -> (artifact id: '6be22f4cfd1a4adbba1ab5029196a456') in 0.0185226 seconds
Number of updated asset objects reloaded before import = 0Number of asset objects unloaded after import = 3

========================================================================
Received Import Request.
  Time since last request: 0.000029 seconds.
  path: Assets/Violet Theme Ui/White Icons/White Sun.png
  artifactKey: Guid(1935fc56ac8b2e9498f0977126043f19) Importer(815301076,1909f56bfc062723c751e8b465ee728b)
Start importing Assets/Violet Theme Ui/White Icons/White Sun.png using Guid(1935fc56ac8b2e9498f0977126043f19) Importer(815301076,1909f56bfc062723c751e8b465ee728b) (PreviewImporter) -> (artifact id: '5e08c4da40091f0d98b4e4d513112666') in 0.0475652 seconds
Number of updated asset objects reloaded before import = 0Number of asset objects unloaded after import = 11

========================================================================
Received Import Request.
  Time since last request: 0.000027 seconds.
  path: Assets/Violet Theme Ui/White Icons/White Star.png
  artifactKey: Guid(5823f577f85850f4ead3867ad470e293) Importer(815301076,1909f56bfc062723c751e8b465ee728b)
Start importing Assets/Violet Theme Ui/White Icons/White Star.png using Guid(5823f577f85850f4ead3867ad470e293) Importer(815301076,1909f56bfc062723c751e8b465ee728b) (PreviewImporter) -> (artifact id: 'c5237b8f06f85a3a085b040c19f3cafd') in 0.0208811 seconds
Number of updated asset objects reloaded before import = 0Number of asset objects unloaded after import = 3

========================================================================
Received Import Request.
  Time since last request: 0.000028 seconds.
  path: Assets/Violet Theme Ui/White Icons/White Symbol 15.png
  artifactKey: Guid(a187bf89ed69ef7479f5a4e4942fa7ae) Importer(815301076,1909f56bfc062723c751e8b465ee728b)
Start importing Assets/Violet Theme Ui/White Icons/White Symbol 15.png using Guid(a187bf89ed69ef7479f5a4e4942fa7ae) Importer(815301076,1909f56bfc062723c751e8b465ee728b) (PreviewImporter) -> (artifact id: 'ec2b07046565115d3851fc612a392c6d') in 0.0241558 seconds
Number of updated asset objects reloaded before import = 0Number of asset objects unloaded after import = 4

========================================================================
Received Import Request.
  Time since last request: 0.000045 seconds.
  path: Assets/Violet Theme Ui/White Icons/White Symbol 7.png
  artifactKey: Guid(c4642fa878a84cf42a096c438e9e614d) Importer(815301076,1909f56bfc062723c751e8b465ee728b)
Start importing Assets/Violet Theme Ui/White Icons/White Symbol 7.png using Guid(c4642fa878a84cf42a096c438e9e614d) Importer(815301076,1909f56bfc062723c751e8b465ee728b) (PreviewImporter) -> (artifact id: '49c8bc4281b576ed35045c20235724a8') in 0.0221 seconds
Number of updated asset objects reloaded before import = 0Number of asset objects unloaded after import = 3

========================================================================
Received Import Request.
  Time since last request: 0.000030 seconds.
  path: Assets/Violet Theme Ui/White Icons/White Target 1.png
  artifactKey: Guid(ed592125e098517488f480dca11f1bc8) Importer(815301076,1909f56bfc062723c751e8b465ee728b)
Start importing Assets/Violet Theme Ui/White Icons/White Target 1.png using Guid(ed592125e098517488f480dca11f1bc8) Importer(815301076,1909f56bfc062723c751e8b465ee728b) (PreviewImporter) -> (artifact id: 'd19f80e10f42f4040d35c8be46ff152c') in 0.01946 seconds
Number of updated asset objects reloaded before import = 0Number of asset objects unloaded after import = 3

========================================================================
Received Import Request.
  Time since last request: 0.000036 seconds.
  path: Assets/Violet Theme Ui/White Icons/White Symbol 5.png
  artifactKey: Guid(3159a61a714ebe942ac291a8f0837bfb) Importer(815301076,1909f56bfc062723c751e8b465ee728b)
Start importing Assets/Violet Theme Ui/White Icons/White Symbol 5.png using Guid(3159a61a714ebe942ac291a8f0837bfb) Importer(815301076,1909f56bfc062723c751e8b465ee728b) (PreviewImporter) -> (artifact id: 'c01a0cbdff5c66d0750f7835ac1e8072') in 0.0231372 seconds
Number of updated asset objects reloaded before import = 0Number of asset objects unloaded after import = 4

========================================================================
Received Import Request.
  Time since last request: 0.000026 seconds.
  path: Assets/Violet Theme Ui/White Icons/White Tag.png
  artifactKey: Guid(f056a0a4b34d15a4c85cca06bd747380) Importer(815301076,1909f56bfc062723c751e8b465ee728b)
Start importing Assets/Violet Theme Ui/White Icons/White Tag.png using Guid(f056a0a4b34d15a4c85cca06bd747380) Importer(815301076,1909f56bfc062723c751e8b465ee728b) (PreviewImporter) -> (artifact id: '84e6d675bb79f64ac8769e8e43e390db') in 0.0214618 seconds
Number of updated asset objects reloaded before import = 0Number of asset objects unloaded after import = 3

========================================================================
Received Import Request.
  Time since last request: 0.000024 seconds.
  path: Assets/Violet Theme Ui/White Icons/White Symbol 9.png
  artifactKey: Guid(1ec11e28ff92b614abacf24bca5e1f5f) Importer(815301076,1909f56bfc062723c751e8b465ee728b)
Start importing Assets/Violet Theme Ui/White Icons/White Symbol 9.png using Guid(1ec11e28ff92b614abacf24bca5e1f5f) Importer(815301076,1909f56bfc062723c751e8b465ee728b) (PreviewImporter) -> (artifact id: 'cfe10c713633ba06582a10360b94905f') in 0.0213078 seconds
Number of updated asset objects reloaded before import = 0Number of asset objects unloaded after import = 3

========================================================================
Received Import Request.
  Time since last request: 0.000029 seconds.
  path: Assets/Violet Theme Ui/White Icons/White Symbol 16.png
  artifactKey: Guid(39e5a544fcd1098498e986753e615731) Importer(815301076,1909f56bfc062723c751e8b465ee728b)
Start importing Assets/Violet Theme Ui/White Icons/White Symbol 16.png using Guid(39e5a544fcd1098498e986753e615731) Importer(815301076,1909f56bfc062723c751e8b465ee728b) (PreviewImporter) -> (artifact id: '95f181bfb68fa12dbf1a611c462b93ab') in 0.0240413 seconds
Number of updated asset objects reloaded before import = 0Number of asset objects unloaded after import = 4

========================================================================
Received Import Request.
  Time since last request: 0.000057 seconds.
  path: Assets/Violet Theme Ui/White Icons/White Symbol 11.png
  artifactKey: Guid(37256ad7d37e4ae46a102315b3144ef6) Importer(815301076,1909f56bfc062723c751e8b465ee728b)
Start importing Assets/Violet Theme Ui/White Icons/White Symbol 11.png using Guid(37256ad7d37e4ae46a102315b3144ef6) Importer(815301076,1909f56bfc062723c751e8b465ee728b) (PreviewImporter) -> (artifact id: '7acbc45d6a3c4832b50c1ac15f9fa7de') in 0.0390624 seconds
Number of updated asset objects reloaded before import = 0Number of asset objects unloaded after import = 5

========================================================================
Received Import Request.
  Time since last request: 0.000025 seconds.
  path: Assets/Violet Theme Ui/White Icons/White Symbol 21.png
  artifactKey: Guid(2e6df814af40e2945b8e3ea9c9bb5115) Importer(815301076,1909f56bfc062723c751e8b465ee728b)
Start importing Assets/Violet Theme Ui/White Icons/White Symbol 21.png using Guid(2e6df814af40e2945b8e3ea9c9bb5115) Importer(815301076,1909f56bfc062723c751e8b465ee728b) (PreviewImporter) -> (artifact id: '55ca165156dd04b6dee608c8d5d68986') in 0.0237619 seconds
Number of updated asset objects reloaded before import = 0Number of asset objects unloaded after import = 3

========================================================================
Received Import Request.
  Time since last request: 0.000040 seconds.
  path: Assets/Violet Theme Ui/White Icons/White Thumb Down.png
  artifactKey: Guid(b4f324868d453594cbc90bd2ba98bdd1) Importer(815301076,1909f56bfc062723c751e8b465ee728b)
Start importing Assets/Violet Theme Ui/White Icons/White Thumb Down.png using Guid(b4f324868d453594cbc90bd2ba98bdd1) Importer(815301076,1909f56bfc062723c751e8b465ee728b) (PreviewImporter) -> (artifact id: '4933cdd86ebe4255317fed95268fe65c') in 0.0294748 seconds
Number of updated asset objects reloaded before import = 0Number of asset objects unloaded after import = 4

========================================================================
Received Import Request.
  Time since last request: 0.000034 seconds.
  path: Assets/Violet Theme Ui/White Icons/White Wand.png
  artifactKey: Guid(47f4c9a1d571e2145bebbbc207d9195b) Importer(815301076,1909f56bfc062723c751e8b465ee728b)
Start importing Assets/Violet Theme Ui/White Icons/White Wand.png using Guid(47f4c9a1d571e2145bebbbc207d9195b) Importer(815301076,1909f56bfc062723c751e8b465ee728b) (PreviewImporter) -> (artifact id: '49f841de0f516f7b2de63a1a51f884f2') in 0.0289926 seconds
Number of updated asset objects reloaded before import = 0Number of asset objects unloaded after import = 4

========================================================================
Received Import Request.
  Time since last request: 0.000031 seconds.
  path: Assets/Violet Theme Ui/White Icons/White Twitter.png
  artifactKey: Guid(c7414491d01abe14aa617ae2f3dc221f) Importer(815301076,1909f56bfc062723c751e8b465ee728b)
Start importing Assets/Violet Theme Ui/White Icons/White Twitter.png using Guid(c7414491d01abe14aa617ae2f3dc221f) Importer(815301076,1909f56bfc062723c751e8b465ee728b) (PreviewImporter) -> (artifact id: 'f2e7b0cea1335296e6720ba5a59d7233') in 0.031667 seconds
Number of updated asset objects reloaded before import = 0Number of asset objects unloaded after import = 3

========================================================================
Received Import Request.
  Time since last request: 0.000040 seconds.
  path: Assets/Violet Theme Ui/White Icons/White ThumbUp.png
  artifactKey: Guid(67e9b580fea2bc94fb3e400ae2a1d780) Importer(815301076,1909f56bfc062723c751e8b465ee728b)
Start importing Assets/Violet Theme Ui/White Icons/White ThumbUp.png using Guid(67e9b580fea2bc94fb3e400ae2a1d780) Importer(815301076,1909f56bfc062723c751e8b465ee728b) (PreviewImporter) -> (artifact id: '75f7196e0e10ba11d4519ef4f7a14c5b') in 0.0248162 seconds
Number of updated asset objects reloaded before import = 0Number of asset objects unloaded after import = 4

========================================================================
Received Import Request.
  Time since last request: 0.000031 seconds.
  path: Assets/Violet Theme Ui/White Icons/White Television.png
  artifactKey: Guid(a8bb48d78e8b47a4e9bd319f0170fa25) Importer(815301076,1909f56bfc062723c751e8b465ee728b)
Start importing Assets/Violet Theme Ui/White Icons/White Television.png using Guid(a8bb48d78e8b47a4e9bd319f0170fa25) Importer(815301076,1909f56bfc062723c751e8b465ee728b) (PreviewImporter) -> (artifact id: '4cd6e062cf75f58844832d99d7cd1a04') in 0.022938 seconds
Number of updated asset objects reloaded before import = 0Number of asset objects unloaded after import = 3

========================================================================
Received Import Request.
  Time since last request: 0.000042 seconds.
  path: Assets/Violet Theme Ui/White Icons/White Symbol 6.png
  artifactKey: Guid(47f084b90b4998d47967083fcb6e7b32) Importer(815301076,1909f56bfc062723c751e8b465ee728b)
Start importing Assets/Violet Theme Ui/White Icons/White Symbol 6.png using Guid(47f084b90b4998d47967083fcb6e7b32) Importer(815301076,1909f56bfc062723c751e8b465ee728b) (PreviewImporter) -> (artifact id: 'c4e2f139783a52b7b5baab3f556d8df6') in 0.0261336 seconds
Number of updated asset objects reloaded before import = 0Number of asset objects unloaded after import = 4

========================================================================
Received Import Request.
  Time since last request: 0.000030 seconds.
  path: Assets/Violet Theme Ui/White Icons/White Strength Up.png
  artifactKey: Guid(c7f7e48003ef85848ac21f69ee4d7af0) Importer(815301076,1909f56bfc062723c751e8b465ee728b)
Start importing Assets/Violet Theme Ui/White Icons/White Strength Up.png using Guid(c7f7e48003ef85848ac21f69ee4d7af0) Importer(815301076,1909f56bfc062723c751e8b465ee728b) (PreviewImporter) -> (artifact id: 'c74a9c96ee0f3597410fc38e6ee03383') in 0.0242186 seconds
Number of updated asset objects reloaded before import = 0Number of asset objects unloaded after import = 3

========================================================================
Received Import Request.
  Time since last request: 0.000037 seconds.
  path: Assets/Violet Theme Ui/White Icons/White Symbol 19.png
  artifactKey: Guid(167988578d0633f4f8b7fc6345816a3a) Importer(815301076,1909f56bfc062723c751e8b465ee728b)
Start importing Assets/Violet Theme Ui/White Icons/White Symbol 19.png using Guid(167988578d0633f4f8b7fc6345816a3a) Importer(815301076,1909f56bfc062723c751e8b465ee728b) (PreviewImporter) -> (artifact id: 'b0b0d0d9f01360e1961341fea7315ec8') in 0.0195792 seconds
Number of updated asset objects reloaded before import = 0Number of asset objects unloaded after import = 3

========================================================================
Received Import Request.
  Time since last request: 0.000063 seconds.
  path: Assets/Violet Theme Ui/White Icons/White Telecom.png
  artifactKey: Guid(c033b51e4377ff4458b4a84db08c1d82) Importer(815301076,1909f56bfc062723c751e8b465ee728b)
Start importing Assets/Violet Theme Ui/White Icons/White Telecom.png using Guid(c033b51e4377ff4458b4a84db08c1d82) Importer(815301076,1909f56bfc062723c751e8b465ee728b) (PreviewImporter) -> (artifact id: '29e09d2f5523b702fbce070c5b9dec42') in 0.0213906 seconds
Number of updated asset objects reloaded before import = 0Number of asset objects unloaded after import = 3

========================================================================
Received Import Request.
  Time since last request: 0.000039 seconds.
  path: Assets/Violet Theme Ui/White Icons/White Wand 2.png
  artifactKey: Guid(c14665c097f14b14caf0f57089823f8c) Importer(815301076,1909f56bfc062723c751e8b465ee728b)
Start importing Assets/Violet Theme Ui/White Icons/White Wand 2.png using Guid(c14665c097f14b14caf0f57089823f8c) Importer(815301076,1909f56bfc062723c751e8b465ee728b) (PreviewImporter) -> (artifact id: 'fec4f083da44d2b2a1f8f1fbf60cfa15') in 0.0262495 seconds
Number of updated asset objects reloaded before import = 0Number of asset objects unloaded after import = 5

========================================================================
Received Import Request.
  Time since last request: 0.000028 seconds.
  path: Assets/Violet Theme Ui/White Icons/White Timer 2.png
  artifactKey: Guid(0dd9750f26cf0434baf1516e7c266401) Importer(815301076,1909f56bfc062723c751e8b465ee728b)
Start importing Assets/Violet Theme Ui/White Icons/White Timer 2.png using Guid(0dd9750f26cf0434baf1516e7c266401) Importer(815301076,1909f56bfc062723c751e8b465ee728b) (PreviewImporter) -> (artifact id: '38c6e8b7f74ad5e836ed976dad3cccc5') in 0.0311965 seconds
Number of updated asset objects reloaded before import = 0Number of asset objects unloaded after import = 6

========================================================================
Received Import Request.
  Time since last request: 0.000032 seconds.
  path: Assets/Violet Theme Ui/White Icons/White Time.png
  artifactKey: Guid(8afc5bdb2d29b2b498a6072ad34ae74f) Importer(815301076,1909f56bfc062723c751e8b465ee728b)
Start importing Assets/Violet Theme Ui/White Icons/White Time.png using Guid(8afc5bdb2d29b2b498a6072ad34ae74f) Importer(815301076,1909f56bfc062723c751e8b465ee728b) (PreviewImporter) -> (artifact id: '26ebae2a96bc5bfdfabf6833a801c2c1') in 0.020732 seconds
Number of updated asset objects reloaded before import = 0Number of asset objects unloaded after import = 3

========================================================================
Received Import Request.
  Time since last request: 0.000035 seconds.
  path: Assets/Violet Theme Ui/White Icons/White Symbol 13.png
  artifactKey: Guid(bb6561b5412c1b54e8680c7379bdb40c) Importer(815301076,1909f56bfc062723c751e8b465ee728b)
Start importing Assets/Violet Theme Ui/White Icons/White Symbol 13.png using Guid(bb6561b5412c1b54e8680c7379bdb40c) Importer(815301076,1909f56bfc062723c751e8b465ee728b) (PreviewImporter) -> (artifact id: '75bf630dfc0fd6df385b52b478cc24dc') in 0.022916 seconds
Number of updated asset objects reloaded before import = 0Number of asset objects unloaded after import = 3

========================================================================
Received Import Request.
  Time since last request: 0.000032 seconds.
  path: Assets/Violet Theme Ui/White Icons/White Web.png
  artifactKey: Guid(4b8fca21cb4fa904fbb933061b8cddae) Importer(815301076,1909f56bfc062723c751e8b465ee728b)
Start importing Assets/Violet Theme Ui/White Icons/White Web.png using Guid(4b8fca21cb4fa904fbb933061b8cddae) Importer(815301076,1909f56bfc062723c751e8b465ee728b) (PreviewImporter) -> (artifact id: '2a8cb17f897b611e31697972d00a8d43') in 0.0388264 seconds
Number of updated asset objects reloaded before import = 0Number of asset objects unloaded after import = 11

========================================================================
Received Import Request.
  Time since last request: 0.000034 seconds.
  path: Assets/Violet Theme Ui/White Icons/White Youtube.png
  artifactKey: Guid(e02fdde545669024b9b3fc1bd89b0b1b) Importer(815301076,1909f56bfc062723c751e8b465ee728b)
Start importing Assets/Violet Theme Ui/White Icons/White Youtube.png using Guid(e02fdde545669024b9b3fc1bd89b0b1b) Importer(815301076,1909f56bfc062723c751e8b465ee728b) (PreviewImporter) -> (artifact id: '303b27d645655d5a66ca1d66c6dc277a') in 0.0216695 seconds
Number of updated asset objects reloaded before import = 0Number of asset objects unloaded after import = 3

========================================================================
Received Import Request.
  Time since last request: 0.000036 seconds.
  path: Assets/Violet Theme Ui/White Icons/White Wifi On.png
  artifactKey: Guid(82e5a4d9b6b108d49b57d7ba82a0bcec) Importer(815301076,1909f56bfc062723c751e8b465ee728b)
Start importing Assets/Violet Theme Ui/White Icons/White Wifi On.png using Guid(82e5a4d9b6b108d49b57d7ba82a0bcec) Importer(815301076,1909f56bfc062723c751e8b465ee728b) (PreviewImporter) -> (artifact id: '36749324068723b6b687f51c9118b51e') in 0.0456422 seconds
Number of updated asset objects reloaded before import = 0Number of asset objects unloaded after import = 5

========================================================================
Received Import Request.
  Time since last request: 0.000065 seconds.
  path: Assets/Violet Theme Ui/White Icons/White Zoom In.png
  artifactKey: Guid(4199668baf863e049a40f446e7319153) Importer(815301076,1909f56bfc062723c751e8b465ee728b)
Start importing Assets/Violet Theme Ui/White Icons/White Zoom In.png using Guid(4199668baf863e049a40f446e7319153) Importer(815301076,1909f56bfc062723c751e8b465ee728b) (PreviewImporter) -> (artifact id: '9f44abf3fc643552a37c819bc3fa42a7') in 0.0197508 seconds
Number of updated asset objects reloaded before import = 0Number of asset objects unloaded after import = 4

========================================================================
Received Import Request.
  Time since last request: 0.000031 seconds.
  path: Assets/Violet Theme Ui/White Icons/White Weight.png
  artifactKey: Guid(7fb9ef8d6e755884f8bbce5b93204831) Importer(815301076,1909f56bfc062723c751e8b465ee728b)
Start importing Assets/Violet Theme Ui/White Icons/White Weight.png using Guid(7fb9ef8d6e755884f8bbce5b93204831) Importer(815301076,1909f56bfc062723c751e8b465ee728b) (PreviewImporter) -> (artifact id: 'ace493846fc03ec506f36b50d6d06329') in 0.0189465 seconds
Number of updated asset objects reloaded before import = 0Number of asset objects unloaded after import = 3

========================================================================
Received Import Request.
  Time since last request: 0.000038 seconds.
  path: Assets/Violet Theme Ui/White Icons/White Timer.png
  artifactKey: Guid(07cb3c5e393a88541b848f22a7ca18cb) Importer(815301076,1909f56bfc062723c751e8b465ee728b)
Start importing Assets/Violet Theme Ui/White Icons/White Timer.png using Guid(07cb3c5e393a88541b848f22a7ca18cb) Importer(815301076,1909f56bfc062723c751e8b465ee728b) (PreviewImporter) -> (artifact id: '128466cfc75e0ebd72c6d11cb1e50f5d') in 0.0243364 seconds
Number of updated asset objects reloaded before import = 0Number of asset objects unloaded after import = 6

========================================================================
Received Import Request.
  Time since last request: 0.000032 seconds.
  path: Assets/Violet Theme Ui/White Icons/White Target 2.png
  artifactKey: Guid(fa56cae7c0b4c484b8188237d3741fe1) Importer(815301076,1909f56bfc062723c751e8b465ee728b)
Start importing Assets/Violet Theme Ui/White Icons/White Target 2.png using Guid(fa56cae7c0b4c484b8188237d3741fe1) Importer(815301076,1909f56bfc062723c751e8b465ee728b) (PreviewImporter) -> (artifact id: 'a4fe240a932dc71c5aba85fee559f7d8') in 0.0213823 seconds
Number of updated asset objects reloaded before import = 0Number of asset objects unloaded after import = 3

========================================================================
Received Import Request.
  Time since last request: 0.000026 seconds.
  path: Assets/Violet Theme Ui/White Icons/White Symbol 20.png
  artifactKey: Guid(fb705997d70372343b2a5b3e604e8969) Importer(815301076,1909f56bfc062723c751e8b465ee728b)
Start importing Assets/Violet Theme Ui/White Icons/White Symbol 20.png using Guid(fb705997d70372343b2a5b3e604e8969) Importer(815301076,1909f56bfc062723c751e8b465ee728b) (PreviewImporter) -> (artifact id: '1a62395161f41a6da995b60ab1861fae') in 0.0275101 seconds
Number of updated asset objects reloaded before import = 0Number of asset objects unloaded after import = 4

========================================================================
Received Import Request.
  Time since last request: 167.017057 seconds.
  path: Assets/TextMesh Pro/Resources/Fonts & Materials/LiberationSans SDF - Drop Shadow.mat
  artifactKey: Guid(e73a58f6e2794ae7b1b7e50b7fb811b0) Importer(815301076,1909f56bfc062723c751e8b465ee728b)
Start importing Assets/TextMesh Pro/Resources/Fonts & Materials/LiberationSans SDF - Drop Shadow.mat using Guid(e73a58f6e2794ae7b1b7e50b7fb811b0) Importer(815301076,1909f56bfc062723c751e8b465ee728b) (PreviewImporter) -> (artifact id: '4f7f45a4ad4324d92fad0bfd479f31bb') in 0.0679107 seconds
Number of updated asset objects reloaded before import = 0Number of asset objects unloaded after import = 3

========================================================================
Received Import Request.
  Time since last request: 0.000026 seconds.
  path: Assets/TextMesh Pro/Resources/Fonts & Materials/LiberationSans SDF - Fallback.asset
  artifactKey: Guid(2e498d1c8094910479dc3e1b768306a4) Importer(815301076,1909f56bfc062723c751e8b465ee728b)
Start importing Assets/TextMesh Pro/Resources/Fonts & Materials/LiberationSans SDF - Fallback.asset using Guid(2e498d1c8094910479dc3e1b768306a4) Importer(815301076,1909f56bfc062723c751e8b465ee728b) (PreviewImporter) -> (artifact id: '6dffac563a62ce2438861c36894ced2d') in 0.0579657 seconds
Number of updated asset objects reloaded before import = 0Number of asset objects unloaded after import = 7

========================================================================
Received Import Request.
  Time since last request: 735.141950 seconds.
  path: Assets/TextMesh Pro/Shaders/TMP_SDF-HDRP LIT.shadergraph
  artifactKey: Guid(ca2ed216f98028c4dae6c5224a952b3c) Importer(815301076,1909f56bfc062723c751e8b465ee728b)
Start importing Assets/TextMesh Pro/Shaders/TMP_SDF-HDRP LIT.shadergraph using Guid(ca2ed216f98028c4dae6c5224a952b3c) Importer(815301076,1909f56bfc062723c751e8b465ee728b) (PreviewImporter) -> (artifact id: 'b80fa2d0efd18a36869b95ff2b825b3f') in 0.0564352 seconds
Number of updated asset objects reloaded before import = 0Number of asset objects unloaded after import = 2

========================================================================
Received Import Request.
  Time since last request: 0.000026 seconds.
  path: Assets/TextMesh Pro/Shaders/TMP_SDF-HDRP UNLIT.shadergraph
  artifactKey: Guid(f63d574838ccfb44f84acc05fed0af48) Importer(815301076,1909f56bfc062723c751e8b465ee728b)
Start importing Assets/TextMesh Pro/Shaders/TMP_SDF-HDRP UNLIT.shadergraph using Guid(f63d574838ccfb44f84acc05fed0af48) Importer(815301076,1909f56bfc062723c751e8b465ee728b) (PreviewImporter) -> (artifact id: '8cff207047fa84ec7eace46f62cc5700') in 0.0125856 seconds
Number of updated asset objects reloaded before import = 0Number of asset objects unloaded after import = 2

========================================================================
Received Import Request.
  Time since last request: 0.000024 seconds.
  path: Assets/TextMesh Pro/Shaders/TMP_SDF-URP Lit.shadergraph
  artifactKey: Guid(a3d800b099a06e0478fb790c5e79057a) Importer(815301076,1909f56bfc062723c751e8b465ee728b)
Start importing Assets/TextMesh Pro/Shaders/TMP_SDF-URP Lit.shadergraph using Guid(a3d800b099a06e0478fb790c5e79057a) Importer(815301076,1909f56bfc062723c751e8b465ee728b) (PreviewImporter) -> (artifact id: '53be54425eba348aaeca6d24d17f6315') in 0.4033763 seconds
Number of updated asset objects reloaded before import = 0Number of asset objects unloaded after import = 3

========================================================================
Received Import Request.
  Time since last request: 669.524716 seconds.
  path: Assets/Violet Theme Ui/Prefab/Bottom Menu.prefab
  artifactKey: Guid(070add71008581e49986cf2f1d3ff193) Importer(815301076,1909f56bfc062723c751e8b465ee728b)
Start importing Assets/Violet Theme Ui/Prefab/Bottom Menu.prefab using Guid(070add71008581e49986cf2f1d3ff193) Importer(815301076,1909f56bfc062723c751e8b465ee728b) (PreviewImporter) -> (artifact id: '79b6312bcbe069e5f04171a43d9b7583') in 0.0202123 seconds
Number of updated asset objects reloaded before import = 0Number of asset objects unloaded after import = 59

========================================================================
Received Import Request.
  Time since last request: 0.000036 seconds.
  path: Assets/Violet Theme Ui/Prefab/Lose.prefab
  artifactKey: Guid(327f63f425052ef458234d4dfd653648) Importer(815301076,1909f56bfc062723c751e8b465ee728b)
Start importing Assets/Violet Theme Ui/Prefab/Lose.prefab using Guid(327f63f425052ef458234d4dfd653648) Importer(815301076,1909f56bfc062723c751e8b465ee728b) (PreviewImporter) -> (artifact id: '1b28a79971802fe225223a63a1fd68d6') in 0.0262284 seconds
Number of updated asset objects reloaded before import = 0Number of asset objects unloaded after import = 59

========================================================================
Received Import Request.
  Time since last request: 0.000026 seconds.
  path: Assets/Violet Theme Ui/Prefab/Win.prefab
  artifactKey: Guid(6d8d3cab81ba0094b97b07e00afbce17) Importer(815301076,1909f56bfc062723c751e8b465ee728b)
Start importing Assets/Violet Theme Ui/Prefab/Win.prefab using Guid(6d8d3cab81ba0094b97b07e00afbce17) Importer(815301076,1909f56bfc062723c751e8b465ee728b) (PreviewImporter) -> (artifact id: '48f5ba2619497ae21c48ffa24c872271') in 0.0214871 seconds
Number of updated asset objects reloaded before import = 0Number of asset objects unloaded after import = 59

========================================================================
Received Import Request.
  Time since last request: 0.000029 seconds.
  path: Assets/Violet Theme Ui/Prefab/Status.prefab
  artifactKey: Guid(0c67cd333a1020d429e682990ff7a84d) Importer(815301076,1909f56bfc062723c751e8b465ee728b)
Start importing Assets/Violet Theme Ui/Prefab/Status.prefab using Guid(0c67cd333a1020d429e682990ff7a84d) Importer(815301076,1909f56bfc062723c751e8b465ee728b) (PreviewImporter) -> (artifact id: '86ff74ff1d1a882944b5ac3813011fcd') in 0.0202216 seconds
Number of updated asset objects reloaded before import = 0Number of asset objects unloaded after import = 70

========================================================================
Received Import Request.
  Time since last request: 0.000030 seconds.
  path: Assets/Violet Theme Ui/Prefab/Message.prefab
  artifactKey: Guid(b01002205b707a24c9bcc655f14264cb) Importer(815301076,1909f56bfc062723c751e8b465ee728b)
Start importing Assets/Violet Theme Ui/Prefab/Message.prefab using Guid(b01002205b707a24c9bcc655f14264cb) Importer(815301076,1909f56bfc062723c751e8b465ee728b) (PreviewImporter) -> (artifact id: '113e027e7144d8474b8fb95e618cb5df') in 0.0204074 seconds
Number of updated asset objects reloaded before import = 0Number of asset objects unloaded after import = 195

Editor requested this worker to shutdown with reason: Scaling down because of idle timeout
AssetImportWorker is now disconnected from the server
Process exiting
Exiting without the bug reporter. Application will terminate with return code 0