Using pre-set license
Built from '2022.3/staging' branch; Version is '2022.3.60f1 (5f63fdee6d95) revision 6251517'; Using compiler version '192829333'; Build Type 'Release'
OS: 'Windows 11  (10.0.26100) 64bit CoreSingleLanguage' Language: 'en' Physical Memory: 15754 MB
BatchMode: 1, IsHumanControllingUs: 0, StartBugReporterOnCrash: 0, Is64bit: 1, IsPro: 1

COMMAND LINE ARGUMENTS:
D:\2022.3.60f1\Editor\Unity.exe
-adb2
-batchMode
-noUpm
-name
AssetImportWorker0
-projectPath
D:/LTMCB/DoAn/NT106.P22.ANTT---Nhom-25
-logFile
Logs/AssetImportWorker0.log
-srvPort
49875
Successfully changed project path to: D:/LTMCB/DoAn/NT106.P22.ANTT---Nhom-25
D:/LTMCB/DoAn/NT106.P22.ANTT---Nhom-25
[UnityMemory] Configuration Parameters - Can be set up in boot.config
    "memorysetup-bucket-allocator-granularity=16"
    "memorysetup-bucket-allocator-bucket-count=8"
    "memorysetup-bucket-allocator-block-size=33554432"
    "memorysetup-bucket-allocator-block-count=8"
    "memorysetup-main-allocator-block-size=16777216"
    "memorysetup-thread-allocator-block-size=16777216"
    "memorysetup-gfx-main-allocator-block-size=16777216"
    "memorysetup-gfx-thread-allocator-block-size=16777216"
    "memorysetup-cache-allocator-block-size=4194304"
    "memorysetup-typetree-allocator-block-size=2097152"
    "memorysetup-profiler-bucket-allocator-granularity=16"
    "memorysetup-profiler-bucket-allocator-bucket-count=8"
    "memorysetup-profiler-bucket-allocator-block-size=33554432"
    "memorysetup-profiler-bucket-allocator-block-count=8"
    "memorysetup-profiler-allocator-block-size=16777216"
    "memorysetup-profiler-editor-allocator-block-size=1048576"
    "memorysetup-temp-allocator-size-main=16777216"
    "memorysetup-job-temp-allocator-block-size=2097152"
    "memorysetup-job-temp-allocator-block-size-background=1048576"
    "memorysetup-job-temp-allocator-reduction-small-platforms=262144"
    "memorysetup-allocator-temp-initial-block-size-main=262144"
    "memorysetup-allocator-temp-initial-block-size-worker=262144"
    "memorysetup-temp-allocator-size-background-worker=32768"
    "memorysetup-temp-allocator-size-job-worker=262144"
    "memorysetup-temp-allocator-size-preload-manager=33554432"
    "memorysetup-temp-allocator-size-nav-mesh-worker=65536"
    "memorysetup-temp-allocator-size-audio-worker=65536"
    "memorysetup-temp-allocator-size-cloud-worker=32768"
    "memorysetup-temp-allocator-size-gi-baking-worker=262144"
    "memorysetup-temp-allocator-size-gfx=262144"
Player connection [25404]  Target information:

Player connection [25404]  * "[IP] 192.168.137.1 [Port] 0 [Flags] 2 [Guid] 1066278768 [EditorId] 1066278768 [Version] 1048832 [Id] WindowsEditor(7,MSI) [Debug] 1 [PackageName] WindowsEditor [ProjectName] Editor" 

Player connection [25404]  * "[IP] 192.168.112.1 [Port] 0 [Flags] 2 [Guid] 1066278768 [EditorId] 1066278768 [Version] 1048832 [Id] WindowsEditor(7,MSI) [Debug] 1 [PackageName] WindowsEditor [ProjectName] Editor" 

Player connection [25404]  * "[IP] 10.0.96.239 [Port] 0 [Flags] 2 [Guid] 1066278768 [EditorId] 1066278768 [Version] 1048832 [Id] WindowsEditor(7,MSI) [Debug] 1 [PackageName] WindowsEditor [ProjectName] Editor" 

Player connection [25404] Host joined multi-casting on [225.0.0.222:54997]...
Player connection [25404] Host joined alternative multi-casting on [225.0.0.222:34997]...
Input System module state changed to: Initialized.
[PhysX] Initialized MultithreadedTaskDispatcher with 16 workers.
Refreshing native plugins compatible for Editor in 17.35 ms, found 4 plugins.
Preloading 0 native plugins for Editor in 0.00 ms.
Initialize engine version: 2022.3.60f1 (5f63fdee6d95)
[Subsystems] Discovering subsystems at path D:/2022.3.60f1/Editor/Data/Resources/UnitySubsystems
[Subsystems] Discovering subsystems at path D:/LTMCB/DoAn/NT106.P22.ANTT---Nhom-25/Assets
GfxDevice: creating device client; threaded=0; jobified=0
Direct3D:
    Version:  Direct3D 11.0 [level 11.1]
    Renderer: AMD Radeon RX 6600M (ID=0x73ff)
    Vendor:   ATI
    VRAM:     8136 MB
    Driver:   32.0.13031.3015
Initialize mono
Mono path[0] = 'D:/2022.3.60f1/Editor/Data/Managed'
Mono path[1] = 'D:/2022.3.60f1/Editor/Data/MonoBleedingEdge/lib/mono/unityjit-win32'
Mono config path = 'D:/2022.3.60f1/Editor/Data/MonoBleedingEdge/etc'
Using monoOptions --debugger-agent=transport=dt_socket,embedding=1,server=y,suspend=n,address=127.0.0.1:56496
Begin MonoManager ReloadAssembly
Registering precompiled unity dll's ...
Register platform support module: D:/2022.3.60f1/Editor/Data/PlaybackEngines/WindowsStandaloneSupport/UnityEditor.WindowsStandalone.Extensions.dll
Registered in 0.004750 seconds.
- Loaded All Assemblies, in  0.642 seconds
Native extension for WindowsStandalone target not found
Mono: successfully reloaded assembly
- Finished resetting the current domain, in  0.496 seconds
Domain Reload Profiling: 1138ms
	BeginReloadAssembly (195ms)
		ExecutionOrderSort (0ms)
		DisableScriptedObjects (0ms)
		BackupInstance (0ms)
		ReleaseScriptingObjects (0ms)
		CreateAndSetChildDomain (1ms)
	RebuildCommonClasses (66ms)
	RebuildNativeTypeToScriptingClass (17ms)
	initialDomainReloadingComplete (95ms)
	LoadAllAssembliesAndSetupDomain (268ms)
		LoadAssemblies (193ms)
		RebuildTransferFunctionScriptingTraits (0ms)
		AnalyzeDomain (265ms)
			TypeCache.Refresh (263ms)
				TypeCache.ScanAssembly (240ms)
			ScanForSourceGeneratedMonoScriptInfo (1ms)
			ResolveRequiredComponents (1ms)
	FinalizeReload (497ms)
		ReleaseScriptCaches (0ms)
		RebuildScriptCaches (0ms)
		SetupLoadedEditorAssemblies (412ms)
			LogAssemblyErrors (0ms)
			InitializePlatformSupportModulesInManaged (14ms)
			SetLoadedEditorAssemblies (13ms)
			RefreshPlugins (0ms)
			BeforeProcessingInitializeOnLoad (5ms)
			ProcessInitializeOnLoadAttributes (292ms)
			ProcessInitializeOnLoadMethodAttributes (87ms)
			AfterProcessingInitializeOnLoad (0ms)
			EditorAssembliesLoaded (0ms)
		ExecutionOrderSort2 (0ms)
		AwakeInstancesAfterBackupRestoration (0ms)
========================================================================
Worker process is ready to serve import requests
Caller must complete domain reload
Begin MonoManager ReloadAssembly
- Loaded All Assemblies, in  1.259 seconds
Native extension for WindowsStandalone target not found
Mono: successfully reloaded assembly
- Finished resetting the current domain, in  1.263 seconds
Domain Reload Profiling: 2521ms
	BeginReloadAssembly (235ms)
		ExecutionOrderSort (0ms)
		DisableScriptedObjects (10ms)
		BackupInstance (0ms)
		ReleaseScriptingObjects (0ms)
		CreateAndSetChildDomain (34ms)
	RebuildCommonClasses (56ms)
	RebuildNativeTypeToScriptingClass (19ms)
	initialDomainReloadingComplete (77ms)
	LoadAllAssembliesAndSetupDomain (871ms)
		LoadAssemblies (619ms)
		RebuildTransferFunctionScriptingTraits (0ms)
		AnalyzeDomain (386ms)
			TypeCache.Refresh (318ms)
				TypeCache.ScanAssembly (292ms)
			ScanForSourceGeneratedMonoScriptInfo (47ms)
			ResolveRequiredComponents (18ms)
	FinalizeReload (1264ms)
		ReleaseScriptCaches (0ms)
		RebuildScriptCaches (0ms)
		SetupLoadedEditorAssemblies (977ms)
			LogAssemblyErrors (0ms)
			InitializePlatformSupportModulesInManaged (8ms)
			SetLoadedEditorAssemblies (10ms)
			RefreshPlugins (0ms)
			BeforeProcessingInitializeOnLoad (147ms)
			ProcessInitializeOnLoadAttributes (652ms)
			ProcessInitializeOnLoadMethodAttributes (156ms)
			AfterProcessingInitializeOnLoad (4ms)
			EditorAssembliesLoaded (0ms)
		ExecutionOrderSort2 (0ms)
		AwakeInstancesAfterBackupRestoration (12ms)
Launched and connected shader compiler UnityShaderCompiler.exe after 0.12 seconds
Refreshing native plugins compatible for Editor in 6.16 ms, found 4 plugins.
Preloading 0 native plugins for Editor in 0.00 ms.
Unloading 5656 Unused Serialized files (Serialized files now loaded: 0)
Unloading 75 unused Assets / (3.5 MB). Loaded Objects now: 6087.
Memory consumption went from 218.7 MB to 215.2 MB.
Total: 8.895700 ms (FindLiveObjects: 0.565500 ms CreateObjectMapping: 0.554000 ms MarkObjects: 5.583400 ms  DeleteObjects: 2.190700 ms)

AssetImportParameters requested are different than current active one (requested -> active):
  custom:container-demuxer-ogg: 62fdf1f143b41e24485cea50d1cbac27 -> 
  custom:video-decoder-ogg-theora: a1e56fd34408186e4bbccfd4996cb3dc -> 
  custom:framework-win-MediaFoundation: 216162199b28c13a410421893ffa2e32 -> 
  custom:CustomObjectIndexerAttribute: 72b91833f83ae208fae7752999fa3104 -> 
  custom:container-demuxer-webm: 4f35f7cbe854078d1ac9338744f61a02 -> 
  custom:container-muxer-webm: aa71ff27fc2769a1b78a27578f13a17b -> 
  custom:video-decoder-webm-vp8: 9c59270c3fd7afecdb556c50c9e8de78 -> 
  custom:SearchIndexIgnoredProperties: e643bd26f0fe6173181afceb89e7c659 -> 
  custom:AudioImporter_EditorPlatform: d09bf68614088b80899f8185d706f6e7 -> 
  custom:video-encoder-webm-vp8: eb34c28f22e8b96e1ab97ce403110664 -> 
  custom:audio-decoder-ogg-vorbis: bf7c407c2cedff20999df2af8eb42d56 -> 
  custom:audio-encoder-webm-vorbis: bf7c407c2cedff20999df2af8eb42d56 -> 
========================================================================
Received Import Request.
  Time since last request: 3791.269540 seconds.
  path: Assets/Prefabs/Card_Back.prefab
  artifactKey: Guid(71dd3942baf5c22468b63ac06cbe49ed) Importer(815301076,1909f56bfc062723c751e8b465ee728b)
Start importing Assets/Prefabs/Card_Back.prefab using Guid(71dd3942baf5c22468b63ac06cbe49ed) Importer(815301076,1909f56bfc062723c751e8b465ee728b) [PhysX] Initialized MultithreadedTaskDispatcher with 16 workers.
 -> (artifact id: 'da5c40037b794d200fb2f7ea7bee437f') in 0.071606 seconds
Number of updated asset objects reloaded before import = 0
Number of asset objects unloaded after import = 12
========================================================================
Received Import Request.
  Time since last request: 7.908896 seconds.
  path: Assets/Scripts/Card Script
  artifactKey: Guid(167ee7fd5389f014cb050da33d972622) Importer(815301076,1909f56bfc062723c751e8b465ee728b)
Start importing Assets/Scripts/Card Script using Guid(167ee7fd5389f014cb050da33d972622) Importer(815301076,1909f56bfc062723c751e8b465ee728b) [PhysX] Initialized MultithreadedTaskDispatcher with 16 workers.
 -> (artifact id: 'fcb613ed3a131b34f920e5b0996c0cd4') in 0.000758 seconds
Number of updated asset objects reloaded before import = 0
Number of asset objects unloaded after import = 0
========================================================================
Received Import Request.
  Time since last request: 9.835430 seconds.
  path: Assets/TechnoGami/2d UI button
  artifactKey: Guid(af50f677c2a488e49af2a7be77c9d197) Importer(815301076,1909f56bfc062723c751e8b465ee728b)
Start importing Assets/TechnoGami/2d UI button using Guid(af50f677c2a488e49af2a7be77c9d197) Importer(815301076,1909f56bfc062723c751e8b465ee728b) [PhysX] Initialized MultithreadedTaskDispatcher with 16 workers.
 -> (artifact id: '3628b234bed6c6f523d147143e1b7c5d') in 0.000809 seconds
Number of updated asset objects reloaded before import = 0
Number of asset objects unloaded after import = 0
========================================================================
Received Import Request.
  Time since last request: 2.826582 seconds.
  path: Assets/TechnoGami/2d UI button/AllSection
  artifactKey: Guid(893625075f39a4448b148bce75e19bdf) Importer(815301076,1909f56bfc062723c751e8b465ee728b)
Start importing Assets/TechnoGami/2d UI button/AllSection using Guid(893625075f39a4448b148bce75e19bdf) Importer(815301076,1909f56bfc062723c751e8b465ee728b) [PhysX] Initialized MultithreadedTaskDispatcher with 16 workers.
 -> (artifact id: '56256f8c4a23cb4ee2b5b1f6150d7b61') in 0.000819 seconds
Number of updated asset objects reloaded before import = 0
Number of asset objects unloaded after import = 0
========================================================================
Received Import Request.
  Time since last request: 1.159444 seconds.
  path: Assets/TechnoGami/2d UI button/AllSection/Section01
  artifactKey: Guid(7e95335606820814f85758ef1b8ea475) Importer(815301076,1909f56bfc062723c751e8b465ee728b)
Start importing Assets/TechnoGami/2d UI button/AllSection/Section01 using Guid(7e95335606820814f85758ef1b8ea475) Importer(815301076,1909f56bfc062723c751e8b465ee728b) [PhysX] Initialized MultithreadedTaskDispatcher with 16 workers.
 -> (artifact id: '3e32b59bb02aee7b3173ec87ce6f4967') in 0.000725 seconds
Number of updated asset objects reloaded before import = 0
Number of asset objects unloaded after import = 0
========================================================================
Received Import Request.
  Time since last request: 0.041807 seconds.
  path: Assets/TechnoGami/2d UI button/AllSection/Section01/BlankButton.png
  artifactKey: Guid(8d30fc405704e214498ee00bc05c50ad) Importer(815301076,1909f56bfc062723c751e8b465ee728b)
Start importing Assets/TechnoGami/2d UI button/AllSection/Section01/BlankButton.png using Guid(8d30fc405704e214498ee00bc05c50ad) Importer(815301076,1909f56bfc062723c751e8b465ee728b) [PhysX] Initialized MultithreadedTaskDispatcher with 16 workers.
[PhysX] Initialized MultithreadedTaskDispatcher with 16 workers.
 -> (artifact id: 'b4cb315af19f20ffbe0a147d1bb1e51b') in 0.116632 seconds
Number of updated asset objects reloaded before import = 0
Number of asset objects unloaded after import = 3
========================================================================
Received Import Request.
  Time since last request: 0.000029 seconds.
  path: Assets/TechnoGami/2d UI button/AllSection/Section01/SettingButton.png
  artifactKey: Guid(9afe8b723df40a948b3df48c0736b804) Importer(815301076,1909f56bfc062723c751e8b465ee728b)
Start importing Assets/TechnoGami/2d UI button/AllSection/Section01/SettingButton.png using Guid(9afe8b723df40a948b3df48c0736b804) Importer(815301076,1909f56bfc062723c751e8b465ee728b) [PhysX] Initialized MultithreadedTaskDispatcher with 16 workers.
[PhysX] Initialized MultithreadedTaskDispatcher with 16 workers.
 -> (artifact id: '6b2bb4b65a8cb2a7e03bfa8c4c2c91ed') in 0.013814 seconds
Number of updated asset objects reloaded before import = 0
Number of asset objects unloaded after import = 3
========================================================================
Received Import Request.
  Time since last request: 0.000026 seconds.
  path: Assets/TechnoGami/2d UI button/AllSection/Section01/StartButton.png
  artifactKey: Guid(fddf087ead9010447958b0ccad787990) Importer(815301076,1909f56bfc062723c751e8b465ee728b)
Start importing Assets/TechnoGami/2d UI button/AllSection/Section01/StartButton.png using Guid(fddf087ead9010447958b0ccad787990) Importer(815301076,1909f56bfc062723c751e8b465ee728b) [PhysX] Initialized MultithreadedTaskDispatcher with 16 workers.
[PhysX] Initialized MultithreadedTaskDispatcher with 16 workers.
 -> (artifact id: 'd0e6a60b1977abfaf4ba6e9f05c3d99d') in 0.012623 seconds
Number of updated asset objects reloaded before import = 0
Number of asset objects unloaded after import = 3
========================================================================
Received Import Request.
  Time since last request: 68.376443 seconds.
  path: Assets/TechnoGami/2d UI button/AllSection/Section03/ExitButton.png
  artifactKey: Guid(ea3977169a5ee1c468179b62f1e51fce) Importer(815301076,1909f56bfc062723c751e8b465ee728b)
Start importing Assets/TechnoGami/2d UI button/AllSection/Section03/ExitButton.png using Guid(ea3977169a5ee1c468179b62f1e51fce) Importer(815301076,1909f56bfc062723c751e8b465ee728b) [PhysX] Initialized MultithreadedTaskDispatcher with 16 workers.
[PhysX] Initialized MultithreadedTaskDispatcher with 16 workers.
 -> (artifact id: '24c76b7021e395acbfbae791c20d4887') in 0.013032 seconds
Number of updated asset objects reloaded before import = 0
Number of asset objects unloaded after import = 3
========================================================================
Received Import Request.
  Time since last request: 0.000041 seconds.
  path: Assets/TechnoGami/2d UI button/AllSection/Section03/SettingButton.png
  artifactKey: Guid(c9ba45f6365a414438658d33d015d356) Importer(815301076,1909f56bfc062723c751e8b465ee728b)
Start importing Assets/TechnoGami/2d UI button/AllSection/Section03/SettingButton.png using Guid(c9ba45f6365a414438658d33d015d356) Importer(815301076,1909f56bfc062723c751e8b465ee728b) [PhysX] Initialized MultithreadedTaskDispatcher with 16 workers.
[PhysX] Initialized MultithreadedTaskDispatcher with 16 workers.
 -> (artifact id: 'a53a9a32f794fffa08dabe58448c82cd') in 0.017304 seconds
Number of updated asset objects reloaded before import = 0
Number of asset objects unloaded after import = 3
========================================================================
Received Import Request.
  Time since last request: 0.000043 seconds.
  path: Assets/TechnoGami/2d UI button/AllSection/Section03/StartButton.png
  artifactKey: Guid(dfdc0e6723064cf4e86bdffe50ba1d77) Importer(815301076,1909f56bfc062723c751e8b465ee728b)
Start importing Assets/TechnoGami/2d UI button/AllSection/Section03/StartButton.png using Guid(dfdc0e6723064cf4e86bdffe50ba1d77) Importer(815301076,1909f56bfc062723c751e8b465ee728b) [PhysX] Initialized MultithreadedTaskDispatcher with 16 workers.
[PhysX] Initialized MultithreadedTaskDispatcher with 16 workers.
 -> (artifact id: '04ead8ee7ee10fc1bbd907f944ed3615') in 0.015330 seconds
Number of updated asset objects reloaded before import = 0
Number of asset objects unloaded after import = 3
========================================================================
Received Import Request.
  Time since last request: 0.000026 seconds.
  path: Assets/TechnoGami/2d UI button/AllSection/Section03/OptionButton.png
  artifactKey: Guid(d3e215053b766af42b5b481d1f9f0729) Importer(815301076,1909f56bfc062723c751e8b465ee728b)
Start importing Assets/TechnoGami/2d UI button/AllSection/Section03/OptionButton.png using Guid(d3e215053b766af42b5b481d1f9f0729) Importer(815301076,1909f56bfc062723c751e8b465ee728b) [PhysX] Initialized MultithreadedTaskDispatcher with 16 workers.
[PhysX] Initialized MultithreadedTaskDispatcher with 16 workers.
 -> (artifact id: '1c1f3e2fe7bc8f3105b48183788792d0') in 0.016275 seconds
Number of updated asset objects reloaded before import = 0
Number of asset objects unloaded after import = 3
========================================================================
Received Import Request.
  Time since last request: 0.319635 seconds.
  path: Assets/TechnoGami/2d UI button/AllSection/Section02/ExitButton.png
  artifactKey: Guid(c688a1e6e813c8141b8b074ffd6462d4) Importer(815301076,1909f56bfc062723c751e8b465ee728b)
Start importing Assets/TechnoGami/2d UI button/AllSection/Section02/ExitButton.png using Guid(c688a1e6e813c8141b8b074ffd6462d4) Importer(815301076,1909f56bfc062723c751e8b465ee728b) [PhysX] Initialized MultithreadedTaskDispatcher with 16 workers.
[PhysX] Initialized MultithreadedTaskDispatcher with 16 workers.
 -> (artifact id: 'bcdb5abb47c2905abf682622f8923c60') in 0.014412 seconds
Number of updated asset objects reloaded before import = 0
Number of asset objects unloaded after import = 3
========================================================================
Received Import Request.
  Time since last request: 0.000024 seconds.
  path: Assets/TechnoGami/2d UI button/AllSection/Section02/OptionButton.png
  artifactKey: Guid(f10429c38dca33542a6c7f0719facfa0) Importer(815301076,1909f56bfc062723c751e8b465ee728b)
Start importing Assets/TechnoGami/2d UI button/AllSection/Section02/OptionButton.png using Guid(f10429c38dca33542a6c7f0719facfa0) Importer(815301076,1909f56bfc062723c751e8b465ee728b) [PhysX] Initialized MultithreadedTaskDispatcher with 16 workers.
[PhysX] Initialized MultithreadedTaskDispatcher with 16 workers.
 -> (artifact id: 'fc4fe61233205f5bb6985c375a623b61') in 0.015548 seconds
Number of updated asset objects reloaded before import = 0
Number of asset objects unloaded after import = 3
========================================================================
Received Import Request.
  Time since last request: 35.878107 seconds.
  path: Assets/TechnoGami/2d UI button/AllSection/Section04/ExitButton.png
  artifactKey: Guid(eaa1d89c02773e34e90b78a04d12b34e) Importer(815301076,1909f56bfc062723c751e8b465ee728b)
Start importing Assets/TechnoGami/2d UI button/AllSection/Section04/ExitButton.png using Guid(eaa1d89c02773e34e90b78a04d12b34e) Importer(815301076,1909f56bfc062723c751e8b465ee728b) [PhysX] Initialized MultithreadedTaskDispatcher with 16 workers.
[PhysX] Initialized MultithreadedTaskDispatcher with 16 workers.
 -> (artifact id: '9de65cf95ea3c6460dda7e93890c51ed') in 0.015828 seconds
Number of updated asset objects reloaded before import = 0
Number of asset objects unloaded after import = 3
========================================================================
Received Import Request.
  Time since last request: 0.000032 seconds.
  path: Assets/TechnoGami/2d UI button/AllSection/Section04/StartButton.png
  artifactKey: Guid(b1052106919680b45af6b06cc87db6c3) Importer(815301076,1909f56bfc062723c751e8b465ee728b)
Start importing Assets/TechnoGami/2d UI button/AllSection/Section04/StartButton.png using Guid(b1052106919680b45af6b06cc87db6c3) Importer(815301076,1909f56bfc062723c751e8b465ee728b) [PhysX] Initialized MultithreadedTaskDispatcher with 16 workers.
[PhysX] Initialized MultithreadedTaskDispatcher with 16 workers.
 -> (artifact id: '3aa93bb8a9e4f39f2ef43849c73b73c4') in 0.016985 seconds
Number of updated asset objects reloaded before import = 0
Number of asset objects unloaded after import = 3
========================================================================
Received Import Request.
  Time since last request: 12.364030 seconds.
  path: Assets/TechnoGami/2d UI button/AllSection/Section05/ExitButton.png
  artifactKey: Guid(e7df6842c709c9448aa576367271665f) Importer(815301076,1909f56bfc062723c751e8b465ee728b)
Start importing Assets/TechnoGami/2d UI button/AllSection/Section05/ExitButton.png using Guid(e7df6842c709c9448aa576367271665f) Importer(815301076,1909f56bfc062723c751e8b465ee728b) [PhysX] Initialized MultithreadedTaskDispatcher with 16 workers.
[PhysX] Initialized MultithreadedTaskDispatcher with 16 workers.
 -> (artifact id: 'a20bfa9a7c60432c172870f1c02697f9') in 0.016081 seconds
Number of updated asset objects reloaded before import = 0
Number of asset objects unloaded after import = 3
========================================================================
Received Import Request.
  Time since last request: 0.000026 seconds.
  path: Assets/TechnoGami/2d UI button/AllSection/Section05/SettingButton.png
  artifactKey: Guid(5128a329f9c763d46a4d2b82fa32bb48) Importer(815301076,1909f56bfc062723c751e8b465ee728b)
Start importing Assets/TechnoGami/2d UI button/AllSection/Section05/SettingButton.png using Guid(5128a329f9c763d46a4d2b82fa32bb48) Importer(815301076,1909f56bfc062723c751e8b465ee728b) [PhysX] Initialized MultithreadedTaskDispatcher with 16 workers.
[PhysX] Initialized MultithreadedTaskDispatcher with 16 workers.
 -> (artifact id: '0e1402ebf4477370883a40e16966d7ef') in 0.020303 seconds
Number of updated asset objects reloaded before import = 0
Number of asset objects unloaded after import = 3
========================================================================
Received Import Request.
  Time since last request: 424.647749 seconds.
  path: Assets/TechnoGami/2d UI button/Prefabs/section02.prefab
  artifactKey: Guid(fd4bc77d26f58c846b59b24e5cfe1546) Importer(815301076,1909f56bfc062723c751e8b465ee728b)
Start importing Assets/TechnoGami/2d UI button/Prefabs/section02.prefab using Guid(fd4bc77d26f58c846b59b24e5cfe1546) Importer(815301076,1909f56bfc062723c751e8b465ee728b) [PhysX] Initialized MultithreadedTaskDispatcher with 16 workers.
 -> (artifact id: '0ba0362ca751347261a018342f81b834') in 0.007163 seconds
Number of updated asset objects reloaded before import = 0
Number of asset objects unloaded after import = 34
========================================================================
Received Import Request.
  Time since last request: 0.006246 seconds.
  path: Assets/TechnoGami/2d UI button/Prefabs/section04.prefab
  artifactKey: Guid(8623534eb7c70a84c9f7e72c6fa4fcbb) Importer(815301076,1909f56bfc062723c751e8b465ee728b)
Start importing Assets/TechnoGami/2d UI button/Prefabs/section04.prefab using Guid(8623534eb7c70a84c9f7e72c6fa4fcbb) Importer(815301076,1909f56bfc062723c751e8b465ee728b) [PhysX] Initialized MultithreadedTaskDispatcher with 16 workers.
 -> (artifact id: '0931b2317a11ba2619104f6516c76329') in 0.005042 seconds
Number of updated asset objects reloaded before import = 0
Number of asset objects unloaded after import = 34
========================================================================
Received Import Request.
  Time since last request: 0.000026 seconds.
  path: Assets/TechnoGami/2d UI button/Prefabs/section03.prefab
  artifactKey: Guid(a3f62dcd693776b4d809c5846dfe4b50) Importer(815301076,1909f56bfc062723c751e8b465ee728b)
Start importing Assets/TechnoGami/2d UI button/Prefabs/section03.prefab using Guid(a3f62dcd693776b4d809c5846dfe4b50) Importer(815301076,1909f56bfc062723c751e8b465ee728b) [PhysX] Initialized MultithreadedTaskDispatcher with 16 workers.
 -> (artifact id: '50f7ce6bf5fb64b89180721dbf5712bf') in 0.004998 seconds
Number of updated asset objects reloaded before import = 0
Number of asset objects unloaded after import = 34
========================================================================
Received Import Request.
  Time since last request: 1455.599666 seconds.
  path: Assets/SHarmid/Simple Icons - Classic/Icons/Icon (2).prefab
  artifactKey: Guid(316ffe26f507c2944971d75e7a54f3bb) Importer(815301076,1909f56bfc062723c751e8b465ee728b)
Start importing Assets/SHarmid/Simple Icons - Classic/Icons/Icon (2).prefab using Guid(316ffe26f507c2944971d75e7a54f3bb) Importer(815301076,1909f56bfc062723c751e8b465ee728b) [PhysX] Initialized MultithreadedTaskDispatcher with 16 workers.
 -> (artifact id: '03d69e561aebbdeec09a91f7289423cd') in 0.004797 seconds
Number of updated asset objects reloaded before import = 0
Number of asset objects unloaded after import = 14
========================================================================
Received Import Request.
  Time since last request: 0.009030 seconds.
  path: Assets/SHarmid/Simple Icons - Classic/Icons/Icon (5).prefab
  artifactKey: Guid(2ecf51bffdeb7204691ebaeddccb0549) Importer(815301076,1909f56bfc062723c751e8b465ee728b)
Start importing Assets/SHarmid/Simple Icons - Classic/Icons/Icon (5).prefab using Guid(2ecf51bffdeb7204691ebaeddccb0549) Importer(815301076,1909f56bfc062723c751e8b465ee728b) [PhysX] Initialized MultithreadedTaskDispatcher with 16 workers.
 -> (artifact id: '4b4738a3879adc3c6f517065a63aee66') in 0.004065 seconds
Number of updated asset objects reloaded before import = 0
Number of asset objects unloaded after import = 14
========================================================================
Received Import Request.
  Time since last request: 0.007968 seconds.
  path: Assets/SHarmid/Simple Icons - Classic/Icons/Icon (9).prefab
  artifactKey: Guid(18429c78293e0804b920fbe73b9440fa) Importer(815301076,1909f56bfc062723c751e8b465ee728b)
Start importing Assets/SHarmid/Simple Icons - Classic/Icons/Icon (9).prefab using Guid(18429c78293e0804b920fbe73b9440fa) Importer(815301076,1909f56bfc062723c751e8b465ee728b) [PhysX] Initialized MultithreadedTaskDispatcher with 16 workers.
 -> (artifact id: '91d9edb519d5f9c8ee510ab4b8f97e77') in 0.005963 seconds
Number of updated asset objects reloaded before import = 0
Number of asset objects unloaded after import = 14
========================================================================
Received Import Request.
  Time since last request: 0.000040 seconds.
  path: Assets/SHarmid/Simple Icons - Classic/Icons/Icon (19).prefab
  artifactKey: Guid(16d3fb7f55996a64fb32eb1b84e25bf7) Importer(815301076,1909f56bfc062723c751e8b465ee728b)
Start importing Assets/SHarmid/Simple Icons - Classic/Icons/Icon (19).prefab using Guid(16d3fb7f55996a64fb32eb1b84e25bf7) Importer(815301076,1909f56bfc062723c751e8b465ee728b) [PhysX] Initialized MultithreadedTaskDispatcher with 16 workers.
 -> (artifact id: 'bc0d50d989c63c2bc0f115fc76cbb4ae') in 0.004791 seconds
Number of updated asset objects reloaded before import = 0
Number of asset objects unloaded after import = 14
========================================================================
Received Import Request.
  Time since last request: 0.000032 seconds.
  path: Assets/SHarmid/Simple Icons - Classic/Icons/Icon (15).prefab
  artifactKey: Guid(c567dc83d574f8948bd980eae0af5c55) Importer(815301076,1909f56bfc062723c751e8b465ee728b)
Start importing Assets/SHarmid/Simple Icons - Classic/Icons/Icon (15).prefab using Guid(c567dc83d574f8948bd980eae0af5c55) Importer(815301076,1909f56bfc062723c751e8b465ee728b) [PhysX] Initialized MultithreadedTaskDispatcher with 16 workers.
 -> (artifact id: 'e6aca892a1ddcc46fcde646fd9bad9c3') in 0.004728 seconds
Number of updated asset objects reloaded before import = 0
Number of asset objects unloaded after import = 14
========================================================================
Received Import Request.
  Time since last request: 0.000035 seconds.
  path: Assets/SHarmid/Simple Icons - Classic/Icons/Icon (16).prefab
  artifactKey: Guid(36cea3842d4a92f4691ca98f13b69eab) Importer(815301076,1909f56bfc062723c751e8b465ee728b)
Start importing Assets/SHarmid/Simple Icons - Classic/Icons/Icon (16).prefab using Guid(36cea3842d4a92f4691ca98f13b69eab) Importer(815301076,1909f56bfc062723c751e8b465ee728b) [PhysX] Initialized MultithreadedTaskDispatcher with 16 workers.
 -> (artifact id: 'a9e45572cb1f8cf8a3402efe8b34132e') in 0.003798 seconds
Number of updated asset objects reloaded before import = 0
Number of asset objects unloaded after import = 14
========================================================================
Received Import Request.
  Time since last request: 0.000036 seconds.
  path: Assets/SHarmid/Simple Icons - Classic/Icons/Icon (21).prefab
  artifactKey: Guid(1fab496f3df88ee4a8fdc95911053f13) Importer(815301076,1909f56bfc062723c751e8b465ee728b)
Start importing Assets/SHarmid/Simple Icons - Classic/Icons/Icon (21).prefab using Guid(1fab496f3df88ee4a8fdc95911053f13) Importer(815301076,1909f56bfc062723c751e8b465ee728b) [PhysX] Initialized MultithreadedTaskDispatcher with 16 workers.
 -> (artifact id: 'c5032749613421d381c4055ba9bb4376') in 0.005159 seconds
Number of updated asset objects reloaded before import = 0
Number of asset objects unloaded after import = 14
========================================================================
Received Import Request.
  Time since last request: 0.000039 seconds.
  path: Assets/SHarmid/Simple Icons - Classic/Icons/Icon (25).prefab
  artifactKey: Guid(2815064159ddf784b8aab5b8a902b587) Importer(815301076,1909f56bfc062723c751e8b465ee728b)
Start importing Assets/SHarmid/Simple Icons - Classic/Icons/Icon (25).prefab using Guid(2815064159ddf784b8aab5b8a902b587) Importer(815301076,1909f56bfc062723c751e8b465ee728b) [PhysX] Initialized MultithreadedTaskDispatcher with 16 workers.
 -> (artifact id: '7dfb50f932689b57e894b949f4c0bfe6') in 0.004541 seconds
Number of updated asset objects reloaded before import = 0
Number of asset objects unloaded after import = 14
========================================================================
Received Import Request.
  Time since last request: 0.000033 seconds.
  path: Assets/SHarmid/Simple Icons - Classic/Icons/Icon (31).prefab
  artifactKey: Guid(c5f2053f0a2c4114d9edd46cf9954666) Importer(815301076,1909f56bfc062723c751e8b465ee728b)
Start importing Assets/SHarmid/Simple Icons - Classic/Icons/Icon (31).prefab using Guid(c5f2053f0a2c4114d9edd46cf9954666) Importer(815301076,1909f56bfc062723c751e8b465ee728b) [PhysX] Initialized MultithreadedTaskDispatcher with 16 workers.
 -> (artifact id: 'fe6b6fa4912cfa3c939ad49e7c091c61') in 0.004477 seconds
Number of updated asset objects reloaded before import = 0
Number of asset objects unloaded after import = 14
========================================================================
Received Import Request.
  Time since last request: 0.000039 seconds.
  path: Assets/SHarmid/Simple Icons - Classic/Icons/Icon (35).prefab
  artifactKey: Guid(ec25090838aed40488a50f1b979e4606) Importer(815301076,1909f56bfc062723c751e8b465ee728b)
Start importing Assets/SHarmid/Simple Icons - Classic/Icons/Icon (35).prefab using Guid(ec25090838aed40488a50f1b979e4606) Importer(815301076,1909f56bfc062723c751e8b465ee728b) [PhysX] Initialized MultithreadedTaskDispatcher with 16 workers.
 -> (artifact id: '6b3f0176cb1d85f08c71ef981e8f8178') in 0.004094 seconds
Number of updated asset objects reloaded before import = 0
Number of asset objects unloaded after import = 14
========================================================================
Received Import Request.
  Time since last request: 0.000047 seconds.
  path: Assets/SHarmid/Simple Icons - Classic/Icons/Icon (26).prefab
  artifactKey: Guid(67190a03498d5224ca45fb58a0063ed6) Importer(815301076,1909f56bfc062723c751e8b465ee728b)
Start importing Assets/SHarmid/Simple Icons - Classic/Icons/Icon (26).prefab using Guid(67190a03498d5224ca45fb58a0063ed6) Importer(815301076,1909f56bfc062723c751e8b465ee728b) [PhysX] Initialized MultithreadedTaskDispatcher with 16 workers.
 -> (artifact id: 'aaf09423f8dc2ce0141af806426da185') in 0.003588 seconds
Number of updated asset objects reloaded before import = 0
Number of asset objects unloaded after import = 14
========================================================================
Received Import Request.
  Time since last request: 0.000029 seconds.
  path: Assets/SHarmid/Simple Icons - Classic/Icons/Icon (17).prefab
  artifactKey: Guid(9dded83b24a4d8c4e99df78fb5ec1dff) Importer(815301076,1909f56bfc062723c751e8b465ee728b)
Start importing Assets/SHarmid/Simple Icons - Classic/Icons/Icon (17).prefab using Guid(9dded83b24a4d8c4e99df78fb5ec1dff) Importer(815301076,1909f56bfc062723c751e8b465ee728b) [PhysX] Initialized MultithreadedTaskDispatcher with 16 workers.
 -> (artifact id: '95f802f604a34435944844d31514d8bb') in 0.003665 seconds
Number of updated asset objects reloaded before import = 0
Number of asset objects unloaded after import = 14
========================================================================
Received Import Request.
  Time since last request: 0.000025 seconds.
  path: Assets/SHarmid/Simple Icons - Classic/Icons/Icon (20).prefab
  artifactKey: Guid(07ce3eccf36d34347b578ae6b8aa1584) Importer(815301076,1909f56bfc062723c751e8b465ee728b)
Start importing Assets/SHarmid/Simple Icons - Classic/Icons/Icon (20).prefab using Guid(07ce3eccf36d34347b578ae6b8aa1584) Importer(815301076,1909f56bfc062723c751e8b465ee728b) [PhysX] Initialized MultithreadedTaskDispatcher with 16 workers.
 -> (artifact id: 'be2951e52190e10640f7179de258aaf4') in 0.004292 seconds
Number of updated asset objects reloaded before import = 0
Number of asset objects unloaded after import = 14
========================================================================
Received Import Request.
  Time since last request: 0.000025 seconds.
  path: Assets/SHarmid/Simple Icons - Classic/Icons/Icon (22).prefab
  artifactKey: Guid(7ca6b75b27b103b43b989646620ea0b0) Importer(815301076,1909f56bfc062723c751e8b465ee728b)
Start importing Assets/SHarmid/Simple Icons - Classic/Icons/Icon (22).prefab using Guid(7ca6b75b27b103b43b989646620ea0b0) Importer(815301076,1909f56bfc062723c751e8b465ee728b) [PhysX] Initialized MultithreadedTaskDispatcher with 16 workers.
 -> (artifact id: '7906f9052734620b6a4c643a71f028b7') in 0.003677 seconds
Number of updated asset objects reloaded before import = 0
Number of asset objects unloaded after import = 14
========================================================================
Received Import Request.
  Time since last request: 0.000031 seconds.
  path: Assets/SHarmid/Simple Icons - Classic/Icons/Icon (8).prefab
  artifactKey: Guid(4b6604315f6fe5948890253a309d7920) Importer(815301076,1909f56bfc062723c751e8b465ee728b)
Start importing Assets/SHarmid/Simple Icons - Classic/Icons/Icon (8).prefab using Guid(4b6604315f6fe5948890253a309d7920) Importer(815301076,1909f56bfc062723c751e8b465ee728b) [PhysX] Initialized MultithreadedTaskDispatcher with 16 workers.
 -> (artifact id: '6842f3136cf3562fb3b14ff930d24635') in 0.005288 seconds
Number of updated asset objects reloaded before import = 0
Number of asset objects unloaded after import = 14
========================================================================
Received Import Request.
  Time since last request: 0.000032 seconds.
  path: Assets/SHarmid/Simple Icons - Classic/Icons/Icon (3).prefab
  artifactKey: Guid(ba9c5e5443750df4fb38ffa71c2c9c23) Importer(815301076,1909f56bfc062723c751e8b465ee728b)
Start importing Assets/SHarmid/Simple Icons - Classic/Icons/Icon (3).prefab using Guid(ba9c5e5443750df4fb38ffa71c2c9c23) Importer(815301076,1909f56bfc062723c751e8b465ee728b) [PhysX] Initialized MultithreadedTaskDispatcher with 16 workers.
 -> (artifact id: 'eff0273afc5561219097807d4855565c') in 0.004381 seconds
Number of updated asset objects reloaded before import = 0
Number of asset objects unloaded after import = 14
========================================================================
Received Import Request.
  Time since last request: 0.000051 seconds.
  path: Assets/SHarmid/Simple Icons - Classic/Icons/Icon (37).prefab
  artifactKey: Guid(3a69873da12eb1d488b931f72f462fb2) Importer(815301076,1909f56bfc062723c751e8b465ee728b)
Start importing Assets/SHarmid/Simple Icons - Classic/Icons/Icon (37).prefab using Guid(3a69873da12eb1d488b931f72f462fb2) Importer(815301076,1909f56bfc062723c751e8b465ee728b) [PhysX] Initialized MultithreadedTaskDispatcher with 16 workers.
 -> (artifact id: 'ffa47e0452b819d543af5fdc3590f739') in 0.003953 seconds
Number of updated asset objects reloaded before import = 0
Number of asset objects unloaded after import = 14
========================================================================
Received Import Request.
  Time since last request: 0.000033 seconds.
  path: Assets/SHarmid/Simple Icons - Classic/Icons/Icon (12).prefab
  artifactKey: Guid(30ecd9f0a7272f241bb8123678529a99) Importer(815301076,1909f56bfc062723c751e8b465ee728b)
Start importing Assets/SHarmid/Simple Icons - Classic/Icons/Icon (12).prefab using Guid(30ecd9f0a7272f241bb8123678529a99) Importer(815301076,1909f56bfc062723c751e8b465ee728b) [PhysX] Initialized MultithreadedTaskDispatcher with 16 workers.
 -> (artifact id: '401a68e8c23836c65a80c69e5b52ba99') in 0.004554 seconds
Number of updated asset objects reloaded before import = 0
Number of asset objects unloaded after import = 14
========================================================================
Received Import Request.
  Time since last request: 12.136823 seconds.
  path: Assets/SHarmid/Simple Icons - Classic/Icons/Icon (39).prefab
  artifactKey: Guid(feeef821d06ef814c9ddfa7daf6aa2c8) Importer(815301076,1909f56bfc062723c751e8b465ee728b)
Start importing Assets/SHarmid/Simple Icons - Classic/Icons/Icon (39).prefab using Guid(feeef821d06ef814c9ddfa7daf6aa2c8) Importer(815301076,1909f56bfc062723c751e8b465ee728b) [PhysX] Initialized MultithreadedTaskDispatcher with 16 workers.
 -> (artifact id: 'e167eb47a9b92b35033cbf7362bf37cb') in 0.003723 seconds
Number of updated asset objects reloaded before import = 0
Number of asset objects unloaded after import = 14
========================================================================
Received Import Request.
  Time since last request: 0.000023 seconds.
  path: Assets/SHarmid/Simple Icons - Classic/Icons/Icon (49).prefab
  artifactKey: Guid(bae72223dd3113f4298d8be83fcfec89) Importer(815301076,1909f56bfc062723c751e8b465ee728b)
Start importing Assets/SHarmid/Simple Icons - Classic/Icons/Icon (49).prefab using Guid(bae72223dd3113f4298d8be83fcfec89) Importer(815301076,1909f56bfc062723c751e8b465ee728b) [PhysX] Initialized MultithreadedTaskDispatcher with 16 workers.
 -> (artifact id: '98dbd28ccba0abca5a92f63f03d11ad3') in 0.003648 seconds
Number of updated asset objects reloaded before import = 0
Number of asset objects unloaded after import = 14
========================================================================
Received Import Request.
  Time since last request: 0.000030 seconds.
  path: Assets/SHarmid/Simple Icons - Classic/Icons/Icon (46).prefab
  artifactKey: Guid(9790fc1acf7ca624ba61d44be3e24e23) Importer(815301076,1909f56bfc062723c751e8b465ee728b)
Start importing Assets/SHarmid/Simple Icons - Classic/Icons/Icon (46).prefab using Guid(9790fc1acf7ca624ba61d44be3e24e23) Importer(815301076,1909f56bfc062723c751e8b465ee728b) [PhysX] Initialized MultithreadedTaskDispatcher with 16 workers.
 -> (artifact id: '64738455c887f726f62392b0eb4a65b7') in 0.003509 seconds
Number of updated asset objects reloaded before import = 0
Number of asset objects unloaded after import = 14
========================================================================
Received Import Request.
  Time since last request: 0.000045 seconds.
  path: Assets/SHarmid/Simple Icons - Classic/Icons/Icon (44).prefab
  artifactKey: Guid(91630b6cb08f18d48ab8feff475ad6a7) Importer(815301076,1909f56bfc062723c751e8b465ee728b)
Start importing Assets/SHarmid/Simple Icons - Classic/Icons/Icon (44).prefab using Guid(91630b6cb08f18d48ab8feff475ad6a7) Importer(815301076,1909f56bfc062723c751e8b465ee728b) [PhysX] Initialized MultithreadedTaskDispatcher with 16 workers.
 -> (artifact id: 'b9d21e82cf7e6b7b712dbd037aa92ca8') in 0.003442 seconds
Number of updated asset objects reloaded before import = 0
Number of asset objects unloaded after import = 14
========================================================================
Received Import Request.
  Time since last request: 0.000034 seconds.
  path: Assets/SHarmid/Simple Icons - Classic/Icons/Icon (56).prefab
  artifactKey: Guid(1b0557631208f8147a3c9a66b2c6f141) Importer(815301076,1909f56bfc062723c751e8b465ee728b)
Start importing Assets/SHarmid/Simple Icons - Classic/Icons/Icon (56).prefab using Guid(1b0557631208f8147a3c9a66b2c6f141) Importer(815301076,1909f56bfc062723c751e8b465ee728b) [PhysX] Initialized MultithreadedTaskDispatcher with 16 workers.
 -> (artifact id: 'a1cdc1d5e9cd7447a5843a56a18c46ea') in 0.003717 seconds
Number of updated asset objects reloaded before import = 0
Number of asset objects unloaded after import = 14
========================================================================
Received Import Request.
  Time since last request: 0.000048 seconds.
  path: Assets/SHarmid/Simple Icons - Classic/Icons/Icon (53).prefab
  artifactKey: Guid(5b34424a8bb2d3d4785e5e7bac8c3334) Importer(815301076,1909f56bfc062723c751e8b465ee728b)
Start importing Assets/SHarmid/Simple Icons - Classic/Icons/Icon (53).prefab using Guid(5b34424a8bb2d3d4785e5e7bac8c3334) Importer(815301076,1909f56bfc062723c751e8b465ee728b) [PhysX] Initialized MultithreadedTaskDispatcher with 16 workers.
 -> (artifact id: '4edadd671fd73c84c69ac04ca46dc5bd') in 0.003538 seconds
Number of updated asset objects reloaded before import = 0
Number of asset objects unloaded after import = 14
========================================================================
Received Import Request.
  Time since last request: 0.000024 seconds.
  path: Assets/SHarmid/Simple Icons - Classic/Icons/Icon (60).prefab
  artifactKey: Guid(aa3552d5b3591ad498434da750e0f0bc) Importer(815301076,1909f56bfc062723c751e8b465ee728b)
Start importing Assets/SHarmid/Simple Icons - Classic/Icons/Icon (60).prefab using Guid(aa3552d5b3591ad498434da750e0f0bc) Importer(815301076,1909f56bfc062723c751e8b465ee728b) [PhysX] Initialized MultithreadedTaskDispatcher with 16 workers.
 -> (artifact id: 'b61fb8d1b98ca1e1e7f04186311be349') in 0.003926 seconds
Number of updated asset objects reloaded before import = 0
Number of asset objects unloaded after import = 14
========================================================================
Received Import Request.
  Time since last request: 0.000030 seconds.
  path: Assets/SHarmid/Simple Icons - Classic/Icons/Icon (64).prefab
  artifactKey: Guid(06add9b0c297f6f4db08fabedc97cbe4) Importer(815301076,1909f56bfc062723c751e8b465ee728b)
Start importing Assets/SHarmid/Simple Icons - Classic/Icons/Icon (64).prefab using Guid(06add9b0c297f6f4db08fabedc97cbe4) Importer(815301076,1909f56bfc062723c751e8b465ee728b) [PhysX] Initialized MultithreadedTaskDispatcher with 16 workers.
 -> (artifact id: '02f19ad5038441abda89d6036669015b') in 0.003813 seconds
Number of updated asset objects reloaded before import = 0
Number of asset objects unloaded after import = 14
========================================================================
Received Import Request.
  Time since last request: 0.000024 seconds.
  path: Assets/SHarmid/Simple Icons - Classic/Icons/Icon (57).prefab
  artifactKey: Guid(e2a478434ced2574ea617a56caedebc6) Importer(815301076,1909f56bfc062723c751e8b465ee728b)
Start importing Assets/SHarmid/Simple Icons - Classic/Icons/Icon (57).prefab using Guid(e2a478434ced2574ea617a56caedebc6) Importer(815301076,1909f56bfc062723c751e8b465ee728b) [PhysX] Initialized MultithreadedTaskDispatcher with 16 workers.
 -> (artifact id: '882eaed97d03da60d00e768538f0ceed') in 0.004326 seconds
Number of updated asset objects reloaded before import = 0
Number of asset objects unloaded after import = 14
========================================================================
Received Import Request.
  Time since last request: 0.000030 seconds.
  path: Assets/SHarmid/Simple Icons - Classic/Icons/Icon (72).prefab
  artifactKey: Guid(b3fd9ef45a78d9d4d9fcb04b1d6f58a1) Importer(815301076,1909f56bfc062723c751e8b465ee728b)
Start importing Assets/SHarmid/Simple Icons - Classic/Icons/Icon (72).prefab using Guid(b3fd9ef45a78d9d4d9fcb04b1d6f58a1) Importer(815301076,1909f56bfc062723c751e8b465ee728b) [PhysX] Initialized MultithreadedTaskDispatcher with 16 workers.
 -> (artifact id: '66512afde77021796a9ed7af71bec0d6') in 0.004931 seconds
Number of updated asset objects reloaded before import = 0
Number of asset objects unloaded after import = 14
========================================================================
Received Import Request.
  Time since last request: 0.000034 seconds.
  path: Assets/SHarmid/Simple Icons - Classic/Icons/Icon (63).prefab
  artifactKey: Guid(2c3aa3b0541647c4f90ca86fcbd7e037) Importer(815301076,1909f56bfc062723c751e8b465ee728b)
Start importing Assets/SHarmid/Simple Icons - Classic/Icons/Icon (63).prefab using Guid(2c3aa3b0541647c4f90ca86fcbd7e037) Importer(815301076,1909f56bfc062723c751e8b465ee728b) [PhysX] Initialized MultithreadedTaskDispatcher with 16 workers.
 -> (artifact id: 'bfdeef59601e7047bc782022876b266b') in 0.004471 seconds
Number of updated asset objects reloaded before import = 0
Number of asset objects unloaded after import = 14
========================================================================
Received Import Request.
  Time since last request: 0.000036 seconds.
  path: Assets/SHarmid/Simple Icons - Classic/Icons/Icon (66).prefab
  artifactKey: Guid(b70d7fa8ff1a639449de9c72fc10da31) Importer(815301076,1909f56bfc062723c751e8b465ee728b)
Start importing Assets/SHarmid/Simple Icons - Classic/Icons/Icon (66).prefab using Guid(b70d7fa8ff1a639449de9c72fc10da31) Importer(815301076,1909f56bfc062723c751e8b465ee728b) [PhysX] Initialized MultithreadedTaskDispatcher with 16 workers.
 -> (artifact id: '4b5b03b867b3b4a29f62704f9e0e8719') in 0.003679 seconds
Number of updated asset objects reloaded before import = 0
Number of asset objects unloaded after import = 14
========================================================================
Received Import Request.
  Time since last request: 0.000023 seconds.
  path: Assets/SHarmid/Simple Icons - Classic/Icons/Icon (47).prefab
  artifactKey: Guid(bc8ff9b9f30e7634592e57fad017b215) Importer(815301076,1909f56bfc062723c751e8b465ee728b)
Start importing Assets/SHarmid/Simple Icons - Classic/Icons/Icon (47).prefab using Guid(bc8ff9b9f30e7634592e57fad017b215) Importer(815301076,1909f56bfc062723c751e8b465ee728b) [PhysX] Initialized MultithreadedTaskDispatcher with 16 workers.
 -> (artifact id: 'f9cd534ca92b680f2438931b07e8798e') in 0.004828 seconds
Number of updated asset objects reloaded before import = 0
Number of asset objects unloaded after import = 14
========================================================================
Received Import Request.
  Time since last request: 0.000032 seconds.
  path: Assets/SHarmid/Simple Icons - Classic/Icons/Icon (71).prefab
  artifactKey: Guid(5cf697ace7ab8c540bdcece2348a301d) Importer(815301076,1909f56bfc062723c751e8b465ee728b)
Start importing Assets/SHarmid/Simple Icons - Classic/Icons/Icon (71).prefab using Guid(5cf697ace7ab8c540bdcece2348a301d) Importer(815301076,1909f56bfc062723c751e8b465ee728b) [PhysX] Initialized MultithreadedTaskDispatcher with 16 workers.
 -> (artifact id: 'f78048aa873a0e2bd209f96c37967052') in 0.004232 seconds
Number of updated asset objects reloaded before import = 0
Number of asset objects unloaded after import = 14
========================================================================
Received Import Request.
  Time since last request: 0.000058 seconds.
  path: Assets/SHarmid/Simple Icons - Classic/Icons/Icon (40).prefab
  artifactKey: Guid(6d47a9dda13b762419f43c7cfd9e53dd) Importer(815301076,1909f56bfc062723c751e8b465ee728b)
Start importing Assets/SHarmid/Simple Icons - Classic/Icons/Icon (40).prefab using Guid(6d47a9dda13b762419f43c7cfd9e53dd) Importer(815301076,1909f56bfc062723c751e8b465ee728b) [PhysX] Initialized MultithreadedTaskDispatcher with 16 workers.
 -> (artifact id: '8b426b5f6fa6c80fb18214bcccbb2dc3') in 0.003647 seconds
Number of updated asset objects reloaded before import = 0
Number of asset objects unloaded after import = 14
========================================================================
Received Import Request.
  Time since last request: 0.000032 seconds.
  path: Assets/SHarmid/Simple Icons - Classic/Icons/Icon (68).prefab
  artifactKey: Guid(0db52a7922f3727448df70dc55d927a2) Importer(815301076,1909f56bfc062723c751e8b465ee728b)
Start importing Assets/SHarmid/Simple Icons - Classic/Icons/Icon (68).prefab using Guid(0db52a7922f3727448df70dc55d927a2) Importer(815301076,1909f56bfc062723c751e8b465ee728b) [PhysX] Initialized MultithreadedTaskDispatcher with 16 workers.
 -> (artifact id: '9cd801c5f875cf227b0d4f4bd442b4c8') in 0.005063 seconds
Number of updated asset objects reloaded before import = 0
Number of asset objects unloaded after import = 14
========================================================================
Received Import Request.
  Time since last request: 0.000024 seconds.
  path: Assets/SHarmid/Simple Icons - Classic/Icons/Icon (52).prefab
  artifactKey: Guid(589b4441af236ef42b493806b954058e) Importer(815301076,1909f56bfc062723c751e8b465ee728b)
Start importing Assets/SHarmid/Simple Icons - Classic/Icons/Icon (52).prefab using Guid(589b4441af236ef42b493806b954058e) Importer(815301076,1909f56bfc062723c751e8b465ee728b) [PhysX] Initialized MultithreadedTaskDispatcher with 16 workers.
 -> (artifact id: '5b179803135268743c3decef897107c7') in 0.003624 seconds
Number of updated asset objects reloaded before import = 0
Number of asset objects unloaded after import = 14
========================================================================
Received Import Request.
  Time since last request: 3.354369 seconds.
  path: Assets/SHarmid/Simple Icons - Classic/Sprites/Icons/icon-2.png
  artifactKey: Guid(89027233ac35a60448b8593213b34c8a) Importer(815301076,1909f56bfc062723c751e8b465ee728b)
Start importing Assets/SHarmid/Simple Icons - Classic/Sprites/Icons/icon-2.png using Guid(89027233ac35a60448b8593213b34c8a) Importer(815301076,1909f56bfc062723c751e8b465ee728b) [PhysX] Initialized MultithreadedTaskDispatcher with 16 workers.
[PhysX] Initialized MultithreadedTaskDispatcher with 16 workers.
 -> (artifact id: 'af7467634fe44e03735391d9d488103f') in 0.023885 seconds
Number of updated asset objects reloaded before import = 0
Number of asset objects unloaded after import = 3
========================================================================
Received Import Request.
  Time since last request: 0.000031 seconds.
  path: Assets/SHarmid/Simple Icons - Classic/Sprites/Icons/icon-14.png
  artifactKey: Guid(3fcd82c6ce837d44786e7fd7a58c7bb3) Importer(815301076,1909f56bfc062723c751e8b465ee728b)
Start importing Assets/SHarmid/Simple Icons - Classic/Sprites/Icons/icon-14.png using Guid(3fcd82c6ce837d44786e7fd7a58c7bb3) Importer(815301076,1909f56bfc062723c751e8b465ee728b) [PhysX] Initialized MultithreadedTaskDispatcher with 16 workers.
[PhysX] Initialized MultithreadedTaskDispatcher with 16 workers.
 -> (artifact id: 'b11468dfd81e780fad83ba7c2671ecf3') in 0.013948 seconds
Number of updated asset objects reloaded before import = 0
Number of asset objects unloaded after import = 3
========================================================================
Received Import Request.
  Time since last request: 0.000037 seconds.
  path: Assets/SHarmid/Simple Icons - Classic/Sprites/Icons/icon-25.png
  artifactKey: Guid(5837fc03e1805e149ba34348f632b64f) Importer(815301076,1909f56bfc062723c751e8b465ee728b)
Start importing Assets/SHarmid/Simple Icons - Classic/Sprites/Icons/icon-25.png using Guid(5837fc03e1805e149ba34348f632b64f) Importer(815301076,1909f56bfc062723c751e8b465ee728b) [PhysX] Initialized MultithreadedTaskDispatcher with 16 workers.
[PhysX] Initialized MultithreadedTaskDispatcher with 16 workers.
 -> (artifact id: 'f1a5b379d158b72093c8496a1e010185') in 0.013734 seconds
Number of updated asset objects reloaded before import = 0
Number of asset objects unloaded after import = 3
========================================================================
Received Import Request.
  Time since last request: 0.000037 seconds.
  path: Assets/SHarmid/Simple Icons - Classic/Sprites/Icons/icon-15.png
  artifactKey: Guid(020f2226dab445f4cb735badc31c130c) Importer(815301076,1909f56bfc062723c751e8b465ee728b)
Start importing Assets/SHarmid/Simple Icons - Classic/Sprites/Icons/icon-15.png using Guid(020f2226dab445f4cb735badc31c130c) Importer(815301076,1909f56bfc062723c751e8b465ee728b) [PhysX] Initialized MultithreadedTaskDispatcher with 16 workers.
[PhysX] Initialized MultithreadedTaskDispatcher with 16 workers.
 -> (artifact id: '24498c288af10de79d4a2d492d4c511e') in 0.017246 seconds
Number of updated asset objects reloaded before import = 0
Number of asset objects unloaded after import = 3
========================================================================
Received Import Request.
  Time since last request: 0.000034 seconds.
  path: Assets/SHarmid/Simple Icons - Classic/Sprites/Icons/icon-23.png
  artifactKey: Guid(0f4b828028ad4a940a4dbb2d434c7145) Importer(815301076,1909f56bfc062723c751e8b465ee728b)
Start importing Assets/SHarmid/Simple Icons - Classic/Sprites/Icons/icon-23.png using Guid(0f4b828028ad4a940a4dbb2d434c7145) Importer(815301076,1909f56bfc062723c751e8b465ee728b) [PhysX] Initialized MultithreadedTaskDispatcher with 16 workers.
[PhysX] Initialized MultithreadedTaskDispatcher with 16 workers.
 -> (artifact id: '579803cfdee98a55d12825aefb999a1a') in 0.016421 seconds
Number of updated asset objects reloaded before import = 0
Number of asset objects unloaded after import = 3
========================================================================
Received Import Request.
  Time since last request: 0.000026 seconds.
  path: Assets/SHarmid/Simple Icons - Classic/Sprites/Icons/icon-5.png
  artifactKey: Guid(30d115c4d13e17e46a572fef4aa8466b) Importer(815301076,1909f56bfc062723c751e8b465ee728b)
Start importing Assets/SHarmid/Simple Icons - Classic/Sprites/Icons/icon-5.png using Guid(30d115c4d13e17e46a572fef4aa8466b) Importer(815301076,1909f56bfc062723c751e8b465ee728b) [PhysX] Initialized MultithreadedTaskDispatcher with 16 workers.
[PhysX] Initialized MultithreadedTaskDispatcher with 16 workers.
 -> (artifact id: '8b0f1a39fb29d77256d9c64dd8638545') in 0.016045 seconds
Number of updated asset objects reloaded before import = 0
Number of asset objects unloaded after import = 3
========================================================================
Received Import Request.
  Time since last request: 0.000029 seconds.
  path: Assets/SHarmid/Simple Icons - Classic/Sprites/Icons/icon-6.png
  artifactKey: Guid(17ade554b2a72bd4a91257cb85e372a0) Importer(815301076,1909f56bfc062723c751e8b465ee728b)
Start importing Assets/SHarmid/Simple Icons - Classic/Sprites/Icons/icon-6.png using Guid(17ade554b2a72bd4a91257cb85e372a0) Importer(815301076,1909f56bfc062723c751e8b465ee728b) [PhysX] Initialized MultithreadedTaskDispatcher with 16 workers.
[PhysX] Initialized MultithreadedTaskDispatcher with 16 workers.
 -> (artifact id: 'cdb2d82e3b488a307e2a37b0e79ccecf') in 0.013583 seconds
Number of updated asset objects reloaded before import = 0
Number of asset objects unloaded after import = 3
========================================================================
Received Import Request.
  Time since last request: 0.000032 seconds.
  path: Assets/SHarmid/Simple Icons - Classic/Sprites/Icons/icon-34.png
  artifactKey: Guid(7bc7c16bb67836c418061337f820c72a) Importer(815301076,1909f56bfc062723c751e8b465ee728b)
Start importing Assets/SHarmid/Simple Icons - Classic/Sprites/Icons/icon-34.png using Guid(7bc7c16bb67836c418061337f820c72a) Importer(815301076,1909f56bfc062723c751e8b465ee728b) [PhysX] Initialized MultithreadedTaskDispatcher with 16 workers.
[PhysX] Initialized MultithreadedTaskDispatcher with 16 workers.
 -> (artifact id: '069eaef350c271c970eb45f405422de5') in 0.013482 seconds
Number of updated asset objects reloaded before import = 0
Number of asset objects unloaded after import = 3
========================================================================
Received Import Request.
  Time since last request: 0.000032 seconds.
  path: Assets/SHarmid/Simple Icons - Classic/Sprites/Icons/icon-13.png
  artifactKey: Guid(28eb161b786acda41a4d451bc12de2a3) Importer(815301076,1909f56bfc062723c751e8b465ee728b)
Start importing Assets/SHarmid/Simple Icons - Classic/Sprites/Icons/icon-13.png using Guid(28eb161b786acda41a4d451bc12de2a3) Importer(815301076,1909f56bfc062723c751e8b465ee728b) [PhysX] Initialized MultithreadedTaskDispatcher with 16 workers.
[PhysX] Initialized MultithreadedTaskDispatcher with 16 workers.
 -> (artifact id: 'c4eeb0408d7e378a0674a90e0ae76298') in 0.013011 seconds
Number of updated asset objects reloaded before import = 0
Number of asset objects unloaded after import = 3
========================================================================
Received Import Request.
  Time since last request: 0.000038 seconds.
  path: Assets/SHarmid/Simple Icons - Classic/Sprites/Icons/icon-30.png
  artifactKey: Guid(086c446dd61ce4540ac9f5564a2b0747) Importer(815301076,1909f56bfc062723c751e8b465ee728b)
Start importing Assets/SHarmid/Simple Icons - Classic/Sprites/Icons/icon-30.png using Guid(086c446dd61ce4540ac9f5564a2b0747) Importer(815301076,1909f56bfc062723c751e8b465ee728b) [PhysX] Initialized MultithreadedTaskDispatcher with 16 workers.
[PhysX] Initialized MultithreadedTaskDispatcher with 16 workers.
 -> (artifact id: '64d26e241724b5ee8eeb1b6197267e87') in 0.014531 seconds
Number of updated asset objects reloaded before import = 0
Number of asset objects unloaded after import = 3
========================================================================
Received Import Request.
  Time since last request: 0.000029 seconds.
  path: Assets/SHarmid/Simple Icons - Classic/Sprites/Icons/icon-26.png
  artifactKey: Guid(bf0abff57e633c042aabb08cd91c18a3) Importer(815301076,1909f56bfc062723c751e8b465ee728b)
Start importing Assets/SHarmid/Simple Icons - Classic/Sprites/Icons/icon-26.png using Guid(bf0abff57e633c042aabb08cd91c18a3) Importer(815301076,1909f56bfc062723c751e8b465ee728b) [PhysX] Initialized MultithreadedTaskDispatcher with 16 workers.
[PhysX] Initialized MultithreadedTaskDispatcher with 16 workers.
 -> (artifact id: '7e60966af3655fa490977114f277e6ed') in 0.012746 seconds
Number of updated asset objects reloaded before import = 0
Number of asset objects unloaded after import = 3
========================================================================
Received Import Request.
  Time since last request: 0.000040 seconds.
  path: Assets/SHarmid/Simple Icons - Classic/Sprites/Icons/icon-20.png
  artifactKey: Guid(86a415d234107244fa605c5ed2ecac3e) Importer(815301076,1909f56bfc062723c751e8b465ee728b)
Start importing Assets/SHarmid/Simple Icons - Classic/Sprites/Icons/icon-20.png using Guid(86a415d234107244fa605c5ed2ecac3e) Importer(815301076,1909f56bfc062723c751e8b465ee728b) [PhysX] Initialized MultithreadedTaskDispatcher with 16 workers.
[PhysX] Initialized MultithreadedTaskDispatcher with 16 workers.
 -> (artifact id: '51000db0cbf54574e92131923efb3113') in 0.012713 seconds
Number of updated asset objects reloaded before import = 0
Number of asset objects unloaded after import = 3
========================================================================
Received Import Request.
  Time since last request: 0.000025 seconds.
  path: Assets/SHarmid/Simple Icons - Classic/Sprites/Icons/icon-11.png
  artifactKey: Guid(42933a02e5378ce4fb2867e6deea2b3d) Importer(815301076,1909f56bfc062723c751e8b465ee728b)
Start importing Assets/SHarmid/Simple Icons - Classic/Sprites/Icons/icon-11.png using Guid(42933a02e5378ce4fb2867e6deea2b3d) Importer(815301076,1909f56bfc062723c751e8b465ee728b) [PhysX] Initialized MultithreadedTaskDispatcher with 16 workers.
[PhysX] Initialized MultithreadedTaskDispatcher with 16 workers.
 -> (artifact id: '5ab213828db9bb80e7cf348a464ee0fa') in 0.019116 seconds
Number of updated asset objects reloaded before import = 0
Number of asset objects unloaded after import = 3
========================================================================
Received Import Request.
  Time since last request: 0.000030 seconds.
  path: Assets/SHarmid/Simple Icons - Classic/Sprites/Icons/icon-24.png
  artifactKey: Guid(296bd2dd2ad6940409c0619d9c03737d) Importer(815301076,1909f56bfc062723c751e8b465ee728b)
Start importing Assets/SHarmid/Simple Icons - Classic/Sprites/Icons/icon-24.png using Guid(296bd2dd2ad6940409c0619d9c03737d) Importer(815301076,1909f56bfc062723c751e8b465ee728b) [PhysX] Initialized MultithreadedTaskDispatcher with 16 workers.
[PhysX] Initialized MultithreadedTaskDispatcher with 16 workers.
 -> (artifact id: '31e20e2001567c4b40e5163f7cee3269') in 0.015569 seconds
Number of updated asset objects reloaded before import = 0
Number of asset objects unloaded after import = 3
========================================================================
Received Import Request.
  Time since last request: 0.000025 seconds.
  path: Assets/SHarmid/Simple Icons - Classic/Sprites/Icons/icon-21.png
  artifactKey: Guid(7606bdca78acd9d43a2d0410edd81630) Importer(815301076,1909f56bfc062723c751e8b465ee728b)
Start importing Assets/SHarmid/Simple Icons - Classic/Sprites/Icons/icon-21.png using Guid(7606bdca78acd9d43a2d0410edd81630) Importer(815301076,1909f56bfc062723c751e8b465ee728b) [PhysX] Initialized MultithreadedTaskDispatcher with 16 workers.
[PhysX] Initialized MultithreadedTaskDispatcher with 16 workers.
 -> (artifact id: 'faacec47076d95b96c3d3cd3261e1d64') in 0.014566 seconds
Number of updated asset objects reloaded before import = 0
Number of asset objects unloaded after import = 3
========================================================================
Received Import Request.
  Time since last request: 0.000025 seconds.
  path: Assets/SHarmid/Simple Icons - Classic/Sprites/Icons/icon-31.png
  artifactKey: Guid(83aa423bb7b09f248b62c6d9efaf997a) Importer(815301076,1909f56bfc062723c751e8b465ee728b)
Start importing Assets/SHarmid/Simple Icons - Classic/Sprites/Icons/icon-31.png using Guid(83aa423bb7b09f248b62c6d9efaf997a) Importer(815301076,1909f56bfc062723c751e8b465ee728b) [PhysX] Initialized MultithreadedTaskDispatcher with 16 workers.
[PhysX] Initialized MultithreadedTaskDispatcher with 16 workers.
 -> (artifact id: '9eca4e26b0611313989327164d85e004') in 0.016298 seconds
Number of updated asset objects reloaded before import = 0
Number of asset objects unloaded after import = 3
========================================================================
Received Import Request.
  Time since last request: 0.000025 seconds.
  path: Assets/SHarmid/Simple Icons - Classic/Sprites/Icons/icon-32.png
  artifactKey: Guid(410010015b97bd34f8b7df7d7abdb39b) Importer(815301076,1909f56bfc062723c751e8b465ee728b)
Start importing Assets/SHarmid/Simple Icons - Classic/Sprites/Icons/icon-32.png using Guid(410010015b97bd34f8b7df7d7abdb39b) Importer(815301076,1909f56bfc062723c751e8b465ee728b) [PhysX] Initialized MultithreadedTaskDispatcher with 16 workers.
[PhysX] Initialized MultithreadedTaskDispatcher with 16 workers.
 -> (artifact id: 'c9db9a4282a90bb78d1394739937010c') in 0.017842 seconds
Number of updated asset objects reloaded before import = 0
Number of asset objects unloaded after import = 3
========================================================================
Received Import Request.
  Time since last request: 0.000027 seconds.
  path: Assets/SHarmid/Simple Icons - Classic/Sprites/Icons/icon-37.png
  artifactKey: Guid(6c403dbaebd549645814b204586ffb1d) Importer(815301076,1909f56bfc062723c751e8b465ee728b)
Start importing Assets/SHarmid/Simple Icons - Classic/Sprites/Icons/icon-37.png using Guid(6c403dbaebd549645814b204586ffb1d) Importer(815301076,1909f56bfc062723c751e8b465ee728b) [PhysX] Initialized MultithreadedTaskDispatcher with 16 workers.
[PhysX] Initialized MultithreadedTaskDispatcher with 16 workers.
 -> (artifact id: 'f80173b29a0827431f256e60afb4517d') in 0.016479 seconds
Number of updated asset objects reloaded before import = 0
Number of asset objects unloaded after import = 3
========================================================================
Received Import Request.
  Time since last request: 0.727723 seconds.
  path: Assets/SHarmid/Simple Icons - Classic/Sprites/Icons/icon-39.png
  artifactKey: Guid(812b8083a24372b4a84ec41698c6a41d) Importer(815301076,1909f56bfc062723c751e8b465ee728b)
Start importing Assets/SHarmid/Simple Icons - Classic/Sprites/Icons/icon-39.png using Guid(812b8083a24372b4a84ec41698c6a41d) Importer(815301076,1909f56bfc062723c751e8b465ee728b) [PhysX] Initialized MultithreadedTaskDispatcher with 16 workers.
[PhysX] Initialized MultithreadedTaskDispatcher with 16 workers.
 -> (artifact id: '6bc6c30314ee6c521b4f56854e26631b') in 0.015079 seconds
Number of updated asset objects reloaded before import = 0
Number of asset objects unloaded after import = 3
========================================================================
Received Import Request.
  Time since last request: 0.000025 seconds.
  path: Assets/SHarmid/Simple Icons - Classic/Sprites/Icons/icon-46.png
  artifactKey: Guid(8ad6773d083f1eb49a1a733b18aec95f) Importer(815301076,1909f56bfc062723c751e8b465ee728b)
Start importing Assets/SHarmid/Simple Icons - Classic/Sprites/Icons/icon-46.png using Guid(8ad6773d083f1eb49a1a733b18aec95f) Importer(815301076,1909f56bfc062723c751e8b465ee728b) [PhysX] Initialized MultithreadedTaskDispatcher with 16 workers.
[PhysX] Initialized MultithreadedTaskDispatcher with 16 workers.
 -> (artifact id: '5d6e2630b4461f0335078fca78220401') in 0.013258 seconds
Number of updated asset objects reloaded before import = 0
Number of asset objects unloaded after import = 3
========================================================================
Received Import Request.
  Time since last request: 0.000023 seconds.
  path: Assets/SHarmid/Simple Icons - Classic/Sprites/Icons/icon-42.png
  artifactKey: Guid(b28645315aacc7e4d87ac7c4b6a5814b) Importer(815301076,1909f56bfc062723c751e8b465ee728b)
Start importing Assets/SHarmid/Simple Icons - Classic/Sprites/Icons/icon-42.png using Guid(b28645315aacc7e4d87ac7c4b6a5814b) Importer(815301076,1909f56bfc062723c751e8b465ee728b) [PhysX] Initialized MultithreadedTaskDispatcher with 16 workers.
[PhysX] Initialized MultithreadedTaskDispatcher with 16 workers.
 -> (artifact id: 'b772b9012df80eeea6d1c9c326bae2b0') in 0.014145 seconds
Number of updated asset objects reloaded before import = 0
Number of asset objects unloaded after import = 3
========================================================================
Received Import Request.
  Time since last request: 0.000032 seconds.
  path: Assets/SHarmid/Simple Icons - Classic/Sprites/Icons/icon-48.png
  artifactKey: Guid(0983cd25e0a837f4ab4f11560a979c4a) Importer(815301076,1909f56bfc062723c751e8b465ee728b)
Start importing Assets/SHarmid/Simple Icons - Classic/Sprites/Icons/icon-48.png using Guid(0983cd25e0a837f4ab4f11560a979c4a) Importer(815301076,1909f56bfc062723c751e8b465ee728b) [PhysX] Initialized MultithreadedTaskDispatcher with 16 workers.
[PhysX] Initialized MultithreadedTaskDispatcher with 16 workers.
 -> (artifact id: 'b9818e3896e0382a09974251fe72100f') in 0.014393 seconds
Number of updated asset objects reloaded before import = 0
Number of asset objects unloaded after import = 3
========================================================================
Received Import Request.
  Time since last request: 0.000037 seconds.
  path: Assets/SHarmid/Simple Icons - Classic/Sprites/Icons/icon-41.png
  artifactKey: Guid(497e84c85c2630a41b21a08aadf4bedc) Importer(815301076,1909f56bfc062723c751e8b465ee728b)
Start importing Assets/SHarmid/Simple Icons - Classic/Sprites/Icons/icon-41.png using Guid(497e84c85c2630a41b21a08aadf4bedc) Importer(815301076,1909f56bfc062723c751e8b465ee728b) [PhysX] Initialized MultithreadedTaskDispatcher with 16 workers.
[PhysX] Initialized MultithreadedTaskDispatcher with 16 workers.
 -> (artifact id: '022fa217a5b32782ff27613a7f6a7bd5') in 0.018297 seconds
Number of updated asset objects reloaded before import = 0
Number of asset objects unloaded after import = 3
========================================================================
Received Import Request.
  Time since last request: 0.000046 seconds.
  path: Assets/SHarmid/Simple Icons - Classic/Sprites/Icons/icon-43.png
  artifactKey: Guid(cd3487d8b5f1a11429f236e141861a62) Importer(815301076,1909f56bfc062723c751e8b465ee728b)
Start importing Assets/SHarmid/Simple Icons - Classic/Sprites/Icons/icon-43.png using Guid(cd3487d8b5f1a11429f236e141861a62) Importer(815301076,1909f56bfc062723c751e8b465ee728b) [PhysX] Initialized MultithreadedTaskDispatcher with 16 workers.
[PhysX] Initialized MultithreadedTaskDispatcher with 16 workers.
 -> (artifact id: '34f1e2f916791f7cbc248fc05fa29ba7') in 0.014901 seconds
Number of updated asset objects reloaded before import = 0
Number of asset objects unloaded after import = 3
========================================================================
Received Import Request.
  Time since last request: 55.587962 seconds.
  path: Assets/TextMesh Pro/Shaders/TMPro.cginc
  artifactKey: Guid(407bc68d299748449bbf7f48ee690f8d) Importer(815301076,1909f56bfc062723c751e8b465ee728b)
Start importing Assets/TextMesh Pro/Shaders/TMPro.cginc using Guid(407bc68d299748449bbf7f48ee690f8d) Importer(815301076,1909f56bfc062723c751e8b465ee728b) [PhysX] Initialized MultithreadedTaskDispatcher with 16 workers.
 -> (artifact id: '86511dac7a0a896c0141fa71ff4c6be7') in 0.002531 seconds
Number of updated asset objects reloaded before import = 0
Number of asset objects unloaded after import = 1
========================================================================
Received Import Request.
  Time since last request: 0.000026 seconds.
  path: Assets/TextMesh Pro/Shaders/TMPro_Surface.cginc
  artifactKey: Guid(d930090c0cd643c7b55f19a38538c162) Importer(815301076,1909f56bfc062723c751e8b465ee728b)
Start importing Assets/TextMesh Pro/Shaders/TMPro_Surface.cginc using Guid(d930090c0cd643c7b55f19a38538c162) Importer(815301076,1909f56bfc062723c751e8b465ee728b) [PhysX] Initialized MultithreadedTaskDispatcher with 16 workers.
 -> (artifact id: 'cb46766cf45b261973a2199e1e131417') in 0.001588 seconds
Number of updated asset objects reloaded before import = 0
Number of asset objects unloaded after import = 1
Editor requested this worker to shutdown with reason: Scaling down because of idle timeout
TcpMessagingSession - receive error: operation aborted. errorcode: 995, details: The I/O operation has been aborted because of either a thread exit or an application request.
AssetImportWorker is now disconnected from the server
Process exiting
Exiting without the bug reporter. Application will terminate with return code 0