Using pre-set license
Built from '2022.3/staging' branch; Version is '2022.3.60f1 (5f63fdee6d95) revision 6251517'; Using compiler version '192829333'; Build Type 'Release'
OS: 'Windows 11  (10.0.26100) 64bit CoreSingleLanguage' Language: 'en' Physical Memory: 15754 MB
BatchMode: 1, IsHumanControllingUs: 0, StartBugReporterOnCrash: 0, Is64bit: 1, IsPro: 1

COMMAND LINE ARGUMENTS:
D:\2022.3.60f1\Editor\Unity.exe
-adb2
-batchMode
-noUpm
-name
AssetImportWorker7
-projectPath
D:/LTMCB/DoAn/NT106.P22.ANTT---Nhom-25
-logFile
Logs/AssetImportWorker7.log
-srvPort
49875
Successfully changed project path to: D:/LTMCB/DoAn/NT106.P22.ANTT---Nhom-25
D:/LTMCB/DoAn/NT106.P22.ANTT---Nhom-25
[UnityMemory] Configuration Parameters - Can be set up in boot.config
    "memorysetup-bucket-allocator-granularity=16"
    "memorysetup-bucket-allocator-bucket-count=8"
    "memorysetup-bucket-allocator-block-size=33554432"
    "memorysetup-bucket-allocator-block-count=8"
    "memorysetup-main-allocator-block-size=16777216"
    "memorysetup-thread-allocator-block-size=16777216"
    "memorysetup-gfx-main-allocator-block-size=16777216"
    "memorysetup-gfx-thread-allocator-block-size=16777216"
    "memorysetup-cache-allocator-block-size=4194304"
    "memorysetup-typetree-allocator-block-size=2097152"
    "memorysetup-profiler-bucket-allocator-granularity=16"
    "memorysetup-profiler-bucket-allocator-bucket-count=8"
    "memorysetup-profiler-bucket-allocator-block-size=33554432"
    "memorysetup-profiler-bucket-allocator-block-count=8"
    "memorysetup-profiler-allocator-block-size=16777216"
    "memorysetup-profiler-editor-allocator-block-size=1048576"
    "memorysetup-temp-allocator-size-main=16777216"
    "memorysetup-job-temp-allocator-block-size=2097152"
    "memorysetup-job-temp-allocator-block-size-background=1048576"
    "memorysetup-job-temp-allocator-reduction-small-platforms=262144"
    "memorysetup-allocator-temp-initial-block-size-main=262144"
    "memorysetup-allocator-temp-initial-block-size-worker=262144"
    "memorysetup-temp-allocator-size-background-worker=32768"
    "memorysetup-temp-allocator-size-job-worker=262144"
    "memorysetup-temp-allocator-size-preload-manager=33554432"
    "memorysetup-temp-allocator-size-nav-mesh-worker=65536"
    "memorysetup-temp-allocator-size-audio-worker=65536"
    "memorysetup-temp-allocator-size-cloud-worker=32768"
    "memorysetup-temp-allocator-size-gi-baking-worker=262144"
    "memorysetup-temp-allocator-size-gfx=262144"
Player connection [9732]  Target information:

Player connection [9732]  * "[IP] 192.168.137.1 [Port] 0 [Flags] 2 [Guid] 2833227985 [EditorId] 2833227985 [Version] 1048832 [Id] WindowsEditor(7,MSI) [Debug] 1 [PackageName] WindowsEditor [ProjectName] Editor" 

Player connection [9732]  * "[IP] 192.168.112.1 [Port] 0 [Flags] 2 [Guid] 2833227985 [EditorId] 2833227985 [Version] 1048832 [Id] WindowsEditor(7,MSI) [Debug] 1 [PackageName] WindowsEditor [ProjectName] Editor" 

Player connection [9732]  * "[IP] 10.0.96.239 [Port] 0 [Flags] 2 [Guid] 2833227985 [EditorId] 2833227985 [Version] 1048832 [Id] WindowsEditor(7,MSI) [Debug] 1 [PackageName] WindowsEditor [ProjectName] Editor" 

Player connection [9732] Host joined multi-casting on [225.0.0.222:54997]...
Player connection [9732] Host joined alternative multi-casting on [225.0.0.222:34997]...
Input System module state changed to: Initialized.
[PhysX] Initialized MultithreadedTaskDispatcher with 16 workers.
Refreshing native plugins compatible for Editor in 17.08 ms, found 4 plugins.
Preloading 0 native plugins for Editor in 0.00 ms.
Initialize engine version: 2022.3.60f1 (5f63fdee6d95)
[Subsystems] Discovering subsystems at path D:/2022.3.60f1/Editor/Data/Resources/UnitySubsystems
[Subsystems] Discovering subsystems at path D:/LTMCB/DoAn/NT106.P22.ANTT---Nhom-25/Assets
GfxDevice: creating device client; threaded=0; jobified=0
Direct3D:
    Version:  Direct3D 11.0 [level 11.1]
    Renderer: AMD Radeon RX 6600M (ID=0x73ff)
    Vendor:   ATI
    VRAM:     8136 MB
    Driver:   32.0.13031.3015
Initialize mono
Mono path[0] = 'D:/2022.3.60f1/Editor/Data/Managed'
Mono path[1] = 'D:/2022.3.60f1/Editor/Data/MonoBleedingEdge/lib/mono/unityjit-win32'
Mono config path = 'D:/2022.3.60f1/Editor/Data/MonoBleedingEdge/etc'
Using monoOptions --debugger-agent=transport=dt_socket,embedding=1,server=y,suspend=n,address=127.0.0.1:56956
Begin MonoManager ReloadAssembly
Registering precompiled unity dll's ...
Register platform support module: D:/2022.3.60f1/Editor/Data/PlaybackEngines/WindowsStandaloneSupport/UnityEditor.WindowsStandalone.Extensions.dll
Registered in 0.004834 seconds.
- Loaded All Assemblies, in  0.556 seconds
Native extension for WindowsStandalone target not found
Mono: successfully reloaded assembly
- Finished resetting the current domain, in  0.498 seconds
Domain Reload Profiling: 1054ms
	BeginReloadAssembly (173ms)
		ExecutionOrderSort (0ms)
		DisableScriptedObjects (0ms)
		BackupInstance (0ms)
		ReleaseScriptingObjects (0ms)
		CreateAndSetChildDomain (1ms)
	RebuildCommonClasses (58ms)
	RebuildNativeTypeToScriptingClass (16ms)
	initialDomainReloadingComplete (85ms)
	LoadAllAssembliesAndSetupDomain (223ms)
		LoadAssemblies (172ms)
		RebuildTransferFunctionScriptingTraits (0ms)
		AnalyzeDomain (220ms)
			TypeCache.Refresh (217ms)
				TypeCache.ScanAssembly (197ms)
			ScanForSourceGeneratedMonoScriptInfo (1ms)
			ResolveRequiredComponents (1ms)
	FinalizeReload (499ms)
		ReleaseScriptCaches (0ms)
		RebuildScriptCaches (0ms)
		SetupLoadedEditorAssemblies (415ms)
			LogAssemblyErrors (0ms)
			InitializePlatformSupportModulesInManaged (15ms)
			SetLoadedEditorAssemblies (14ms)
			RefreshPlugins (0ms)
			BeforeProcessingInitializeOnLoad (4ms)
			ProcessInitializeOnLoadAttributes (296ms)
			ProcessInitializeOnLoadMethodAttributes (86ms)
			AfterProcessingInitializeOnLoad (0ms)
			EditorAssembliesLoaded (0ms)
		ExecutionOrderSort2 (0ms)
		AwakeInstancesAfterBackupRestoration (0ms)
========================================================================
Worker process is ready to serve import requests
Caller must complete domain reload
Begin MonoManager ReloadAssembly
- Loaded All Assemblies, in  1.174 seconds
Native extension for WindowsStandalone target not found
Mono: successfully reloaded assembly
- Finished resetting the current domain, in  1.254 seconds
Domain Reload Profiling: 2428ms
	BeginReloadAssembly (241ms)
		ExecutionOrderSort (0ms)
		DisableScriptedObjects (9ms)
		BackupInstance (0ms)
		ReleaseScriptingObjects (0ms)
		CreateAndSetChildDomain (34ms)
	RebuildCommonClasses (61ms)
	RebuildNativeTypeToScriptingClass (17ms)
	initialDomainReloadingComplete (75ms)
	LoadAllAssembliesAndSetupDomain (780ms)
		LoadAssemblies (523ms)
		RebuildTransferFunctionScriptingTraits (0ms)
		AnalyzeDomain (388ms)
			TypeCache.Refresh (320ms)
				TypeCache.ScanAssembly (296ms)
			ScanForSourceGeneratedMonoScriptInfo (47ms)
			ResolveRequiredComponents (18ms)
	FinalizeReload (1255ms)
		ReleaseScriptCaches (0ms)
		RebuildScriptCaches (0ms)
		SetupLoadedEditorAssemblies (973ms)
			LogAssemblyErrors (0ms)
			InitializePlatformSupportModulesInManaged (8ms)
			SetLoadedEditorAssemblies (9ms)
			RefreshPlugins (0ms)
			BeforeProcessingInitializeOnLoad (145ms)
			ProcessInitializeOnLoadAttributes (638ms)
			ProcessInitializeOnLoadMethodAttributes (168ms)
			AfterProcessingInitializeOnLoad (4ms)
			EditorAssembliesLoaded (0ms)
		ExecutionOrderSort2 (0ms)
		AwakeInstancesAfterBackupRestoration (14ms)
Launched and connected shader compiler UnityShaderCompiler.exe after 0.10 seconds
Refreshing native plugins compatible for Editor in 6.07 ms, found 4 plugins.
Preloading 0 native plugins for Editor in 0.00 ms.
Unloading 5656 Unused Serialized files (Serialized files now loaded: 0)
Unloading 75 unused Assets / (3.6 MB). Loaded Objects now: 6087.
Memory consumption went from 218.8 MB to 215.2 MB.
Total: 9.055000 ms (FindLiveObjects: 0.674500 ms CreateObjectMapping: 0.521600 ms MarkObjects: 5.644000 ms  DeleteObjects: 2.212900 ms)

AssetImportParameters requested are different than current active one (requested -> active):
  custom:container-demuxer-ogg: 62fdf1f143b41e24485cea50d1cbac27 -> 
  custom:video-decoder-ogg-theora: a1e56fd34408186e4bbccfd4996cb3dc -> 
  custom:framework-win-MediaFoundation: 216162199b28c13a410421893ffa2e32 -> 
  custom:CustomObjectIndexerAttribute: 72b91833f83ae208fae7752999fa3104 -> 
  custom:container-demuxer-webm: 4f35f7cbe854078d1ac9338744f61a02 -> 
  custom:container-muxer-webm: aa71ff27fc2769a1b78a27578f13a17b -> 
  custom:video-decoder-webm-vp8: 9c59270c3fd7afecdb556c50c9e8de78 -> 
  custom:SearchIndexIgnoredProperties: e643bd26f0fe6173181afceb89e7c659 -> 
  custom:AudioImporter_EditorPlatform: d09bf68614088b80899f8185d706f6e7 -> 
  custom:video-encoder-webm-vp8: eb34c28f22e8b96e1ab97ce403110664 -> 
  custom:audio-decoder-ogg-vorbis: bf7c407c2cedff20999df2af8eb42d56 -> 
  custom:audio-encoder-webm-vorbis: bf7c407c2cedff20999df2af8eb42d56 -> 
========================================================================
Received Import Request.
  Time since last request: 6067.649720 seconds.
  path: Assets/SHarmid/Simple Icons - Classic/Sprites/Icons/icon-53.png
  artifactKey: Guid(6acf207cd39c1b94f9b61bfb85bc3202) Importer(815301076,1909f56bfc062723c751e8b465ee728b)
Start importing Assets/SHarmid/Simple Icons - Classic/Sprites/Icons/icon-53.png using Guid(6acf207cd39c1b94f9b61bfb85bc3202) Importer(815301076,1909f56bfc062723c751e8b465ee728b) [PhysX] Initialized MultithreadedTaskDispatcher with 16 workers.
[PhysX] Initialized MultithreadedTaskDispatcher with 16 workers.
 -> (artifact id: '527981ef58f72ed405c9eba31ae0a9e9') in 0.151602 seconds
Number of updated asset objects reloaded before import = 0
Number of asset objects unloaded after import = 3
========================================================================
Received Import Request.
  Time since last request: 0.000051 seconds.
  path: Assets/SHarmid/Simple Icons - Classic/Sprites/Icons/icon-78.png
  artifactKey: Guid(8547b6a061974f743b30f7a79fa7daab) Importer(815301076,1909f56bfc062723c751e8b465ee728b)
Start importing Assets/SHarmid/Simple Icons - Classic/Sprites/Icons/icon-78.png using Guid(8547b6a061974f743b30f7a79fa7daab) Importer(815301076,1909f56bfc062723c751e8b465ee728b) [PhysX] Initialized MultithreadedTaskDispatcher with 16 workers.
[PhysX] Initialized MultithreadedTaskDispatcher with 16 workers.
 -> (artifact id: 'b1fa863165cb0743fe2023e8e85c7092') in 0.013364 seconds
Number of updated asset objects reloaded before import = 0
Number of asset objects unloaded after import = 3
========================================================================
Received Import Request.
  Time since last request: 0.000026 seconds.
  path: Assets/SHarmid/Simple Icons - Classic/Sprites/Icons/icon-81.png
  artifactKey: Guid(4c50ee33ea7ab4540b0345198f4dbf81) Importer(815301076,1909f56bfc062723c751e8b465ee728b)
Start importing Assets/SHarmid/Simple Icons - Classic/Sprites/Icons/icon-81.png using Guid(4c50ee33ea7ab4540b0345198f4dbf81) Importer(815301076,1909f56bfc062723c751e8b465ee728b) [PhysX] Initialized MultithreadedTaskDispatcher with 16 workers.
[PhysX] Initialized MultithreadedTaskDispatcher with 16 workers.
 -> (artifact id: '035569d1bcaafa96c75aca9ff576fdbb') in 0.013622 seconds
Number of updated asset objects reloaded before import = 0
Number of asset objects unloaded after import = 3
========================================================================
Received Import Request.
  Time since last request: 0.000108 seconds.
  path: Assets/SHarmid/Simple Icons - Classic/Sprites/Icons/icon-72.png
  artifactKey: Guid(4db9983c907a9de40be8a38028a55d82) Importer(815301076,1909f56bfc062723c751e8b465ee728b)
Start importing Assets/SHarmid/Simple Icons - Classic/Sprites/Icons/icon-72.png using Guid(4db9983c907a9de40be8a38028a55d82) Importer(815301076,1909f56bfc062723c751e8b465ee728b) [PhysX] Initialized MultithreadedTaskDispatcher with 16 workers.
[PhysX] Initialized MultithreadedTaskDispatcher with 16 workers.
 -> (artifact id: '919e5436759b023cb0b143a0ab43f0fb') in 0.012286 seconds
Number of updated asset objects reloaded before import = 0
Number of asset objects unloaded after import = 3
========================================================================
Received Import Request.
  Time since last request: 0.000026 seconds.
  path: Assets/SHarmid/Simple Icons - Classic/Sprites/Icons/icon-71.png
  artifactKey: Guid(1dd88ab66039bdf4ea2ff75cb3f7b1b6) Importer(815301076,1909f56bfc062723c751e8b465ee728b)
Start importing Assets/SHarmid/Simple Icons - Classic/Sprites/Icons/icon-71.png using Guid(1dd88ab66039bdf4ea2ff75cb3f7b1b6) Importer(815301076,1909f56bfc062723c751e8b465ee728b) [PhysX] Initialized MultithreadedTaskDispatcher with 16 workers.
[PhysX] Initialized MultithreadedTaskDispatcher with 16 workers.
 -> (artifact id: '801fa52722f6202c101d165de928ad27') in 0.012807 seconds
Number of updated asset objects reloaded before import = 0
Number of asset objects unloaded after import = 3
========================================================================
Received Import Request.
  Time since last request: 0.000025 seconds.
  path: Assets/SHarmid/Simple Icons - Classic/Sprites/Icons/icon-59.png
  artifactKey: Guid(f5fe2314b9d0ebd4ea0179a94ac38dc7) Importer(815301076,1909f56bfc062723c751e8b465ee728b)
Start importing Assets/SHarmid/Simple Icons - Classic/Sprites/Icons/icon-59.png using Guid(f5fe2314b9d0ebd4ea0179a94ac38dc7) Importer(815301076,1909f56bfc062723c751e8b465ee728b) [PhysX] Initialized MultithreadedTaskDispatcher with 16 workers.
[PhysX] Initialized MultithreadedTaskDispatcher with 16 workers.
 -> (artifact id: '94772b11762ddc9c7a18185ebdc6b75d') in 0.014507 seconds
Number of updated asset objects reloaded before import = 0
Number of asset objects unloaded after import = 3
========================================================================
Received Import Request.
  Time since last request: 0.000025 seconds.
  path: Assets/SHarmid/Simple Icons - Classic/Sprites/Icons/icon-75.png
  artifactKey: Guid(9004816cc7e2e5b40b6c0dcf38ba9df0) Importer(815301076,1909f56bfc062723c751e8b465ee728b)
Start importing Assets/SHarmid/Simple Icons - Classic/Sprites/Icons/icon-75.png using Guid(9004816cc7e2e5b40b6c0dcf38ba9df0) Importer(815301076,1909f56bfc062723c751e8b465ee728b) [PhysX] Initialized MultithreadedTaskDispatcher with 16 workers.
[PhysX] Initialized MultithreadedTaskDispatcher with 16 workers.
 -> (artifact id: '903cffcddc2c53b22bc10e63c487e18f') in 0.014136 seconds
Number of updated asset objects reloaded before import = 0
Number of asset objects unloaded after import = 3
========================================================================
Received Import Request.
  Time since last request: 0.000026 seconds.
  path: Assets/SHarmid/Simple Icons - Classic/Sprites/Icons/icon-70.png
  artifactKey: Guid(3ede881339752cc4ba90b975a9617df9) Importer(815301076,1909f56bfc062723c751e8b465ee728b)
Start importing Assets/SHarmid/Simple Icons - Classic/Sprites/Icons/icon-70.png using Guid(3ede881339752cc4ba90b975a9617df9) Importer(815301076,1909f56bfc062723c751e8b465ee728b) [PhysX] Initialized MultithreadedTaskDispatcher with 16 workers.
[PhysX] Initialized MultithreadedTaskDispatcher with 16 workers.
 -> (artifact id: '05943daaac98178c38270b0ce83c8560') in 0.013265 seconds
Number of updated asset objects reloaded before import = 0
Number of asset objects unloaded after import = 3
========================================================================
Received Import Request.
  Time since last request: 0.000026 seconds.
  path: Assets/SHarmid/Simple Icons - Classic/Sprites/Icons/icon-55.png
  artifactKey: Guid(14409eab2b6f1b94eb596082cad93b40) Importer(815301076,1909f56bfc062723c751e8b465ee728b)
Start importing Assets/SHarmid/Simple Icons - Classic/Sprites/Icons/icon-55.png using Guid(14409eab2b6f1b94eb596082cad93b40) Importer(815301076,1909f56bfc062723c751e8b465ee728b) [PhysX] Initialized MultithreadedTaskDispatcher with 16 workers.
[PhysX] Initialized MultithreadedTaskDispatcher with 16 workers.
 -> (artifact id: '79a42b33d6a36967eeab6e5abe284eb5') in 0.013534 seconds
Number of updated asset objects reloaded before import = 0
Number of asset objects unloaded after import = 3
========================================================================
Received Import Request.
  Time since last request: 0.000027 seconds.
  path: Assets/SHarmid/Simple Icons - Classic/Sprites/Icons/icon-60.png
  artifactKey: Guid(9859d59d1f71cf24f8198c8bd5c51807) Importer(815301076,1909f56bfc062723c751e8b465ee728b)
Start importing Assets/SHarmid/Simple Icons - Classic/Sprites/Icons/icon-60.png using Guid(9859d59d1f71cf24f8198c8bd5c51807) Importer(815301076,1909f56bfc062723c751e8b465ee728b) [PhysX] Initialized MultithreadedTaskDispatcher with 16 workers.
[PhysX] Initialized MultithreadedTaskDispatcher with 16 workers.
 -> (artifact id: '8567163396189368ddca91dbd2bf3880') in 0.014414 seconds
Number of updated asset objects reloaded before import = 0
Number of asset objects unloaded after import = 3
========================================================================
Received Import Request.
  Time since last request: 0.000031 seconds.
  path: Assets/SHarmid/Simple Icons - Classic/Sprites/Icons/icon-83.png
  artifactKey: Guid(f5648bf3e33cd484db300d8900808401) Importer(815301076,1909f56bfc062723c751e8b465ee728b)
Start importing Assets/SHarmid/Simple Icons - Classic/Sprites/Icons/icon-83.png using Guid(f5648bf3e33cd484db300d8900808401) Importer(815301076,1909f56bfc062723c751e8b465ee728b) [PhysX] Initialized MultithreadedTaskDispatcher with 16 workers.
[PhysX] Initialized MultithreadedTaskDispatcher with 16 workers.
 -> (artifact id: '945b45003c57c34d29013b281ed6ef55') in 0.013686 seconds
Number of updated asset objects reloaded before import = 0
Number of asset objects unloaded after import = 3
========================================================================
Received Import Request.
  Time since last request: 0.000039 seconds.
  path: Assets/SHarmid/Simple Icons - Classic/Sprites/Icons/icon-51.png
  artifactKey: Guid(78120096ad715be46a9304b97a2c90da) Importer(815301076,1909f56bfc062723c751e8b465ee728b)
Start importing Assets/SHarmid/Simple Icons - Classic/Sprites/Icons/icon-51.png using Guid(78120096ad715be46a9304b97a2c90da) Importer(815301076,1909f56bfc062723c751e8b465ee728b) [PhysX] Initialized MultithreadedTaskDispatcher with 16 workers.
[PhysX] Initialized MultithreadedTaskDispatcher with 16 workers.
 -> (artifact id: 'c816dd372064973591e1e0410956b7d0') in 0.013289 seconds
Number of updated asset objects reloaded before import = 0
Number of asset objects unloaded after import = 3
========================================================================
Received Import Request.
  Time since last request: 0.000032 seconds.
  path: Assets/SHarmid/Simple Icons - Classic/Sprites/Icons/icon-54.png
  artifactKey: Guid(f4c163a8d89c36d4aa7fe50e79874e6c) Importer(815301076,1909f56bfc062723c751e8b465ee728b)
Start importing Assets/SHarmid/Simple Icons - Classic/Sprites/Icons/icon-54.png using Guid(f4c163a8d89c36d4aa7fe50e79874e6c) Importer(815301076,1909f56bfc062723c751e8b465ee728b) [PhysX] Initialized MultithreadedTaskDispatcher with 16 workers.
[PhysX] Initialized MultithreadedTaskDispatcher with 16 workers.
 -> (artifact id: '43f179c3e022584692d8e20548e6ddfe') in 0.013271 seconds
Number of updated asset objects reloaded before import = 0
Number of asset objects unloaded after import = 3
========================================================================
Received Import Request.
  Time since last request: 0.000025 seconds.
  path: Assets/SHarmid/Simple Icons - Classic/Sprites/Icons/icon-68.png
  artifactKey: Guid(185ff4a864b75b2468e444a75634e746) Importer(815301076,1909f56bfc062723c751e8b465ee728b)
Start importing Assets/SHarmid/Simple Icons - Classic/Sprites/Icons/icon-68.png using Guid(185ff4a864b75b2468e444a75634e746) Importer(815301076,1909f56bfc062723c751e8b465ee728b) [PhysX] Initialized MultithreadedTaskDispatcher with 16 workers.
[PhysX] Initialized MultithreadedTaskDispatcher with 16 workers.
 -> (artifact id: '4a86f92c4da3b3270f3cefe171050457') in 0.013655 seconds
Number of updated asset objects reloaded before import = 0
Number of asset objects unloaded after import = 3
========================================================================
Received Import Request.
  Time since last request: 0.000065 seconds.
  path: Assets/SHarmid/Simple Icons - Classic/Sprites/Icons/icon-67.png
  artifactKey: Guid(77de5fb7292be3d43b8acfa3a0d40fa3) Importer(815301076,1909f56bfc062723c751e8b465ee728b)
Start importing Assets/SHarmid/Simple Icons - Classic/Sprites/Icons/icon-67.png using Guid(77de5fb7292be3d43b8acfa3a0d40fa3) Importer(815301076,1909f56bfc062723c751e8b465ee728b) [PhysX] Initialized MultithreadedTaskDispatcher with 16 workers.
[PhysX] Initialized MultithreadedTaskDispatcher with 16 workers.
 -> (artifact id: '99e8e38da508ece93a67d1415d98deae') in 0.013003 seconds
Number of updated asset objects reloaded before import = 0
Number of asset objects unloaded after import = 3
========================================================================
Received Import Request.
  Time since last request: 0.000026 seconds.
  path: Assets/SHarmid/Simple Icons - Classic/Sprites/Icons/icon-58.png
  artifactKey: Guid(80160665a7427e942a373716395db396) Importer(815301076,1909f56bfc062723c751e8b465ee728b)
Start importing Assets/SHarmid/Simple Icons - Classic/Sprites/Icons/icon-58.png using Guid(80160665a7427e942a373716395db396) Importer(815301076,1909f56bfc062723c751e8b465ee728b) [PhysX] Initialized MultithreadedTaskDispatcher with 16 workers.
[PhysX] Initialized MultithreadedTaskDispatcher with 16 workers.
 -> (artifact id: '227561ad9a01e61519bb769ba37386b2') in 0.013074 seconds
Number of updated asset objects reloaded before import = 0
Number of asset objects unloaded after import = 3
========================================================================
Received Import Request.
  Time since last request: 0.000034 seconds.
  path: Assets/SHarmid/Simple Icons - Classic/Sprites/Icons/icon-79.png
  artifactKey: Guid(1874842025e734f44a4ba6157c320a8e) Importer(815301076,1909f56bfc062723c751e8b465ee728b)
Start importing Assets/SHarmid/Simple Icons - Classic/Sprites/Icons/icon-79.png using Guid(1874842025e734f44a4ba6157c320a8e) Importer(815301076,1909f56bfc062723c751e8b465ee728b) [PhysX] Initialized MultithreadedTaskDispatcher with 16 workers.
[PhysX] Initialized MultithreadedTaskDispatcher with 16 workers.
 -> (artifact id: '91e65066f88146c1969d2d22c0438024') in 0.013910 seconds
Number of updated asset objects reloaded before import = 0
Number of asset objects unloaded after import = 3
========================================================================
Received Import Request.
  Time since last request: 0.000027 seconds.
  path: Assets/SHarmid/Simple Icons - Classic/Sprites/Icons/icon-69.png
  artifactKey: Guid(841585b6b8a6d044bbc42c9040370d6e) Importer(815301076,1909f56bfc062723c751e8b465ee728b)
Start importing Assets/SHarmid/Simple Icons - Classic/Sprites/Icons/icon-69.png using Guid(841585b6b8a6d044bbc42c9040370d6e) Importer(815301076,1909f56bfc062723c751e8b465ee728b) [PhysX] Initialized MultithreadedTaskDispatcher with 16 workers.
[PhysX] Initialized MultithreadedTaskDispatcher with 16 workers.
 -> (artifact id: '3fa6187c2746d48b892dc5279b54b088') in 0.013581 seconds
Number of updated asset objects reloaded before import = 0
Number of asset objects unloaded after import = 3
========================================================================
Received Import Request.
  Time since last request: 1.593707 seconds.
  path: Assets/SHarmid/Simple Icons - Classic/Sprites/Icons/icon-87.png
  artifactKey: Guid(1785f4a64cec50b438a9432a2bd39638) Importer(815301076,1909f56bfc062723c751e8b465ee728b)
Start importing Assets/SHarmid/Simple Icons - Classic/Sprites/Icons/icon-87.png using Guid(1785f4a64cec50b438a9432a2bd39638) Importer(815301076,1909f56bfc062723c751e8b465ee728b) [PhysX] Initialized MultithreadedTaskDispatcher with 16 workers.
[PhysX] Initialized MultithreadedTaskDispatcher with 16 workers.
 -> (artifact id: 'd2f31b6bce20aab6236855e54475e91a') in 0.012443 seconds
Number of updated asset objects reloaded before import = 0
Number of asset objects unloaded after import = 3
========================================================================
Received Import Request.
  Time since last request: 0.000029 seconds.
  path: Assets/SHarmid/Simple Icons - Classic/Sprites/Icons/icon-89.png
  artifactKey: Guid(a5ebf5a0b484b5c47a49edc26fe9e647) Importer(815301076,1909f56bfc062723c751e8b465ee728b)
Start importing Assets/SHarmid/Simple Icons - Classic/Sprites/Icons/icon-89.png using Guid(a5ebf5a0b484b5c47a49edc26fe9e647) Importer(815301076,1909f56bfc062723c751e8b465ee728b) [PhysX] Initialized MultithreadedTaskDispatcher with 16 workers.
[PhysX] Initialized MultithreadedTaskDispatcher with 16 workers.
 -> (artifact id: '39baa10e9fea123c60e46a85af56a3d9') in 0.013192 seconds
Number of updated asset objects reloaded before import = 0
Number of asset objects unloaded after import = 3
========================================================================
Received Import Request.
  Time since last request: 0.000032 seconds.
  path: Assets/SHarmid/Simple Icons - Classic/Sprites/Icons/icon-88.png
  artifactKey: Guid(a6c3618a84e7d6648855b430e3f113b5) Importer(815301076,1909f56bfc062723c751e8b465ee728b)
Start importing Assets/SHarmid/Simple Icons - Classic/Sprites/Icons/icon-88.png using Guid(a6c3618a84e7d6648855b430e3f113b5) Importer(815301076,1909f56bfc062723c751e8b465ee728b) [PhysX] Initialized MultithreadedTaskDispatcher with 16 workers.
[PhysX] Initialized MultithreadedTaskDispatcher with 16 workers.
 -> (artifact id: 'beaa9f76bf0146670adacd4b79b80653') in 0.012898 seconds
Number of updated asset objects reloaded before import = 0
Number of asset objects unloaded after import = 3
