Using pre-set license
Built from '2022.3/staging' branch; Version is '2022.3.60f1 (5f63fdee6d95) revision 6251517'; Using compiler version '192829333'; Build Type 'Release'
OS: 'Windows 11  (10.0.26100) 64bit CoreSingleLanguage' Language: 'en' Physical Memory: 15754 MB
BatchMode: 1, IsHumanControllingUs: 0, StartBugReporterOnCrash: 0, Is64bit: 1, IsPro: 1

COMMAND LINE ARGUMENTS:
D:\2022.3.60f1\Editor\Unity.exe
-adb2
-batchMode
-noUpm
-name
AssetImportWorker8
-projectPath
D:/LTMCB/DoAn/NT106.P22.ANTT---Nhom-25
-logFile
Logs/AssetImportWorker8.log
-srvPort
49875
Successfully changed project path to: D:/LTMCB/DoAn/NT106.P22.ANTT---Nhom-25
D:/LTMCB/DoAn/NT106.P22.ANTT---Nhom-25
[UnityMemory] Configuration Parameters - Can be set up in boot.config
    "memorysetup-bucket-allocator-granularity=16"
    "memorysetup-bucket-allocator-bucket-count=8"
    "memorysetup-bucket-allocator-block-size=33554432"
    "memorysetup-bucket-allocator-block-count=8"
    "memorysetup-main-allocator-block-size=16777216"
    "memorysetup-thread-allocator-block-size=16777216"
    "memorysetup-gfx-main-allocator-block-size=16777216"
    "memorysetup-gfx-thread-allocator-block-size=16777216"
    "memorysetup-cache-allocator-block-size=4194304"
    "memorysetup-typetree-allocator-block-size=2097152"
    "memorysetup-profiler-bucket-allocator-granularity=16"
    "memorysetup-profiler-bucket-allocator-bucket-count=8"
    "memorysetup-profiler-bucket-allocator-block-size=33554432"
    "memorysetup-profiler-bucket-allocator-block-count=8"
    "memorysetup-profiler-allocator-block-size=16777216"
    "memorysetup-profiler-editor-allocator-block-size=1048576"
    "memorysetup-temp-allocator-size-main=16777216"
    "memorysetup-job-temp-allocator-block-size=2097152"
    "memorysetup-job-temp-allocator-block-size-background=1048576"
    "memorysetup-job-temp-allocator-reduction-small-platforms=262144"
    "memorysetup-allocator-temp-initial-block-size-main=262144"
    "memorysetup-allocator-temp-initial-block-size-worker=262144"
    "memorysetup-temp-allocator-size-background-worker=32768"
    "memorysetup-temp-allocator-size-job-worker=262144"
    "memorysetup-temp-allocator-size-preload-manager=33554432"
    "memorysetup-temp-allocator-size-nav-mesh-worker=65536"
    "memorysetup-temp-allocator-size-audio-worker=65536"
    "memorysetup-temp-allocator-size-cloud-worker=32768"
    "memorysetup-temp-allocator-size-gi-baking-worker=262144"
    "memorysetup-temp-allocator-size-gfx=262144"
Player connection [21228]  Target information:

Player connection [21228]  * "[IP] 192.168.137.1 [Port] 0 [Flags] 2 [Guid] 2640645864 [EditorId] 2640645864 [Version] 1048832 [Id] WindowsEditor(7,MSI) [Debug] 1 [PackageName] WindowsEditor [ProjectName] Editor" 

Player connection [21228]  * "[IP] 192.168.112.1 [Port] 0 [Flags] 2 [Guid] 2640645864 [EditorId] 2640645864 [Version] 1048832 [Id] WindowsEditor(7,MSI) [Debug] 1 [PackageName] WindowsEditor [ProjectName] Editor" 

Player connection [21228]  * "[IP] 10.0.96.239 [Port] 0 [Flags] 2 [Guid] 2640645864 [EditorId] 2640645864 [Version] 1048832 [Id] WindowsEditor(7,MSI) [Debug] 1 [PackageName] WindowsEditor [ProjectName] Editor" 

Player connection [21228] Host joined multi-casting on [225.0.0.222:54997]...
Player connection [21228] Host joined alternative multi-casting on [225.0.0.222:34997]...
Input System module state changed to: Initialized.
[PhysX] Initialized MultithreadedTaskDispatcher with 16 workers.
Refreshing native plugins compatible for Editor in 18.49 ms, found 4 plugins.
Preloading 0 native plugins for Editor in 0.00 ms.
Initialize engine version: 2022.3.60f1 (5f63fdee6d95)
[Subsystems] Discovering subsystems at path D:/2022.3.60f1/Editor/Data/Resources/UnitySubsystems
[Subsystems] Discovering subsystems at path D:/LTMCB/DoAn/NT106.P22.ANTT---Nhom-25/Assets
GfxDevice: creating device client; threaded=0; jobified=0
Direct3D:
    Version:  Direct3D 11.0 [level 11.1]
    Renderer: AMD Radeon RX 6600M (ID=0x73ff)
    Vendor:   ATI
    VRAM:     8136 MB
    Driver:   32.0.13031.3015
Initialize mono
Mono path[0] = 'D:/2022.3.60f1/Editor/Data/Managed'
Mono path[1] = 'D:/2022.3.60f1/Editor/Data/MonoBleedingEdge/lib/mono/unityjit-win32'
Mono config path = 'D:/2022.3.60f1/Editor/Data/MonoBleedingEdge/etc'
Using monoOptions --debugger-agent=transport=dt_socket,embedding=1,server=y,suspend=n,address=127.0.0.1:56524
Begin MonoManager ReloadAssembly
Registering precompiled unity dll's ...
Register platform support module: D:/2022.3.60f1/Editor/Data/PlaybackEngines/WindowsStandaloneSupport/UnityEditor.WindowsStandalone.Extensions.dll
Registered in 0.006252 seconds.
- Loaded All Assemblies, in  0.584 seconds
Native extension for WindowsStandalone target not found
Mono: successfully reloaded assembly
- Finished resetting the current domain, in  0.520 seconds
Domain Reload Profiling: 1104ms
	BeginReloadAssembly (174ms)
		ExecutionOrderSort (0ms)
		DisableScriptedObjects (0ms)
		BackupInstance (0ms)
		ReleaseScriptingObjects (0ms)
		CreateAndSetChildDomain (2ms)
	RebuildCommonClasses (63ms)
	RebuildNativeTypeToScriptingClass (19ms)
	initialDomainReloadingComplete (98ms)
	LoadAllAssembliesAndSetupDomain (230ms)
		LoadAssemblies (172ms)
		RebuildTransferFunctionScriptingTraits (0ms)
		AnalyzeDomain (227ms)
			TypeCache.Refresh (224ms)
				TypeCache.ScanAssembly (204ms)
			ScanForSourceGeneratedMonoScriptInfo (1ms)
			ResolveRequiredComponents (1ms)
	FinalizeReload (521ms)
		ReleaseScriptCaches (0ms)
		RebuildScriptCaches (0ms)
		SetupLoadedEditorAssemblies (433ms)
			LogAssemblyErrors (0ms)
			InitializePlatformSupportModulesInManaged (15ms)
			SetLoadedEditorAssemblies (16ms)
			RefreshPlugins (0ms)
			BeforeProcessingInitializeOnLoad (5ms)
			ProcessInitializeOnLoadAttributes (305ms)
			ProcessInitializeOnLoadMethodAttributes (92ms)
			AfterProcessingInitializeOnLoad (0ms)
			EditorAssembliesLoaded (0ms)
		ExecutionOrderSort2 (0ms)
		AwakeInstancesAfterBackupRestoration (0ms)
========================================================================
Worker process is ready to serve import requests
Caller must complete domain reload
Begin MonoManager ReloadAssembly
- Loaded All Assemblies, in  1.188 seconds
Native extension for WindowsStandalone target not found
Mono: successfully reloaded assembly
- Finished resetting the current domain, in  1.248 seconds
Domain Reload Profiling: 2436ms
	BeginReloadAssembly (263ms)
		ExecutionOrderSort (0ms)
		DisableScriptedObjects (9ms)
		BackupInstance (0ms)
		ReleaseScriptingObjects (0ms)
		CreateAndSetChildDomain (35ms)
	RebuildCommonClasses (69ms)
	RebuildNativeTypeToScriptingClass (21ms)
	initialDomainReloadingComplete (83ms)
	LoadAllAssembliesAndSetupDomain (751ms)
		LoadAssemblies (519ms)
		RebuildTransferFunctionScriptingTraits (0ms)
		AnalyzeDomain (393ms)
			TypeCache.Refresh (311ms)
				TypeCache.ScanAssembly (285ms)
			ScanForSourceGeneratedMonoScriptInfo (57ms)
			ResolveRequiredComponents (21ms)
	FinalizeReload (1249ms)
		ReleaseScriptCaches (0ms)
		RebuildScriptCaches (0ms)
		SetupLoadedEditorAssemblies (943ms)
			LogAssemblyErrors (0ms)
			InitializePlatformSupportModulesInManaged (10ms)
			SetLoadedEditorAssemblies (10ms)
			RefreshPlugins (0ms)
			BeforeProcessingInitializeOnLoad (150ms)
			ProcessInitializeOnLoadAttributes (611ms)
			ProcessInitializeOnLoadMethodAttributes (159ms)
			AfterProcessingInitializeOnLoad (4ms)
			EditorAssembliesLoaded (0ms)
		ExecutionOrderSort2 (0ms)
		AwakeInstancesAfterBackupRestoration (13ms)
Launched and connected shader compiler UnityShaderCompiler.exe after 0.10 seconds
Refreshing native plugins compatible for Editor in 5.50 ms, found 4 plugins.
Preloading 0 native plugins for Editor in 0.00 ms.
Unloading 5656 Unused Serialized files (Serialized files now loaded: 0)
Unloading 75 unused Assets / (3.6 MB). Loaded Objects now: 6087.
Memory consumption went from 218.8 MB to 215.2 MB.
Total: 10.014200 ms (FindLiveObjects: 0.554500 ms CreateObjectMapping: 0.325700 ms MarkObjects: 7.203200 ms  DeleteObjects: 1.928800 ms)

AssetImportParameters requested are different than current active one (requested -> active):
  custom:container-demuxer-ogg: 62fdf1f143b41e24485cea50d1cbac27 -> 
  custom:video-decoder-ogg-theora: a1e56fd34408186e4bbccfd4996cb3dc -> 
  custom:framework-win-MediaFoundation: 216162199b28c13a410421893ffa2e32 -> 
  custom:CustomObjectIndexerAttribute: 72b91833f83ae208fae7752999fa3104 -> 
  custom:container-demuxer-webm: 4f35f7cbe854078d1ac9338744f61a02 -> 
  custom:container-muxer-webm: aa71ff27fc2769a1b78a27578f13a17b -> 
  custom:video-decoder-webm-vp8: 9c59270c3fd7afecdb556c50c9e8de78 -> 
  custom:SearchIndexIgnoredProperties: e643bd26f0fe6173181afceb89e7c659 -> 
  custom:AudioImporter_EditorPlatform: d09bf68614088b80899f8185d706f6e7 -> 
  custom:video-encoder-webm-vp8: eb34c28f22e8b96e1ab97ce403110664 -> 
  custom:audio-decoder-ogg-vorbis: bf7c407c2cedff20999df2af8eb42d56 -> 
  custom:audio-encoder-webm-vorbis: bf7c407c2cedff20999df2af8eb42d56 -> 
========================================================================
Received Import Request.
  Time since last request: 6067.658169 seconds.
  path: Assets/SHarmid/Simple Icons - Classic/Sprites/Icons/icon-80.png
  artifactKey: Guid(3cf4fbf7b8c26134c82ca12e54dc7187) Importer(815301076,1909f56bfc062723c751e8b465ee728b)
Start importing Assets/SHarmid/Simple Icons - Classic/Sprites/Icons/icon-80.png using Guid(3cf4fbf7b8c26134c82ca12e54dc7187) Importer(815301076,1909f56bfc062723c751e8b465ee728b) [PhysX] Initialized MultithreadedTaskDispatcher with 16 workers.
[PhysX] Initialized MultithreadedTaskDispatcher with 16 workers.
 -> (artifact id: '7d8f0b5873184e23122edac5b25b5e75') in 0.146656 seconds
Number of updated asset objects reloaded before import = 0
Number of asset objects unloaded after import = 3
========================================================================
Received Import Request.
  Time since last request: 0.000152 seconds.
  path: Assets/SHarmid/Simple Icons - Classic/Sprites/Icons/icon-66.png
  artifactKey: Guid(675209a314ab14a47a64e63d3923cd71) Importer(815301076,1909f56bfc062723c751e8b465ee728b)
Start importing Assets/SHarmid/Simple Icons - Classic/Sprites/Icons/icon-66.png using Guid(675209a314ab14a47a64e63d3923cd71) Importer(815301076,1909f56bfc062723c751e8b465ee728b) [PhysX] Initialized MultithreadedTaskDispatcher with 16 workers.
[PhysX] Initialized MultithreadedTaskDispatcher with 16 workers.
 -> (artifact id: '721f4c8e4363b31d56b2f05483541000') in 0.012351 seconds
Number of updated asset objects reloaded before import = 0
Number of asset objects unloaded after import = 3
========================================================================
Received Import Request.
  Time since last request: 0.000027 seconds.
  path: Assets/SHarmid/Simple Icons - Classic/Sprites/Icons/icon-65.png
  artifactKey: Guid(debb4d4882135a34182fc003aaba0481) Importer(815301076,1909f56bfc062723c751e8b465ee728b)
Start importing Assets/SHarmid/Simple Icons - Classic/Sprites/Icons/icon-65.png using Guid(debb4d4882135a34182fc003aaba0481) Importer(815301076,1909f56bfc062723c751e8b465ee728b) [PhysX] Initialized MultithreadedTaskDispatcher with 16 workers.
[PhysX] Initialized MultithreadedTaskDispatcher with 16 workers.
 -> (artifact id: '33dcf6ca3e69f602fab2eac3a3e24013') in 0.013576 seconds
Number of updated asset objects reloaded before import = 0
Number of asset objects unloaded after import = 3
========================================================================
Received Import Request.
  Time since last request: 0.000030 seconds.
  path: Assets/SHarmid/Simple Icons - Classic/Sprites/Icons/icon-64.png
  artifactKey: Guid(af019c877cfd47f47877d4ce48d6dd99) Importer(815301076,1909f56bfc062723c751e8b465ee728b)
Start importing Assets/SHarmid/Simple Icons - Classic/Sprites/Icons/icon-64.png using Guid(af019c877cfd47f47877d4ce48d6dd99) Importer(815301076,1909f56bfc062723c751e8b465ee728b) [PhysX] Initialized MultithreadedTaskDispatcher with 16 workers.
[PhysX] Initialized MultithreadedTaskDispatcher with 16 workers.
 -> (artifact id: 'f5905f478ca31d1995f0e4e331967268') in 0.013318 seconds
Number of updated asset objects reloaded before import = 0
Number of asset objects unloaded after import = 3
========================================================================
Received Import Request.
  Time since last request: 0.000026 seconds.
  path: Assets/SHarmid/Simple Icons - Classic/Sprites/Icons/icon-61.png
  artifactKey: Guid(3f678c41bdf3b9541be96bfd6527977e) Importer(815301076,1909f56bfc062723c751e8b465ee728b)
Start importing Assets/SHarmid/Simple Icons - Classic/Sprites/Icons/icon-61.png using Guid(3f678c41bdf3b9541be96bfd6527977e) Importer(815301076,1909f56bfc062723c751e8b465ee728b) [PhysX] Initialized MultithreadedTaskDispatcher with 16 workers.
[PhysX] Initialized MultithreadedTaskDispatcher with 16 workers.
 -> (artifact id: 'f794364d70b605687439f11f93ee90d9') in 0.013866 seconds
Number of updated asset objects reloaded before import = 0
Number of asset objects unloaded after import = 3
========================================================================
Received Import Request.
  Time since last request: 0.000026 seconds.
  path: Assets/SHarmid/Simple Icons - Classic/Sprites/Icons/icon-74.png
  artifactKey: Guid(bad05cb6a49de8044a6eeb468c23201c) Importer(815301076,1909f56bfc062723c751e8b465ee728b)
Start importing Assets/SHarmid/Simple Icons - Classic/Sprites/Icons/icon-74.png using Guid(bad05cb6a49de8044a6eeb468c23201c) Importer(815301076,1909f56bfc062723c751e8b465ee728b) [PhysX] Initialized MultithreadedTaskDispatcher with 16 workers.
[PhysX] Initialized MultithreadedTaskDispatcher with 16 workers.
 -> (artifact id: 'a61c740b411f0563d77d8c65f275c3d6') in 0.012782 seconds
Number of updated asset objects reloaded before import = 0
Number of asset objects unloaded after import = 3
========================================================================
Received Import Request.
  Time since last request: 0.000026 seconds.
  path: Assets/SHarmid/Simple Icons - Classic/Sprites/Icons/icon-56.png
  artifactKey: Guid(22366361abef09e4d902084db654f356) Importer(815301076,1909f56bfc062723c751e8b465ee728b)
Start importing Assets/SHarmid/Simple Icons - Classic/Sprites/Icons/icon-56.png using Guid(22366361abef09e4d902084db654f356) Importer(815301076,1909f56bfc062723c751e8b465ee728b) [PhysX] Initialized MultithreadedTaskDispatcher with 16 workers.
[PhysX] Initialized MultithreadedTaskDispatcher with 16 workers.
 -> (artifact id: '1797a397b5c5d700b21ef92238a4531e') in 0.013547 seconds
Number of updated asset objects reloaded before import = 0
Number of asset objects unloaded after import = 3
========================================================================
Received Import Request.
  Time since last request: 0.000024 seconds.
  path: Assets/SHarmid/Simple Icons - Classic/Sprites/Icons/icon-52.png
  artifactKey: Guid(2797150ebea2be64492d05138a0a289c) Importer(815301076,1909f56bfc062723c751e8b465ee728b)
Start importing Assets/SHarmid/Simple Icons - Classic/Sprites/Icons/icon-52.png using Guid(2797150ebea2be64492d05138a0a289c) Importer(815301076,1909f56bfc062723c751e8b465ee728b) [PhysX] Initialized MultithreadedTaskDispatcher with 16 workers.
[PhysX] Initialized MultithreadedTaskDispatcher with 16 workers.
 -> (artifact id: '50fd1772e5c8a6c16417671a6f4bf3b8') in 0.013378 seconds
Number of updated asset objects reloaded before import = 0
Number of asset objects unloaded after import = 3
========================================================================
Received Import Request.
  Time since last request: 0.000026 seconds.
  path: Assets/SHarmid/Simple Icons - Classic/Sprites/Icons/icon-77.png
  artifactKey: Guid(41f924cf170952b4d883f9ed87ed3789) Importer(815301076,1909f56bfc062723c751e8b465ee728b)
Start importing Assets/SHarmid/Simple Icons - Classic/Sprites/Icons/icon-77.png using Guid(41f924cf170952b4d883f9ed87ed3789) Importer(815301076,1909f56bfc062723c751e8b465ee728b) [PhysX] Initialized MultithreadedTaskDispatcher with 16 workers.
[PhysX] Initialized MultithreadedTaskDispatcher with 16 workers.
 -> (artifact id: '202acd828d39148812afbe703936b4d8') in 0.013796 seconds
Number of updated asset objects reloaded before import = 0
Number of asset objects unloaded after import = 3
========================================================================
Received Import Request.
  Time since last request: 0.000026 seconds.
  path: Assets/SHarmid/Simple Icons - Classic/Sprites/Icons/icon-57.png
  artifactKey: Guid(3d86760468640dd42beecad97c8ac9e8) Importer(815301076,1909f56bfc062723c751e8b465ee728b)
Start importing Assets/SHarmid/Simple Icons - Classic/Sprites/Icons/icon-57.png using Guid(3d86760468640dd42beecad97c8ac9e8) Importer(815301076,1909f56bfc062723c751e8b465ee728b) [PhysX] Initialized MultithreadedTaskDispatcher with 16 workers.
[PhysX] Initialized MultithreadedTaskDispatcher with 16 workers.
 -> (artifact id: '1c1868e0fb3dff04cfca6d6323e92d28') in 0.012832 seconds
Number of updated asset objects reloaded before import = 0
Number of asset objects unloaded after import = 3
========================================================================
Received Import Request.
  Time since last request: 0.000031 seconds.
  path: Assets/SHarmid/Simple Icons - Classic/Sprites/Icons/icon-85.png
  artifactKey: Guid(ffa28252ff7dca54ab020638475ef4f2) Importer(815301076,1909f56bfc062723c751e8b465ee728b)
Start importing Assets/SHarmid/Simple Icons - Classic/Sprites/Icons/icon-85.png using Guid(ffa28252ff7dca54ab020638475ef4f2) Importer(815301076,1909f56bfc062723c751e8b465ee728b) [PhysX] Initialized MultithreadedTaskDispatcher with 16 workers.
[PhysX] Initialized MultithreadedTaskDispatcher with 16 workers.
 -> (artifact id: '06f3fdb2609430cb716b087786b1a684') in 0.013574 seconds
Number of updated asset objects reloaded before import = 0
Number of asset objects unloaded after import = 3
========================================================================
Received Import Request.
  Time since last request: 0.000040 seconds.
  path: Assets/SHarmid/Simple Icons - Classic/Sprites/Icons/icon-76.png
  artifactKey: Guid(20aec664dacbe7d4f8cd41275e27a316) Importer(815301076,1909f56bfc062723c751e8b465ee728b)
Start importing Assets/SHarmid/Simple Icons - Classic/Sprites/Icons/icon-76.png using Guid(20aec664dacbe7d4f8cd41275e27a316) Importer(815301076,1909f56bfc062723c751e8b465ee728b) [PhysX] Initialized MultithreadedTaskDispatcher with 16 workers.
[PhysX] Initialized MultithreadedTaskDispatcher with 16 workers.
 -> (artifact id: '6de64962393adc0785964a78def173f1') in 0.015555 seconds
Number of updated asset objects reloaded before import = 0
Number of asset objects unloaded after import = 3
========================================================================
Received Import Request.
  Time since last request: 0.000025 seconds.
  path: Assets/SHarmid/Simple Icons - Classic/Sprites/Icons/icon-50.png
  artifactKey: Guid(d514b8f39a76d3641b7fc4473ed69782) Importer(815301076,1909f56bfc062723c751e8b465ee728b)
Start importing Assets/SHarmid/Simple Icons - Classic/Sprites/Icons/icon-50.png using Guid(d514b8f39a76d3641b7fc4473ed69782) Importer(815301076,1909f56bfc062723c751e8b465ee728b) [PhysX] Initialized MultithreadedTaskDispatcher with 16 workers.
[PhysX] Initialized MultithreadedTaskDispatcher with 16 workers.
 -> (artifact id: '3ef1a35614e709e9d7be4c0f42236da6') in 0.013012 seconds
Number of updated asset objects reloaded before import = 0
Number of asset objects unloaded after import = 3
========================================================================
Received Import Request.
  Time since last request: 0.000025 seconds.
  path: Assets/SHarmid/Simple Icons - Classic/Sprites/Icons/icon-84.png
  artifactKey: Guid(6478f377fa7dc2b478cce887538022fe) Importer(815301076,1909f56bfc062723c751e8b465ee728b)
Start importing Assets/SHarmid/Simple Icons - Classic/Sprites/Icons/icon-84.png using Guid(6478f377fa7dc2b478cce887538022fe) Importer(815301076,1909f56bfc062723c751e8b465ee728b) [PhysX] Initialized MultithreadedTaskDispatcher with 16 workers.
[PhysX] Initialized MultithreadedTaskDispatcher with 16 workers.
 -> (artifact id: 'dd3ab1b6909c204ba22ee6b42c8550fb') in 0.013399 seconds
Number of updated asset objects reloaded before import = 0
Number of asset objects unloaded after import = 3
========================================================================
Received Import Request.
  Time since last request: 0.000068 seconds.
  path: Assets/SHarmid/Simple Icons - Classic/Sprites/Icons/icon-82.png
  artifactKey: Guid(e7f68d1813c8ade42b3265ae7cb8380d) Importer(815301076,1909f56bfc062723c751e8b465ee728b)
Start importing Assets/SHarmid/Simple Icons - Classic/Sprites/Icons/icon-82.png using Guid(e7f68d1813c8ade42b3265ae7cb8380d) Importer(815301076,1909f56bfc062723c751e8b465ee728b) [PhysX] Initialized MultithreadedTaskDispatcher with 16 workers.
[PhysX] Initialized MultithreadedTaskDispatcher with 16 workers.
 -> (artifact id: 'b6c426da2f968103ba4ee63e46febbf4') in 0.013361 seconds
Number of updated asset objects reloaded before import = 0
Number of asset objects unloaded after import = 3
========================================================================
Received Import Request.
  Time since last request: 0.000025 seconds.
  path: Assets/SHarmid/Simple Icons - Classic/Sprites/Icons/icon-63.png
  artifactKey: Guid(00370698ae5f8c945b30ed1dbab53599) Importer(815301076,1909f56bfc062723c751e8b465ee728b)
Start importing Assets/SHarmid/Simple Icons - Classic/Sprites/Icons/icon-63.png using Guid(00370698ae5f8c945b30ed1dbab53599) Importer(815301076,1909f56bfc062723c751e8b465ee728b) [PhysX] Initialized MultithreadedTaskDispatcher with 16 workers.
[PhysX] Initialized MultithreadedTaskDispatcher with 16 workers.
 -> (artifact id: '05dae5879d5d71c9b9520125bb980887') in 0.013267 seconds
Number of updated asset objects reloaded before import = 0
Number of asset objects unloaded after import = 3
========================================================================
Received Import Request.
  Time since last request: 0.000034 seconds.
  path: Assets/SHarmid/Simple Icons - Classic/Sprites/Icons/icon-62.png
  artifactKey: Guid(53e687ad7ac5b0345b6501541d1567ba) Importer(815301076,1909f56bfc062723c751e8b465ee728b)
Start importing Assets/SHarmid/Simple Icons - Classic/Sprites/Icons/icon-62.png using Guid(53e687ad7ac5b0345b6501541d1567ba) Importer(815301076,1909f56bfc062723c751e8b465ee728b) [PhysX] Initialized MultithreadedTaskDispatcher with 16 workers.
[PhysX] Initialized MultithreadedTaskDispatcher with 16 workers.
 -> (artifact id: 'e0fd740c393cc0034fe6b42be9b6f7d3') in 0.013152 seconds
Number of updated asset objects reloaded before import = 0
Number of asset objects unloaded after import = 3
========================================================================
Received Import Request.
  Time since last request: 0.000026 seconds.
  path: Assets/SHarmid/Simple Icons - Classic/Sprites/Icons/icon-73.png
  artifactKey: Guid(b1bc14152c59204419eaaf3988e2cd7a) Importer(815301076,1909f56bfc062723c751e8b465ee728b)
Start importing Assets/SHarmid/Simple Icons - Classic/Sprites/Icons/icon-73.png using Guid(b1bc14152c59204419eaaf3988e2cd7a) Importer(815301076,1909f56bfc062723c751e8b465ee728b) [PhysX] Initialized MultithreadedTaskDispatcher with 16 workers.
[PhysX] Initialized MultithreadedTaskDispatcher with 16 workers.
 -> (artifact id: 'ee714c3032d4a8f53138806be001c4e9') in 0.012579 seconds
Number of updated asset objects reloaded before import = 0
Number of asset objects unloaded after import = 3
========================================================================
Received Import Request.
  Time since last request: 1.578573 seconds.
  path: Assets/SHarmid/Simple Icons - Classic/Sprites/Icons/icon-86.png
  artifactKey: Guid(8e8383b08743b2f42925565ab8979ab1) Importer(815301076,1909f56bfc062723c751e8b465ee728b)
Start importing Assets/SHarmid/Simple Icons - Classic/Sprites/Icons/icon-86.png using Guid(8e8383b08743b2f42925565ab8979ab1) Importer(815301076,1909f56bfc062723c751e8b465ee728b) [PhysX] Initialized MultithreadedTaskDispatcher with 16 workers.
[PhysX] Initialized MultithreadedTaskDispatcher with 16 workers.
 -> (artifact id: '7c5057270538e10b3b35b4c6f93e8cbc') in 0.012911 seconds
Number of updated asset objects reloaded before import = 0
Number of asset objects unloaded after import = 3
========================================================================
Received Import Request.
  Time since last request: 0.000028 seconds.
  path: Assets/SHarmid/Simple Icons - Classic/Sprites/Icons/icon-90.png
  artifactKey: Guid(234dadbd17f9bfa4cb353f78ecd1caae) Importer(815301076,1909f56bfc062723c751e8b465ee728b)
Start importing Assets/SHarmid/Simple Icons - Classic/Sprites/Icons/icon-90.png using Guid(234dadbd17f9bfa4cb353f78ecd1caae) Importer(815301076,1909f56bfc062723c751e8b465ee728b) [PhysX] Initialized MultithreadedTaskDispatcher with 16 workers.
[PhysX] Initialized MultithreadedTaskDispatcher with 16 workers.
 -> (artifact id: '388fd9d5597774702611e6827629c0d7') in 0.013594 seconds
Number of updated asset objects reloaded before import = 0
Number of asset objects unloaded after import = 3
========================================================================
Received Import Request.
  Time since last request: 387.037506 seconds.
  path: Assets/Textures/MeoNo.png
  artifactKey: Guid(4bde2ac27548eb34b97cb181997fb333) Importer(815301076,1909f56bfc062723c751e8b465ee728b)
Start importing Assets/Textures/MeoNo.png using Guid(4bde2ac27548eb34b97cb181997fb333) Importer(815301076,1909f56bfc062723c751e8b465ee728b) [PhysX] Initialized MultithreadedTaskDispatcher with 16 workers.
[PhysX] Initialized MultithreadedTaskDispatcher with 16 workers.
 -> (artifact id: '8b22c475f08cd24048823300f03a29a5') in 0.017069 seconds
Number of updated asset objects reloaded before import = 0
Number of asset objects unloaded after import = 3
